2025-05-14 08:30:11 error: [GET] /building >> StatusCode:: 500, Message:: Cannot read properties of undefined (reading 'split')
2025-05-14 08:30:11 error: [GET] /building >> StatusCode:: 500, Message:: Cannot read properties of undefined (reading 'split')
2025-05-14 14:05:52 error: [POST] /building >> StatusCode:: 500, Message:: Building validation failed: totalUnits: Building must have at least 1 unit, constructionType: `` is not a valid enum value for path `constructionType`.
2025-05-14 14:06:04 error: [POST] /building >> StatusCode:: 500, Message:: Building validation failed: totalUnits: Building must have at least 1 unit, constructionType: `` is not a valid enum value for path `constructionType`.
2025-05-14 14:06:24 error: [POST] /building >> StatusCode:: 500, Message:: Building validation failed: totalUnits: Building must have at least 1 unit, constructionType: `` is not a valid enum value for path `constructionType`.
2025-05-14 14:06:27 error: [POST] /building >> StatusCode:: 500, Message:: Building validation failed: totalUnits: Building must have at least 1 unit, constructionType: `` is not a valid enum value for path `constructionType`.
2025-05-14 18:10:40 error: [POST] /auth/login >> StatusCode:: 409, Message:: Password is not matching
2025-05-14 18:10:56 error: [GET] /building >> StatusCode:: 500, Message:: Cannot read properties of undefined (reading 'split')
2025-05-14 18:17:59 error: [GET] /building >> StatusCode:: 500, Message:: Cannot read properties of undefined (reading 'split')
2025-05-14 18:18:13 error: [GET] /building >> StatusCode:: 500, Message:: Cannot read properties of undefined (reading 'split')
2025-05-14 18:18:18 error: [GET] /building >> StatusCode:: 500, Message:: Cannot read properties of undefined (reading 'split')
2025-05-14 18:18:40 error: [GET] /building >> StatusCode:: 500, Message:: Cannot read properties of undefined (reading 'split')
2025-05-14 18:24:07 error: [GET] /building >> StatusCode:: 500, Message:: Cannot read properties of undefined (reading 'split')
2025-05-14 18:32:56 error: [GET] /building >> StatusCode:: 500, Message:: Cannot read properties of undefined (reading 'split')
2025-05-14 18:37:20 error: [GET] /building >> StatusCode:: 500, Message:: Cannot read properties of undefined (reading 'split')
2025-05-14 18:43:58 error: [GET] /building >> StatusCode:: 500, Message:: Cannot read properties of undefined (reading 'split')
2025-05-14 18:44:19 error: [GET] /building >> StatusCode:: 500, Message:: Cannot read properties of undefined (reading 'split')
2025-05-14 18:58:29 error: [GET] /building >> StatusCode:: 500, Message:: invalid token
2025-05-14 19:02:25 error: [POST] /auth/login >> StatusCode:: 500, Message:: Something went wrong
2025-05-14 19:03:28 error: [GET] /building >> StatusCode:: 500, Message:: invalid token
2025-05-14 19:03:33 error: [GET] /building >> StatusCode:: 500, Message:: invalid token
2025-05-14 19:03:37 error: [GET] /building >> StatusCode:: 500, Message:: invalid token
2025-05-14 19:04:04 error: [GET] /building >> StatusCode:: 500, Message:: invalid token
2025-05-14 19:08:40 error: [GET] /tenant >> StatusCode:: 500, Message:: Cannot read properties of undefined (reading 'split')
2025-05-14 19:09:45 error: [GET] /tenant >> StatusCode:: 500, Message:: Cannot read properties of undefined (reading 'split')
2025-05-14 19:13:41 error: [GET] /Apartment >> StatusCode:: 500, Message:: Cannot read properties of undefined (reading 'split')
2025-05-14 19:15:58 error: [GET] /tenant >> StatusCode:: 500, Message:: Cannot read properties of undefined (reading 'split')
2025-05-14 19:16:50 error: [GET] /Building/6822e35ee18ae3ac39ded3b4 >> StatusCode:: 500, Message:: Cannot read properties of undefined (reading 'split')
2025-05-14 19:17:59 error: [GET] /tenant >> StatusCode:: 500, Message:: Cannot read properties of undefined (reading 'split')
2025-05-14 19:25:14 error: [GET] /building >> StatusCode:: 500, Message:: invalid token
2025-05-14 19:25:14 error: [GET] /building >> StatusCode:: 500, Message:: invalid token
2025-05-14 19:26:28 error: [GET] /building >> StatusCode:: 500, Message:: invalid token
2025-05-14 19:26:28 error: [GET] /building >> StatusCode:: 500, Message:: invalid token
2025-05-14 19:26:36 error: [GET] /building >> StatusCode:: 500, Message:: invalid token
2025-05-14 19:26:36 error: [GET] /building >> StatusCode:: 500, Message:: invalid token
2025-05-14 19:26:43 error: [GET] /building >> StatusCode:: 500, Message:: Cannot read properties of undefined (reading 'split')
2025-05-14 19:51:40 error: [POST] /auth/login >> StatusCode:: 500, Message:: Something went wrong
2025-05-14 19:52:11 error: [GET] /building >> StatusCode:: 500, Message:: invalid token
2025-05-14 19:52:57 error: [GET] /building >> StatusCode:: 500, Message:: invalid token
2025-05-14 19:53:49 error: [GET] /building >> StatusCode:: 500, Message:: invalid token
2025-05-14 19:58:03 error: [POST] /Apartment >> StatusCode:: 500, Message:: Apartment validation failed: utilitiesIncluded: Path `utilitiesIncluded` is required.
2025-05-14 20:10:51 error: [POST] /Apartment >> StatusCode:: 500, Message:: Apartment validation failed: description: Path `description` is required.
