2024-10-28 03:32:21 info: =================================
2024-10-28 03:32:21 info: ======= ENV: development =======
2024-10-28 03:32:21 info: 🚀 App listening on the port 5601
2024-10-28 03:32:21 info: =================================
2024-10-28 03:32:31 info: [0mGET / [33m404[0m 3.218 ms - 139[0m
2024-10-28 03:32:35 info: [0mGET /api-docs/ [36m304[0m 2.386 ms - -[0m
2024-10-28 03:32:35 info: [0mGET /api-docs/swagger-ui-init.js [36m304[0m 0.355 ms - -[0m
2024-10-28 03:32:35 info: [0mGET /api-docs/swagger-ui-bundle.js [36m304[0m 2.547 ms - -[0m
2024-10-28 03:32:35 info: [0mGET /api-docs/swagger-ui-standalone-preset.js [36m304[0m 2.950 ms - -[0m
2024-10-28 03:32:35 info: [0mGET /api-docs/swagger-ui.css [36m304[0m 94.268 ms - -[0m
2024-10-28 03:32:38 info: [0mGET /api-docs [36m301[0m 0.753 ms - 158[0m
2024-10-28 03:32:38 info: [0mGET /api-docs/ [36m304[0m 0.480 ms - -[0m
2024-10-28 03:32:38 info: [0mGET /api-docs/swagger-ui-init.js [36m304[0m 0.459 ms - -[0m
2024-10-28 03:32:38 info: [0mGET /api-docs/swagger-ui.css [36m304[0m 4.228 ms - -[0m
2024-10-28 03:32:38 info: [0mGET /api-docs/swagger-ui-bundle.js [36m304[0m 3.953 ms - -[0m
2024-10-28 03:32:38 info: [0mGET /api-docs/swagger-ui-standalone-preset.js [36m304[0m 4.144 ms - -[0m
2024-10-28 04:37:51 info: =================================
2024-10-28 04:37:51 info: ======= ENV: development =======
2024-10-28 04:37:51 info: 🚀 App listening on the port 5601
2024-10-28 04:37:51 info: =================================
2024-10-28 16:38:38 info: =================================
2024-10-28 16:38:38 info: ======= ENV: development =======
2024-10-28 16:38:38 info: 🚀 App listening on the port 5601
2024-10-28 16:38:38 info: =================================
2024-10-28 16:51:51 info: =================================
2024-10-28 16:51:51 info: ======= ENV: development =======
2024-10-28 16:51:51 info: 🚀 App listening on the port 5601
2024-10-28 16:51:51 info: =================================
2024-10-28 16:52:41 info: =================================
2024-10-28 16:52:41 info: ======= ENV: development =======
2024-10-28 16:52:41 info: 🚀 App listening on the port 5601
2024-10-28 16:52:41 info: =================================
2024-10-28 16:53:59 info: =================================
2024-10-28 16:53:59 info: ======= ENV: development =======
2024-10-28 16:53:59 info: 🚀 App listening on the port 5601
2024-10-28 16:53:59 info: =================================
2024-10-28 16:54:11 info: =================================
2024-10-28 16:54:11 info: ======= ENV: development =======
2024-10-28 16:54:11 info: 🚀 App listening on the port 5601
2024-10-28 16:54:11 info: =================================
2024-10-28 16:54:50 info: [0mGET /api-docs [36m301[0m 3.553 ms - 158[0m
2024-10-28 16:54:50 info: [0mGET /api-docs/ [36m304[0m 2.175 ms - -[0m
2024-10-28 16:54:51 info: [0mGET /api-docs/swagger-ui-init.js [36m304[0m 0.261 ms - -[0m
2024-10-28 16:54:51 info: [0mGET /api-docs/swagger-ui.css [32m200[0m 6.539 ms - -[0m
2024-10-28 16:54:51 info: [0mGET /api-docs/swagger-ui-standalone-preset.js [32m200[0m 5.517 ms - -[0m
2024-10-28 16:54:51 info: [0mGET /api-docs/swagger-ui-bundle.js [32m200[0m 5.583 ms - -[0m
2024-10-28 16:55:53 info: [0mGET /api/v1/subtitle/movie/tt6264654 [32m200[0m 2.451 ms - 2[0m
2024-10-28 16:55:54 info: [0mGET /favicon.ico [33m404[0m 1.135 ms - 150[0m
2024-10-28 16:56:16 info: [0mGET /api/v1/subtitle/movie/tt6264654 [36m304[0m 0.757 ms - -[0m
2024-10-28 16:56:19 info: =================================
2024-10-28 16:56:19 info: ======= ENV: development =======
2024-10-28 16:56:19 info: 🚀 App listening on the port 5601
2024-10-28 16:56:19 info: =================================
2024-10-28 16:56:19 info: [0mGET /api/v1/subtitle/movie/tt6264654 [32m200[0m 230.878 ms - -[0m
2024-10-28 16:57:31 info: [0mGET /api/v1/subtitle/movie/tt6264654 [36m304[0m 191.106 ms - -[0m
2024-10-28 16:57:34 info: =================================
2024-10-28 16:57:34 info: ======= ENV: development =======
2024-10-28 16:57:34 info: 🚀 App listening on the port 5601
2024-10-28 16:57:34 info: =================================
2024-10-28 16:57:53 info: =================================
2024-10-28 16:57:53 info: ======= ENV: development =======
2024-10-28 16:57:53 info: 🚀 App listening on the port 5601
2024-10-28 16:57:53 info: =================================
2024-10-28 16:58:58 info: [0mGET /api/v1/subtitle/tv/tt9813792/1/1/1 [33m404[0m 3.295 ms - 173[0m
2024-10-28 16:59:08 info: [0mGET /api/v1/subtitle/tv/tt9813792/1/1/1/aaa.srt [33m404[0m 0.843 ms - 181[0m
2024-10-28 16:59:18 info: [0mGET /api/v1/subtitle/tv/tt9813792/1/1/1/from.vtt [33m404[0m 0.545 ms - 182[0m
2024-10-28 16:59:21 info: [0mGET /api/v1/subtitle/tv/tt9813792/1/1/from.vtt [33m404[0m 0.488 ms - 180[0m
2024-10-28 17:02:09 info: [0mGET /api/v1/subtitle/tv/tt9813792/1/1/ [0m-[0m - ms - -[0m
2024-10-28 17:02:09 info: [0mGET /api/v1/subtitle/tv/tt9813792/1/1/from.vtt [33m404[0m 0.392 ms - 180[0m
2024-10-28 17:02:12 info: =================================
2024-10-28 17:02:12 info: ======= ENV: development =======
2024-10-28 17:02:12 info: 🚀 App listening on the port 5601
2024-10-28 17:02:12 info: =================================
2024-10-28 17:02:15 info: [0mGET /api/v1/subtitle/tv/tt9813792/1/1 [32m200[0m 264.761 ms - -[0m
2024-10-28 17:02:33 info: =================================
2024-10-28 17:02:33 info: ======= ENV: development =======
2024-10-28 17:02:33 info: 🚀 App listening on the port 5601
2024-10-28 17:02:33 info: =================================
2024-10-28 17:05:58 info: =================================
2024-10-28 17:05:58 info: ======= ENV: development =======
2024-10-28 17:05:58 info: 🚀 App listening on the port 5601
2024-10-28 17:05:58 info: =================================
2024-10-28 17:05:59 info: [0mGET /api/v1/subtitle/tv/stream/tt9813792/1/1/1/from.vtt [32m200[0m 413.448 ms - -[0m
2024-10-28 17:06:16 info: =================================
2024-10-28 17:06:16 info: ======= ENV: development =======
2024-10-28 17:06:16 info: 🚀 App listening on the port 5601
2024-10-28 17:06:16 info: =================================
2024-10-28 17:10:41 info: =================================
2024-10-28 17:10:41 info: ======= ENV: development =======
2024-10-28 17:10:41 info: 🚀 App listening on the port 5601
2024-10-28 17:10:41 info: =================================
2024-10-28 17:10:49 info: =================================
2024-10-28 17:10:49 info: ======= ENV: development =======
2024-10-28 17:10:49 info: 🚀 App listening on the port 5601
2024-10-28 17:10:49 info: =================================
2024-10-28 17:11:15 info: =================================
2024-10-28 17:11:15 info: ======= ENV: development =======
2024-10-28 17:11:15 info: 🚀 App listening on the port 5601
2024-10-28 17:11:15 info: =================================
2024-10-28 17:11:43 info: [0mGET /api/v1/subtitle/stream/the-shawshank-redemption/the-shawshank-redemption_arabic-67422.zip/fff.vtt [32m200[0m 9.080 ms - 118376[0m
2024-10-28 17:11:49 info: [0mGET /api/v1/subtitle/stream/the-shawshank-redemption/the-shawshank-redemption_arabic-67422.zip/fff.vtt [36m304[0m 2.322 ms - -[0m
2024-10-28 17:12:49 info: [0mGET /api/v1/subtitle/stream/the-shawshank-redemption/the-shawshank-redemption_arabic-67422.zip/fff.vtt [36m304[0m 2.434 ms - -[0m
2024-10-28 17:12:49 info: [0mGET /api/v1/subtitle/stream/the-shawshank-redemption/the-shawshank-redemption_arabic-67422.zip/fff.vtt [36m304[0m 1.885 ms - -[0m
2024-10-28 17:12:54 info: =================================
2024-10-28 17:12:54 info: ======= ENV: development =======
2024-10-28 17:12:54 info: 🚀 App listening on the port 5601
2024-10-28 17:12:54 info: =================================
2024-10-28 17:12:57 info: [0mGET /api/v1/subtitle/stream/the-shawshank-redemption/the-shawshank-redemption_arabic-67422.zip/fff.vtt [36m304[0m 6.524 ms - -[0m
