2024-10-26 01:49:10 info: =================================
2024-10-26 01:49:10 info: ======= ENV: development =======
2024-10-26 01:49:10 info: 🚀 App listening on the port 5601
2024-10-26 01:49:10 info: =================================
2024-10-26 01:49:19 info: =================================
2024-10-26 01:49:19 info: ======= ENV: development =======
2024-10-26 01:49:19 info: 🚀 App listening on the port 5601
2024-10-26 01:49:19 info: =================================
2024-10-26 01:49:43 info: =================================
2024-10-26 01:49:43 info: ======= ENV: development =======
2024-10-26 01:49:43 info: 🚀 App listening on the port 5601
2024-10-26 01:49:43 info: =================================
2024-10-26 01:53:32 info: =================================
2024-10-26 01:53:32 info: ======= ENV: development =======
2024-10-26 01:53:32 info: 🚀 App listening on the port 5601
2024-10-26 01:53:32 info: =================================
2024-10-26 01:55:45 info: =================================
2024-10-26 01:55:45 info: ======= ENV: development =======
2024-10-26 01:55:45 info: 🚀 App listening on the port 5601
2024-10-26 01:55:45 info: =================================
2024-10-26 02:16:53 info: =================================
2024-10-26 02:16:53 info: ======= ENV: development =======
2024-10-26 02:16:53 info: 🚀 App listening on the port 5601
2024-10-26 02:16:53 info: =================================
2024-10-26 02:22:08 info: =================================
2024-10-26 02:22:08 info: ======= ENV: development =======
2024-10-26 02:22:08 info: 🚀 App listening on the port 5601
2024-10-26 02:22:08 info: =================================
2024-10-26 02:26:41 info: =================================
2024-10-26 02:26:41 info: ======= ENV: development =======
2024-10-26 02:26:41 info: 🚀 App listening on the port 5601
2024-10-26 02:26:41 info: =================================
2024-10-26 02:28:02 info: =================================
2024-10-26 02:28:02 info: ======= ENV: development =======
2024-10-26 02:28:02 info: 🚀 App listening on the port 5601
2024-10-26 02:28:02 info: =================================
2024-10-26 02:30:20 info: =================================
2024-10-26 02:30:20 info: ======= ENV: development =======
2024-10-26 02:30:20 info: 🚀 App listening on the port 5601
2024-10-26 02:30:20 info: =================================
2024-10-26 02:32:49 info: =================================
2024-10-26 02:32:49 info: ======= ENV: development =======
2024-10-26 02:32:49 info: 🚀 App listening on the port 5601
2024-10-26 02:32:49 info: =================================
2024-10-26 02:33:31 info: =================================
2024-10-26 02:33:31 info: ======= ENV: development =======
2024-10-26 02:33:31 info: 🚀 App listening on the port 5601
2024-10-26 02:33:31 info: =================================
2024-10-26 02:33:44 info: =================================
2024-10-26 02:33:44 info: ======= ENV: development =======
2024-10-26 02:33:44 info: 🚀 App listening on the port 5601
2024-10-26 02:33:44 info: =================================
2024-10-26 02:33:50 info: [0mGET /api-docs/ [32m200[0m 4.939 ms - -[0m
2024-10-26 02:33:50 info: [0mGET /api-docs/swagger-ui-init.js [32m200[0m 0.452 ms - -[0m
2024-10-26 02:33:50 info: [0mGET /api-docs/swagger-ui.css [32m200[0m 3.014 ms - -[0m
2024-10-26 02:33:50 info: [0mGET /api-docs/swagger-ui-standalone-preset.js [32m200[0m 3.314 ms - -[0m
2024-10-26 02:33:50 info: [0mGET /api-docs/swagger-ui-bundle.js [32m200[0m 2.610 ms - -[0m
2024-10-26 02:33:50 info: [0mGET /api-docs/favicon-32x32.png [32m200[0m 1.018 ms - 628[0m
2024-10-26 02:33:56 info: [0mGET /api-docs/ [36m304[0m 0.797 ms - -[0m
2024-10-26 02:33:56 info: [0mGET /api-docs/swagger-ui.css [36m304[0m 1.651 ms - -[0m
2024-10-26 02:33:56 info: [0mGET /api-docs/swagger-ui-bundle.js [36m304[0m 1.215 ms - -[0m
2024-10-26 02:33:56 info: [0mGET /api-docs/swagger-ui-standalone-preset.js [36m304[0m 1.409 ms - -[0m
2024-10-26 02:33:56 info: [0mGET /api-docs/swagger-ui-init.js [36m304[0m 0.381 ms - -[0m
2024-10-26 02:36:21 info: =================================
2024-10-26 02:36:21 info: ======= ENV: development =======
2024-10-26 02:36:21 info: 🚀 App listening on the port 5601
2024-10-26 02:36:21 info: =================================
2024-10-26 02:36:22 info: [0mGET /api-docs/ [36m304[0m 4.060 ms - -[0m
2024-10-26 02:36:22 info: [0mGET /api-docs/swagger-ui.css [36m304[0m 1.434 ms - -[0m
2024-10-26 02:36:22 info: [0mGET /api-docs/swagger-ui-bundle.js [36m304[0m 0.736 ms - -[0m
2024-10-26 02:36:22 info: [0mGET /api-docs/swagger-ui-init.js [36m304[0m 0.372 ms - -[0m
2024-10-26 02:36:22 info: [0mGET /api-docs/swagger-ui-standalone-preset.js [36m304[0m 2.151 ms - -[0m
2024-10-26 02:36:23 info: [0mGET /api-docs/favicon-32x32.png [36m304[0m 0.769 ms - -[0m
2024-10-26 02:37:16 info: [0mGET /api-docs/ [36m304[0m 0.892 ms - -[0m
2024-10-26 02:37:16 info: [0mGET /api-docs/swagger-ui.css [36m304[0m 1.058 ms - -[0m
2024-10-26 02:37:16 info: [0mGET /api-docs/swagger-ui-bundle.js [36m304[0m 1.058 ms - -[0m
2024-10-26 02:37:16 info: [0mGET /api-docs/swagger-ui-standalone-preset.js [36m304[0m 1.359 ms - -[0m
2024-10-26 02:37:16 info: [0mGET /api-docs/swagger-ui-init.js [36m304[0m 0.340 ms - -[0m
2024-10-26 02:37:16 info: [0mGET /api-docs/favicon-32x32.png [36m304[0m 0.688 ms - -[0m
2024-10-26 02:37:19 info: =================================
2024-10-26 02:37:19 info: ======= ENV: development =======
2024-10-26 02:37:19 info: 🚀 App listening on the port 5601
2024-10-26 02:37:19 info: =================================
2024-10-26 02:37:19 info: [0mGET /api-docs/ [36m304[0m 10.329 ms - -[0m
2024-10-26 02:37:19 info: [0mGET /api-docs/swagger-ui.css [36m304[0m 1.752 ms - -[0m
2024-10-26 02:37:19 info: [0mGET /api-docs/swagger-ui-init.js [36m304[0m 0.355 ms - -[0m
2024-10-26 02:37:19 info: [0mGET /api-docs/swagger-ui-bundle.js [36m304[0m 1.932 ms - -[0m
2024-10-26 02:37:19 info: [0mGET /api-docs/swagger-ui-standalone-preset.js [36m304[0m 2.244 ms - -[0m
2024-10-26 02:37:19 info: [0mGET /api-docs/favicon-32x32.png [36m304[0m 0.673 ms - -[0m
2024-10-26 02:37:20 info: [0mGET /api-docs/ [36m304[0m 0.669 ms - -[0m
2024-10-26 02:37:20 info: [0mGET /api-docs/swagger-ui-init.js [36m304[0m 0.262 ms - -[0m
2024-10-26 02:37:20 info: [0mGET /api-docs/swagger-ui.css [36m304[0m 2.774 ms - -[0m
2024-10-26 02:37:20 info: [0mGET /api-docs/swagger-ui-bundle.js [36m304[0m 2.733 ms - -[0m
2024-10-26 02:37:20 info: [0mGET /api-docs/swagger-ui-standalone-preset.js [36m304[0m 2.761 ms - -[0m
2024-10-26 02:37:34 info: [0mGET / [33m404[0m 1.512 ms - 139[0m
2024-10-26 02:37:36 info: [0mGET /api-docs/ [36m304[0m 0.850 ms - -[0m
2024-10-26 02:37:37 info: [0mGET /api-docs/swagger-ui.css [36m304[0m 1.022 ms - -[0m
2024-10-26 02:37:37 info: [0mGET /api-docs/swagger-ui-bundle.js [36m304[0m 1.128 ms - -[0m
2024-10-26 02:37:37 info: [0mGET /api-docs/swagger-ui-standalone-preset.js [36m304[0m 1.638 ms - -[0m
2024-10-26 02:37:37 info: [0mGET /api-docs/swagger-ui-init.js [36m304[0m 0.330 ms - -[0m
2024-10-26 02:40:10 info: =================================
2024-10-26 02:40:10 info: ======= ENV: development =======
2024-10-26 02:40:10 info: 🚀 App listening on the port 5601
2024-10-26 02:40:10 info: =================================
2024-10-26 02:43:17 info: =================================
2024-10-26 02:43:17 info: ======= ENV: development =======
2024-10-26 02:43:17 info: 🚀 App listening on the port 5601
2024-10-26 02:43:17 info: =================================
2024-10-26 02:47:07 info: =================================
2024-10-26 02:47:07 info: ======= ENV: development =======
2024-10-26 02:47:07 info: 🚀 App listening on the port 5601
2024-10-26 02:47:07 info: =================================
2024-10-26 02:47:12 info: [0mGET /api-docs/ [36m304[0m 4.059 ms - -[0m
2024-10-26 02:47:12 info: [0mGET /api-docs/swagger-ui.css [36m304[0m 2.276 ms - -[0m
2024-10-26 02:47:12 info: [0mGET /api-docs/swagger-ui-bundle.js [36m304[0m 2.900 ms - -[0m
2024-10-26 02:47:12 info: [0mGET /api-docs/swagger-ui-standalone-preset.js [36m304[0m 3.487 ms - -[0m
2024-10-26 02:47:12 info: [0mGET /api-docs/swagger-ui-init.js [32m200[0m 1.247 ms - -[0m
2024-10-26 02:47:13 info: [0mGET /api-docs/favicon-32x32.png [36m304[0m 0.808 ms - -[0m
2024-10-26 02:47:14 info: [0mGET /api-docs/ [36m304[0m 0.718 ms - -[0m
2024-10-26 02:47:14 info: [0mGET /api-docs/swagger-ui-init.js [36m304[0m 0.351 ms - -[0m
2024-10-26 02:47:14 info: [0mGET /api-docs/swagger-ui.css [36m304[0m 3.548 ms - -[0m
2024-10-26 02:47:14 info: [0mGET /api-docs/swagger-ui-bundle.js [36m304[0m 3.727 ms - -[0m
2024-10-26 02:47:14 info: [0mGET /api-docs/swagger-ui-standalone-preset.js [36m304[0m 3.741 ms - -[0m
2024-10-26 02:47:14 info: [0mGET /api-docs/favicon-32x32.png [36m304[0m 0.839 ms - -[0m
2024-10-26 02:47:48 info: =================================
2024-10-26 02:47:48 info: ======= ENV: development =======
2024-10-26 02:47:48 info: 🚀 App listening on the port 5601
2024-10-26 02:47:48 info: =================================
2024-10-26 02:52:14 info: [0mGET /api-docs [36m301[0m 3.442 ms - 158[0m
2024-10-26 02:52:14 info: [0mGET /api-docs/ [36m304[0m 1.901 ms - -[0m
2024-10-26 02:52:14 info: [0mGET /api-docs/swagger-ui.css [36m304[0m 0.965 ms - -[0m
2024-10-26 02:52:14 info: [0mGET /api-docs/swagger-ui-bundle.js [36m304[0m 0.601 ms - -[0m
2024-10-26 02:52:14 info: [0mGET /api-docs/swagger-ui-standalone-preset.js [36m304[0m 1.999 ms - -[0m
2024-10-26 02:52:14 info: [0mGET /api-docs/swagger-ui-init.js [32m200[0m 1.054 ms - -[0m
2024-10-26 02:52:36 info: =================================
2024-10-26 02:52:36 info: ======= ENV: development =======
2024-10-26 02:52:36 info: 🚀 App listening on the port 5601
2024-10-26 02:52:36 info: =================================
2024-10-26 02:52:36 info: [0mGET /api-docs/ [36m304[0m 3.989 ms - -[0m
2024-10-26 02:52:36 info: [0mGET /api-docs/swagger-ui.css [36m304[0m 1.846 ms - -[0m
2024-10-26 02:52:36 info: [0mGET /api-docs/swagger-ui-bundle.js [36m304[0m 3.089 ms - -[0m
2024-10-26 02:52:36 info: [0mGET /api-docs/swagger-ui-standalone-preset.js [36m304[0m 3.355 ms - -[0m
2024-10-26 02:52:36 info: [0mGET /api-docs/swagger-ui-init.js [32m200[0m 1.428 ms - -[0m
2024-10-26 02:52:36 info: [0mGET /api-docs/favicon-32x32.png [36m304[0m 0.530 ms - -[0m
2024-10-26 02:52:38 info: [0mGET /api-docs/ [36m304[0m 0.652 ms - -[0m
2024-10-26 02:52:38 info: [0mGET /api-docs/swagger-ui-init.js [36m304[0m 0.306 ms - -[0m
2024-10-26 02:52:38 info: [0mGET /api-docs/swagger-ui.css [36m304[0m 3.011 ms - -[0m
2024-10-26 02:52:38 info: [0mGET /api-docs/swagger-ui-bundle.js [36m304[0m 3.081 ms - -[0m
2024-10-26 02:52:38 info: [0mGET /api-docs/swagger-ui-standalone-preset.js [36m304[0m 3.108 ms - -[0m
2024-10-26 02:52:38 info: [0mGET /api-docs/favicon-32x32.png [36m304[0m 0.665 ms - -[0m
2024-10-26 02:52:39 info: [0mGET /api-docs/ [36m304[0m 0.643 ms - -[0m
2024-10-26 02:52:39 info: [0mGET /api-docs/swagger-ui-init.js [36m304[0m 0.277 ms - -[0m
2024-10-26 02:52:39 info: [0mGET /api-docs/swagger-ui.css [36m304[0m 2.628 ms - -[0m
2024-10-26 02:52:39 info: [0mGET /api-docs/swagger-ui-bundle.js [36m304[0m 2.670 ms - -[0m
2024-10-26 02:52:39 info: [0mGET /api-docs/swagger-ui-standalone-preset.js [36m304[0m 2.814 ms - -[0m
2024-10-26 02:52:39 info: [0mGET /api-docs/ [36m304[0m 0.824 ms - -[0m
2024-10-26 02:52:39 info: [0mGET /api-docs/favicon-32x32.png [36m304[0m 0.528 ms - -[0m
2024-10-26 02:52:39 info: [0mGET /api-docs/swagger-ui.css [36m304[0m 0.659 ms - -[0m
2024-10-26 02:52:39 info: [0mGET /api-docs/swagger-ui-init.js [36m304[0m 0.366 ms - -[0m
2024-10-26 02:52:39 info: [0mGET /api-docs/swagger-ui-bundle.js [36m304[0m 1.998 ms - -[0m
2024-10-26 02:52:39 info: [0mGET /api-docs/swagger-ui-standalone-preset.js [36m304[0m 2.062 ms - -[0m
2024-10-26 02:52:39 info: [0mGET /api-docs/favicon-16x16.png [32m200[0m 1.300 ms - 665[0m
2024-10-26 02:52:40 info: [0mGET /api-docs/favicon-32x32.png [36m304[0m 0.527 ms - -[0m
2024-10-26 02:52:40 info: [0mGET /api-docs/ [36m304[0m 0.587 ms - -[0m
2024-10-26 02:52:40 info: [0mGET /api-docs/swagger-ui-init.js [36m304[0m 0.312 ms - -[0m
2024-10-26 02:52:40 info: [0mGET /api-docs/swagger-ui.css [36m304[0m 2.458 ms - -[0m
2024-10-26 02:52:40 info: [0mGET /api-docs/swagger-ui-bundle.js [36m304[0m 2.410 ms - -[0m
2024-10-26 02:52:40 info: [0mGET /api-docs/swagger-ui-standalone-preset.js [36m304[0m 2.542 ms - -[0m
2024-10-26 02:52:40 info: [0mGET /api-docs/ [36m304[0m 0.691 ms - -[0m
2024-10-26 02:52:40 info: [0mGET /api-docs/swagger-ui-init.js [36m304[0m 0.245 ms - -[0m
2024-10-26 02:52:40 info: [0mGET /api-docs/swagger-ui.css [36m304[0m 2.054 ms - -[0m
2024-10-26 02:52:40 info: [0mGET /api-docs/swagger-ui-bundle.js [36m304[0m 2.048 ms - -[0m
2024-10-26 02:52:40 info: [0mGET /api-docs/swagger-ui-standalone-preset.js [36m304[0m 2.287 ms - -[0m
2024-10-26 02:52:40 info: [0mGET /api-docs/ [36m304[0m 0.758 ms - -[0m
2024-10-26 02:52:40 info: [0mGET /api-docs/swagger-ui.css [36m304[0m 0.623 ms - -[0m
2024-10-26 02:52:40 info: [0mGET /api-docs/swagger-ui-init.js [36m304[0m 0.244 ms - -[0m
2024-10-26 02:52:40 info: [0mGET /api-docs/swagger-ui-bundle.js [36m304[0m 1.565 ms - -[0m
2024-10-26 02:52:40 info: [0mGET /api-docs/swagger-ui-standalone-preset.js [36m304[0m 1.732 ms - -[0m
2024-10-26 02:52:41 info: [0mGET /api-docs/favicon-32x32.png [36m304[0m 0.519 ms - -[0m
2024-10-26 02:52:54 info: [0mGET /api-docs/ [36m304[0m 0.857 ms - -[0m
2024-10-26 02:52:54 info: [0mGET /api-docs/swagger-ui.css [36m304[0m 1.252 ms - -[0m
2024-10-26 02:52:54 info: [0mGET /api-docs/swagger-ui-init.js [36m304[0m 0.288 ms - -[0m
2024-10-26 02:52:54 info: [0mGET /api-docs/swagger-ui-bundle.js [36m304[0m 1.532 ms - -[0m
2024-10-26 02:52:54 info: [0mGET /api-docs/swagger-ui-standalone-preset.js [36m304[0m 1.624 ms - -[0m
2024-10-26 02:52:54 info: [0mGET /api-docs/favicon-32x32.png [36m304[0m 0.713 ms - -[0m
2024-10-26 02:53:01 info: [0mGET /api-docs/ [36m304[0m 0.572 ms - -[0m
2024-10-26 02:53:01 info: [0mGET /api-docs/swagger-ui.css [36m304[0m 1.334 ms - -[0m
2024-10-26 02:53:01 info: [0mGET /api-docs/swagger-ui-init.js [36m304[0m 0.239 ms - -[0m
2024-10-26 02:53:01 info: [0mGET /api-docs/swagger-ui-bundle.js [36m304[0m 1.546 ms - -[0m
2024-10-26 02:53:01 info: [0mGET /api-docs/swagger-ui-standalone-preset.js [36m304[0m 1.693 ms - -[0m
2024-10-26 02:53:01 info: [0mGET /api-docs/favicon-32x32.png [36m304[0m 1.279 ms - -[0m
2024-10-26 02:53:02 info: [0mGET /api-docs/ [36m304[0m 0.627 ms - -[0m
2024-10-26 02:53:02 info: [0mGET /api-docs/swagger-ui-init.js [36m304[0m 0.348 ms - -[0m
2024-10-26 02:53:02 info: [0mGET /api-docs/swagger-ui.css [36m304[0m 2.671 ms - -[0m
2024-10-26 02:53:02 info: [0mGET /api-docs/swagger-ui-bundle.js [36m304[0m 2.645 ms - -[0m
2024-10-26 02:53:02 info: [0mGET /api-docs/swagger-ui-standalone-preset.js [36m304[0m 2.698 ms - -[0m
2024-10-26 02:53:03 info: [0mGET /api-docs/favicon-32x32.png [36m304[0m 0.568 ms - -[0m
2024-10-26 02:53:03 info: [0mGET /api-docs/ [36m304[0m 0.528 ms - -[0m
2024-10-26 02:53:03 info: [0mGET /api-docs/swagger-ui-init.js [36m304[0m 0.270 ms - -[0m
2024-10-26 02:53:03 info: [0mGET /api-docs/swagger-ui.css [36m304[0m 2.285 ms - -[0m
2024-10-26 02:53:03 info: [0mGET /api-docs/swagger-ui-bundle.js [36m304[0m 2.469 ms - -[0m
2024-10-26 02:53:03 info: [0mGET /api-docs/swagger-ui-standalone-preset.js [36m304[0m 2.732 ms - -[0m
2024-10-26 02:53:03 info: [0mGET /api-docs/ [36m304[0m 0.682 ms - -[0m
2024-10-26 02:53:03 info: [0mGET /api-docs/swagger-ui.css [36m304[0m 1.777 ms - -[0m
2024-10-26 02:53:03 info: [0mGET /api-docs/swagger-ui-bundle.js [36m304[0m 2.008 ms - -[0m
2024-10-26 02:53:03 info: [0mGET /api-docs/swagger-ui-init.js [36m304[0m 0.251 ms - -[0m
2024-10-26 02:53:03 info: [0mGET /api-docs/swagger-ui-standalone-preset.js [36m304[0m 2.645 ms - -[0m
2024-10-26 02:53:03 info: [0mGET /api-docs/favicon-32x32.png [36m304[0m 0.336 ms - -[0m
2024-10-26 02:53:03 info: [0mGET /api-docs/ [36m304[0m 0.729 ms - -[0m
2024-10-26 02:53:03 info: [0mGET /api-docs/swagger-ui.css [36m304[0m 0.538 ms - -[0m
2024-10-26 02:53:03 info: [0mGET /api-docs/swagger-ui-init.js [36m304[0m 0.240 ms - -[0m
2024-10-26 02:53:03 info: [0mGET /api-docs/swagger-ui-bundle.js [36m304[0m 2.159 ms - -[0m
2024-10-26 02:53:03 info: [0mGET /api-docs/swagger-ui-standalone-preset.js [36m304[0m 2.235 ms - -[0m
2024-10-26 02:53:03 info: [0mGET /api-docs/ [36m304[0m 0.560 ms - -[0m
2024-10-26 02:53:03 info: [0mGET /api-docs/swagger-ui-init.js [36m304[0m 0.352 ms - -[0m
2024-10-26 02:53:03 info: [0mGET /api-docs/swagger-ui.css [36m304[0m 2.528 ms - -[0m
2024-10-26 02:53:03 info: [0mGET /api-docs/swagger-ui-bundle.js [36m304[0m 2.441 ms - -[0m
2024-10-26 02:53:03 info: [0mGET /api-docs/swagger-ui-standalone-preset.js [36m304[0m 2.634 ms - -[0m
2024-10-26 02:53:04 info: [0mGET /api-docs/ [36m304[0m 1.321 ms - -[0m
2024-10-26 02:53:04 info: [0mGET /api-docs/swagger-ui.css [36m304[0m 0.607 ms - -[0m
2024-10-26 02:53:04 info: [0mGET /api-docs/swagger-ui-init.js [36m304[0m 0.277 ms - -[0m
2024-10-26 02:53:04 info: [0mGET /api-docs/swagger-ui-bundle.js [36m304[0m 1.909 ms - -[0m
2024-10-26 02:53:04 info: [0mGET /api-docs/swagger-ui-standalone-preset.js [36m304[0m 1.918 ms - -[0m
2024-10-26 02:53:04 info: [0mGET /api-docs/favicon-32x32.png [36m304[0m 0.665 ms - -[0m
2024-10-26 02:53:05 info: [0mGET /api-docs/ [36m304[0m 0.674 ms - -[0m
2024-10-26 02:53:05 info: [0mGET /api-docs/swagger-ui-init.js [36m304[0m 0.327 ms - -[0m
2024-10-26 02:53:05 info: [0mGET /api-docs/swagger-ui.css [36m304[0m 2.559 ms - -[0m
2024-10-26 02:53:05 info: [0mGET /api-docs/swagger-ui-bundle.js [36m304[0m 2.448 ms - -[0m
2024-10-26 02:53:05 info: [0mGET /api-docs/swagger-ui-standalone-preset.js [36m304[0m 2.380 ms - -[0m
2024-10-26 02:53:05 info: [0mGET /api-docs/favicon-32x32.png [36m304[0m 0.636 ms - -[0m
2024-10-26 02:53:17 info: =================================
2024-10-26 02:53:17 info: ======= ENV: development =======
2024-10-26 02:53:17 info: 🚀 App listening on the port 5601
2024-10-26 02:53:17 info: =================================
2024-10-26 02:53:18 info: [0mGET /api-docs/ [36m304[0m 4.681 ms - -[0m
2024-10-26 02:53:18 info: [0mGET /api-docs/swagger-ui.css [36m304[0m 2.403 ms - -[0m
2024-10-26 02:53:18 info: [0mGET /api-docs/swagger-ui-bundle.js [36m304[0m 2.920 ms - -[0m
2024-10-26 02:53:18 info: [0mGET /api-docs/swagger-ui-standalone-preset.js [36m304[0m 3.310 ms - -[0m
2024-10-26 02:53:18 info: [0mGET /api-docs/swagger-ui-init.js [32m200[0m 1.356 ms - -[0m
2024-10-26 02:53:18 info: [0mGET /api-docs/favicon-32x32.png [36m304[0m 0.749 ms - -[0m
