2024-10-30 12:30:43 info: =================================
2024-10-30 12:30:43 info: ======= ENV: development =======
2024-10-30 12:30:43 info: 🚀 App listening on the port 5601
2024-10-30 12:30:43 info: =================================
2024-10-30 12:34:36 info: =================================
2024-10-30 12:34:36 info: ======= ENV: development =======
2024-10-30 12:34:36 info: 🚀 App listening on the port 5601
2024-10-30 12:34:36 info: =================================
2024-10-30 12:34:46 info: [0mGET /api-docs/ [36m304[0m 6.429 ms - -[0m
2024-10-30 12:34:46 info: [0mGET /api-docs/swagger-ui.css [36m304[0m 1.712 ms - -[0m
2024-10-30 12:34:46 info: [0mGET /api-docs/swagger-ui-init.js [36m304[0m 0.469 ms - -[0m
2024-10-30 12:34:46 info: [0mGET /api-docs/swagger-ui-bundle.js [36m304[0m 3.033 ms - -[0m
2024-10-30 12:34:46 info: [0mGET /api-docs/swagger-ui-standalone-preset.js [36m304[0m 3.458 ms - -[0m
2024-10-30 12:35:17 info: [0mGET /api-docs/ [36m304[0m 0.705 ms - -[0m
2024-10-30 12:35:17 info: [0mGET /api-docs/swagger-ui.css [36m304[0m 0.908 ms - -[0m
2024-10-30 12:35:17 info: [0mGET /api-docs/swagger-ui-init.js [36m304[0m 0.420 ms - -[0m
2024-10-30 12:35:17 info: [0mGET /api-docs/swagger-ui-bundle.js [36m304[0m 3.045 ms - -[0m
2024-10-30 12:35:17 info: [0mGET /api-docs/swagger-ui-standalone-preset.js [36m304[0m 3.479 ms - -[0m
2024-10-30 12:35:17 info: [0mGET /api-docs/favicon-32x32.png [36m304[0m 0.852 ms - -[0m
2024-10-30 13:05:04 info: =================================
2024-10-30 13:05:04 info: ======= ENV: development =======
2024-10-30 13:05:04 info: 🚀 App listening on the port 5601
2024-10-30 13:05:04 info: =================================
2024-10-30 13:05:17 info: =================================
2024-10-30 13:05:17 info: ======= ENV: development =======
2024-10-30 13:05:17 info: 🚀 App listening on the port 5601
2024-10-30 13:05:17 info: =================================
2024-10-30 13:09:26 info: =================================
2024-10-30 13:09:26 info: ======= ENV: development =======
2024-10-30 13:09:26 info: 🚀 App listening on the port 5601
2024-10-30 13:09:26 info: =================================
2024-10-30 13:09:59 info: =================================
2024-10-30 13:09:59 info: ======= ENV: development =======
2024-10-30 13:09:59 info: 🚀 App listening on the port 5601
2024-10-30 13:09:59 info: =================================
2024-10-30 13:12:12 info: =================================
2024-10-30 13:12:12 info: ======= ENV: development =======
2024-10-30 13:12:12 info: 🚀 App listening on the port 5601
2024-10-30 13:12:12 info: =================================
2024-10-30 13:12:26 info: =================================
2024-10-30 13:12:26 info: ======= ENV: development =======
2024-10-30 13:12:26 info: 🚀 App listening on the port 5601
2024-10-30 13:12:26 info: =================================
2024-10-30 13:13:11 info: =================================
2024-10-30 13:13:11 info: ======= ENV: development =======
2024-10-30 13:13:11 info: 🚀 App listening on the port 5601
2024-10-30 13:13:11 info: =================================
2024-10-30 13:14:06 info: =================================
2024-10-30 13:14:06 info: ======= ENV: development =======
2024-10-30 13:14:06 info: 🚀 App listening on the port 5601
2024-10-30 13:14:06 info: =================================
2024-10-30 13:15:04 info: =================================
2024-10-30 13:15:04 info: ======= ENV: development =======
2024-10-30 13:15:04 info: 🚀 App listening on the port 5601
2024-10-30 13:15:04 info: =================================
2024-10-30 13:16:24 info: [0mGET /efe7ffe6-5404-4d35-aa11-d33d75491aed-1728051527546.jpeg [32m200[0m 4.641 ms - 67825[0m
2024-10-30 13:18:24 info: =================================
2024-10-30 13:18:24 info: ======= ENV: development =======
2024-10-30 13:18:24 info: 🚀 App listening on the port 5601
2024-10-30 13:18:24 info: =================================
2024-10-30 13:18:31 info: =================================
2024-10-30 13:18:31 info: ======= ENV: development =======
2024-10-30 13:18:31 info: 🚀 App listening on the port 5601
2024-10-30 13:18:31 info: =================================
2024-10-30 13:18:38 info: [0mGET /img/efe7ffe6-5404-4d35-aa11-d33d75491aed-1728051527546.jpeg [33m404[0m 3.520 ms - 198[0m
2024-10-30 13:18:44 info: [0mGET /img/efe7ffe6-5404-4d35-aa11-d33d75491aed-1728051527546.jpeg [33m404[0m 1.275 ms - 198[0m
2024-10-30 13:18:47 info: =================================
2024-10-30 13:18:47 info: ======= ENV: development =======
2024-10-30 13:18:47 info: 🚀 App listening on the port 5601
2024-10-30 13:18:47 info: =================================
2024-10-30 13:18:47 info: [0mGET /img/efe7ffe6-5404-4d35-aa11-d33d75491aed-1728051527546.jpeg [32m200[0m 4.208 ms - 67825[0m
2024-10-30 13:19:56 info: [0mGET /efe7ffe6-5404-4d35-aa11-d33d75491aed-1728051527546.jpeg [33m404[0m 1.895 ms - 194[0m
2024-10-30 13:20:50 info: =================================
2024-10-30 13:20:50 info: ======= ENV: development =======
2024-10-30 13:20:50 info: 🚀 App listening on the port 5601
2024-10-30 13:20:50 info: =================================
2024-10-30 13:20:51 info: [0mGET /efe7ffe6-5404-4d35-aa11-d33d75491aed-1728051527546.jpeg [33m404[0m 4.510 ms - 194[0m
2024-10-30 13:20:53 info: [0mGET /efe7ffe6-5404-4d35-aa11-d33d75491aed-1728051527546.jpeg [33m404[0m 1.454 ms - 194[0m
2024-10-30 13:20:54 info: [0mGET /efe7ffe6-5404-4d35-aa11-d33d75491aed-1728051527546.jpeg [33m404[0m 0.865 ms - 194[0m
2024-10-30 13:21:16 info: [0mGET /efe7ffe6-5404-4d35-aa11-d33d75491aed-1728051527546.jpeg [33m404[0m 0.882 ms - 194[0m
2024-10-30 13:21:19 info: =================================
2024-10-30 13:21:19 info: ======= ENV: development =======
2024-10-30 13:21:19 info: 🚀 App listening on the port 5601
2024-10-30 13:21:19 info: =================================
2024-10-30 13:21:19 info: [0mGET /efe7ffe6-5404-4d35-aa11-d33d75491aed-1728051527546.jpeg [33m404[0m 5.147 ms - 194[0m
2024-10-30 13:21:21 info: [0mGET /efe7ffe6-5404-4d35-aa11-d33d75491aed-1728051527546.jpeg [33m404[0m 1.283 ms - 194[0m
2024-10-30 13:26:34 info: =================================
2024-10-30 13:26:34 info: ======= ENV: development =======
2024-10-30 13:26:34 info: 🚀 App listening on the port 5601
2024-10-30 13:26:34 info: =================================
2024-10-30 13:27:23 info: =================================
2024-10-30 13:27:23 info: ======= ENV: development =======
2024-10-30 13:27:23 info: 🚀 App listening on the port 5601
2024-10-30 13:27:23 info: =================================
2024-10-30 13:27:23 info: [0mGET /efe7ffe6-5404-4d35-aa11-d33d75491aed-1728051527546.jpeg [31m500[0m 6.591 ms - 20[0m
2024-10-30 13:27:37 info: =================================
2024-10-30 13:27:37 info: ======= ENV: development =======
2024-10-30 13:27:37 info: 🚀 App listening on the port 5601
2024-10-30 13:27:37 info: =================================
2024-10-30 13:27:37 info: [0mGET /efe7ffe6-5404-4d35-aa11-d33d75491aed-1728051527546.jpeg [31m500[0m 5.994 ms - 20[0m
2024-10-30 13:27:53 info: [0mGET /0cef83cd-6bee-41fa-a1f9-9c63146647a2-1726865721894.jpeg [31m500[0m 2.018 ms - 20[0m
2024-10-30 13:28:23 info: =================================
2024-10-30 13:28:23 info: ======= ENV: development =======
2024-10-30 13:28:23 info: 🚀 App listening on the port 5601
2024-10-30 13:28:23 info: =================================
2024-10-30 13:28:23 info: [0mGET /0cef83cd-6bee-41fa-a1f9-9c63146647a2-1726865721894.jpeg [31m500[0m 7.639 ms - 20[0m
2024-10-30 13:28:35 info: [0mGET /0cef83cd-6bee-41fa-a1f9-9c63146647a2-1726865721894.jpeg [31m500[0m 2.167 ms - 20[0m
2024-10-30 13:28:37 info: =================================
2024-10-30 13:28:37 info: ======= ENV: development =======
2024-10-30 13:28:37 info: 🚀 App listening on the port 5601
2024-10-30 13:28:37 info: =================================
2024-10-30 13:28:39 info: [0mGET /0cef83cd-6bee-41fa-a1f9-9c63146647a2-1726865721894.jpeg [32m200[0m 5.177 ms - 126231[0m
2024-10-30 13:29:04 info: =================================
2024-10-30 13:29:04 info: ======= ENV: development =======
2024-10-30 13:29:04 info: 🚀 App listening on the port 5601
2024-10-30 13:29:04 info: =================================
2024-10-30 13:31:22 info: =================================
2024-10-30 13:31:22 info: ======= ENV: development =======
2024-10-30 13:31:22 info: 🚀 App listening on the port 5601
2024-10-30 13:31:22 info: =================================
2024-10-30 13:37:37 info: =================================
2024-10-30 13:37:37 info: ======= ENV: development =======
2024-10-30 13:37:37 info: 🚀 App listening on the port 5601
2024-10-30 13:37:37 info: =================================
2024-10-30 13:37:55 info: =================================
2024-10-30 13:37:55 info: ======= ENV: development =======
2024-10-30 13:37:55 info: 🚀 App listening on the port 5601
2024-10-30 13:37:55 info: =================================
2024-10-30 14:19:09 info: =================================
2024-10-30 14:19:09 info: ======= ENV: development =======
2024-10-30 14:19:09 info: 🚀 App listening on the port 5601
2024-10-30 14:19:09 info: =================================
2024-10-30 14:19:54 info: [0mGET /efe7ffe6-5404-4d35-aa11-d33d75491aed-1728051527546.jpeg [33m404[0m 5.035 ms - 194[0m
2024-10-30 14:20:00 info: [0mGET /img/efe7ffe6-5404-4d35-aa11-d33d75491aed-1728051527546.jpeg [31m500[0m 5.133 ms - 20[0m
2024-10-30 14:20:30 info: =================================
2024-10-30 14:20:30 info: ======= ENV: development =======
2024-10-30 14:20:30 info: 🚀 App listening on the port 5601
2024-10-30 14:20:30 info: =================================
2024-10-30 14:20:37 info: [0mGET /img/efe7ffe6-5404-4d35-aa11-d33d75491aed-1728051527546.jpeg [31m500[0m 7.891 ms - 20[0m
2024-10-30 14:20:40 info: =================================
2024-10-30 14:20:40 info: ======= ENV: development =======
2024-10-30 14:20:40 info: 🚀 App listening on the port 5601
2024-10-30 14:20:40 info: =================================
2024-10-30 14:20:41 info: [0mGET /img/efe7ffe6-5404-4d35-aa11-d33d75491aed-1728051527546.jpeg [32m200[0m 4.996 ms - 67825[0m
2024-10-30 14:22:42 info: =================================
2024-10-30 14:22:42 info: ======= ENV: development =======
2024-10-30 14:22:42 info: 🚀 App listening on the port 5601
2024-10-30 14:22:42 info: =================================
2024-10-30 14:22:44 info: [0mGET /img/efe7ffe6-5404-4d35-aa11-d33d75491aed-1728051527546.jpeg [36m304[0m 4.540 ms - -[0m
2024-10-30 14:22:46 info: [0mGET /img/efe7ffe6-5404-4d35-aa11-d33d75491aed-1728051527546.jpeg [36m304[0m 1.425 ms - -[0m
2024-10-30 16:45:20 info: =================================
2024-10-30 16:45:20 info: ======= ENV: development =======
2024-10-30 16:45:20 info: 🚀 App listening on the port 5601
2024-10-30 16:45:20 info: =================================
2024-10-30 16:48:22 info: =================================
2024-10-30 16:48:22 info: ======= ENV: development =======
2024-10-30 16:48:22 info: 🚀 App listening on the port 5601
2024-10-30 16:48:22 info: =================================
2024-10-30 16:48:55 info: [0mGET /img/efe7ffe6-5404-4d35-aa11-d33d75491aed-1728051527546.jpeg [36m304[0m 4.106 ms - -[0m
2024-10-30 16:48:57 info: [0mGET /img/efe7ffe6-5404-4d35-aa11-d33d75491aed-1728051527546.jpeg [36m304[0m 1.217 ms - -[0m
2024-10-30 16:49:09 info: =================================
2024-10-30 16:49:09 info: ======= ENV: development =======
2024-10-30 16:49:09 info: 🚀 App listening on the port 5601
2024-10-30 16:49:09 info: =================================
2024-10-30 16:49:09 info: [0mGET /img/efe7ffe6-5404-4d35-aa11-d33d75491aed-1728051527546.jpeg [36m304[0m 3.663 ms - -[0m
2024-10-30 16:54:21 info: =================================
2024-10-30 16:54:21 info: ======= ENV: development =======
2024-10-30 16:54:21 info: 🚀 App listening on the port 5601
2024-10-30 16:54:21 info: =================================
2024-10-30 16:54:46 info: =================================
2024-10-30 16:54:46 info: ======= ENV: development =======
2024-10-30 16:54:46 info: 🚀 App listening on the port 5601
2024-10-30 16:54:46 info: =================================
2024-10-30 16:57:32 info: [0mGET /img/511069f3-d955-4e92-8be7-3500b2be5fac-1726454900382.jpeg [32m200[0m 6.898 ms - 126231[0m
2024-10-30 16:57:32 info: [0mGET /img/dce6bc34-4553-43f9-9560-8619df690023-1726455431860.jpeg [32m200[0m 8.448 ms - 126231[0m
2024-10-30 16:57:37 info: [0mGET /img/511069f3-d955-4e92-8be7-3500b2be5fac-1726454900382.jpeg [32m200[0m 2.762 ms - 126231[0m
2024-10-30 16:57:37 info: [0mGET /img/dce6bc34-4553-43f9-9560-8619df690023-1726455431860.jpeg [32m200[0m 1.913 ms - 126231[0m
2024-10-30 16:58:47 info: =================================
2024-10-30 16:58:47 info: ======= ENV: development =======
2024-10-30 16:58:47 info: 🚀 App listening on the port 5601
2024-10-30 16:58:47 info: =================================
2024-10-30 16:59:44 info: =================================
2024-10-30 16:59:44 info: ======= ENV: development =======
2024-10-30 16:59:44 info: 🚀 App listening on the port 5601
2024-10-30 16:59:44 info: =================================
2024-10-30 17:02:51 info: =================================
2024-10-30 17:02:51 info: ======= ENV: development =======
2024-10-30 17:02:51 info: 🚀 App listening on the port 5601
2024-10-30 17:02:51 info: =================================
2024-10-30 17:03:08 info: =================================
2024-10-30 17:03:08 info: ======= ENV: development =======
2024-10-30 17:03:08 info: 🚀 App listening on the port 5601
2024-10-30 17:03:08 info: =================================
2024-10-30 17:04:13 info: =================================
2024-10-30 17:04:13 info: ======= ENV: development =======
2024-10-30 17:04:13 info: 🚀 App listening on the port 5601
2024-10-30 17:04:13 info: =================================
2024-10-30 21:50:24 info: =================================
2024-10-30 21:50:24 info: ======= ENV: development =======
2024-10-30 21:50:24 info: 🚀 App listening on the port 5601
2024-10-30 21:50:24 info: =================================
