2024-10-29 08:49:27 info: =================================
2024-10-29 08:49:27 info: ======= ENV: development =======
2024-10-29 08:49:27 info: 🚀 App listening on the port 5601
2024-10-29 08:49:27 info: =================================
2024-10-29 08:51:32 info: =================================
2024-10-29 08:51:32 info: ======= ENV: development =======
2024-10-29 08:51:32 info: 🚀 App listening on the port 5601
2024-10-29 08:51:32 info: =================================
2024-10-29 08:51:42 info: =================================
2024-10-29 08:51:42 info: ======= ENV: development =======
2024-10-29 08:51:42 info: 🚀 App listening on the port 5601
2024-10-29 08:51:42 info: =================================
2024-10-29 08:58:48 info: =================================
2024-10-29 08:58:48 info: ======= ENV: development =======
2024-10-29 08:58:48 info: 🚀 App listening on the port 5601
2024-10-29 08:58:48 info: =================================
2024-10-29 08:59:27 info: =================================
2024-10-29 08:59:27 info: ======= ENV: development =======
2024-10-29 08:59:27 info: 🚀 App listening on the port 5601
2024-10-29 08:59:27 info: =================================
2024-10-29 09:01:02 info: =================================
2024-10-29 09:01:02 info: ======= ENV: development =======
2024-10-29 09:01:02 info: 🚀 App listening on the port 5601
2024-10-29 09:01:02 info: =================================
2024-10-29 09:03:39 info: =================================
2024-10-29 09:03:39 info: ======= ENV: development =======
2024-10-29 09:03:39 info: 🚀 App listening on the port 5601
2024-10-29 09:03:39 info: =================================
2024-10-29 09:08:22 info: =================================
2024-10-29 09:08:23 info: ======= ENV: development =======
2024-10-29 09:08:23 info: 🚀 App listening on the port 5601
2024-10-29 09:08:23 info: =================================
2024-10-29 09:11:02 info: =================================
2024-10-29 09:11:02 info: ======= ENV: development =======
2024-10-29 09:11:02 info: 🚀 App listening on the port 5601
2024-10-29 09:11:02 info: =================================
2024-10-29 09:13:35 info: =================================
2024-10-29 09:13:35 info: ======= ENV: development =======
2024-10-29 09:13:35 info: 🚀 App listening on the port 5601
2024-10-29 09:13:35 info: =================================
2024-10-29 09:17:34 info: =================================
2024-10-29 09:17:34 info: ======= ENV: development =======
2024-10-29 09:17:34 info: 🚀 App listening on the port 5601
2024-10-29 09:17:34 info: =================================
2024-10-29 09:22:21 info: =================================
2024-10-29 09:22:21 info: ======= ENV: development =======
2024-10-29 09:22:21 info: 🚀 App listening on the port 5601
2024-10-29 09:22:21 info: =================================
2024-10-29 09:22:55 info: =================================
2024-10-29 09:22:55 info: ======= ENV: development =======
2024-10-29 09:22:55 info: 🚀 App listening on the port 5601
2024-10-29 09:22:55 info: =================================
2024-10-29 09:23:37 info: =================================
2024-10-29 09:23:37 info: ======= ENV: development =======
2024-10-29 09:23:37 info: 🚀 App listening on the port 5601
2024-10-29 09:23:37 info: =================================
2024-10-29 09:26:07 info: =================================
2024-10-29 09:26:07 info: ======= ENV: development =======
2024-10-29 09:26:07 info: 🚀 App listening on the port 5601
2024-10-29 09:26:07 info: =================================
2024-10-29 09:26:13 info: =================================
2024-10-29 09:26:13 info: ======= ENV: development =======
2024-10-29 09:26:13 info: 🚀 App listening on the port 5601
2024-10-29 09:26:13 info: =================================
2024-10-29 09:31:14 info: [0mOPTIONS /api/v1/video [32m204[0m 0.865 ms - 0[0m
2024-10-29 09:31:15 info: [0mPOST /api/v1/video [33m404[0m 1066.482 ms - 152[0m
2024-10-29 09:33:37 info: =================================
2024-10-29 09:33:37 info: ======= ENV: development =======
2024-10-29 09:33:37 info: 🚀 App listening on the port 5601
2024-10-29 09:33:37 info: =================================
2024-10-29 09:33:45 info: [0mOPTIONS /api/v1/video [32m204[0m 0.810 ms - 0[0m
2024-10-29 09:33:45 info: [0mPOST /api/v1/video [33m404[0m 200.562 ms - 152[0m
2024-10-29 09:34:13 info: [0mOPTIONS /api/v1/video [32m204[0m 0.600 ms - 0[0m
2024-10-29 09:34:14 info: [0mPOST /api/v1/video [33m404[0m 214.708 ms - 152[0m
2024-10-29 09:35:00 info: =================================
2024-10-29 09:35:00 info: ======= ENV: development =======
2024-10-29 09:35:00 info: 🚀 App listening on the port 5601
2024-10-29 09:35:00 info: =================================
2024-10-29 09:35:24 info: =================================
2024-10-29 09:35:24 info: ======= ENV: development =======
2024-10-29 09:35:24 info: 🚀 App listening on the port 5601
2024-10-29 09:35:24 info: =================================
2024-10-29 09:35:58 info: =================================
2024-10-29 09:35:58 info: ======= ENV: development =======
2024-10-29 09:35:58 info: 🚀 App listening on the port 5601
2024-10-29 09:35:58 info: =================================
2024-10-29 09:35:58 info: [0mOPTIONS /api/v1/video [32m204[0m 0.911 ms - 0[0m
2024-10-29 09:35:58 error: [POST] /api/v1/video >> StatusCode:: 500, Message:: ENOENT: no such file or directory, open 'D:\Developer Code\js\LM createor\nextjs_lmtv_ts_backend\uploads\videos\b4a1ab25-620e-4735-8766-8895187ac18a-1730183758803.mp4'
2024-10-29 09:35:58 info: [0mPOST /api/v1/video [31m500[0m 8.735 ms - 188[0m
2024-10-29 09:36:03 error: [POST] /api/v1/video >> StatusCode:: 500, Message:: ENOENT: no such file or directory, open 'D:\Developer Code\js\LM createor\nextjs_lmtv_ts_backend\uploads\videos\83ee2cc4-c478-4e2d-be39-e08797e6c80f-1730183763808.mp4'
2024-10-29 09:36:03 info: [0mPOST /api/v1/video [31m500[0m 2.647 ms - 188[0m
2024-10-29 09:36:08 error: [POST] /api/v1/video >> StatusCode:: 500, Message:: ENOENT: no such file or directory, open 'D:\Developer Code\js\LM createor\nextjs_lmtv_ts_backend\uploads\videos\ab0c9c13-9abe-4a82-81e7-a7b372aeb070-1730183768814.mp4'
2024-10-29 09:36:08 info: [0mPOST /api/v1/video [31m500[0m 1.917 ms - 188[0m
2024-10-29 09:36:50 info: =================================
2024-10-29 09:36:50 info: ======= ENV: development =======
2024-10-29 09:36:50 info: 🚀 App listening on the port 5601
2024-10-29 09:36:50 info: =================================
2024-10-29 09:37:04 info: [0mOPTIONS /api/v1/video [32m204[0m 1.206 ms - 0[0m
2024-10-29 09:37:05 info: [0mPOST /api/v1/video [31m500[0m 431.506 ms - 67[0m
2024-10-29 09:39:56 info: [0mGET /api/v1/video/hls/24862f69-0095-44a0-adef-47d821d9dd12-1730183824968/index.m3u8 [0m-[0m - ms - -[0m
2024-10-29 09:39:56 info: [0mGET /api/v1/video/hls/24862f69-0095-44a0-adef-47d821d9dd12-1730183824968/index.m3u8 [32m200[0m 1.598 ms - -[0m
2024-10-29 09:39:56 info: [0mGET /api/v1/video/hls/24862f69-0095-44a0-adef-47d821d9dd12-1730183824968/index0.ts [32m200[0m 1.004 ms - -[0m
2024-10-29 09:39:56 info: [0mGET /api/v1/video/hls/24862f69-0095-44a0-adef-47d821d9dd12-1730183824968/index1.ts [32m200[0m 0.767 ms - -[0m
2024-10-29 09:39:56 info: [0mGET /api/v1/video/hls/24862f69-0095-44a0-adef-47d821d9dd12-1730183824968/index2.ts [32m200[0m 1.024 ms - -[0m
2024-10-29 09:40:01 info: [0mGET /api/v1/video/hls/24862f69-0095-44a0-adef-47d821d9dd12-1730183824968/index3.ts [32m200[0m 0.654 ms - -[0m
2024-10-29 09:40:10 info: [0mGET /api/v1/video/hls/24862f69-0095-44a0-adef-47d821d9dd12-1730183824968/index4.ts [32m200[0m 0.625 ms - -[0m
2024-10-29 09:40:18 info: [0mGET /api/v1/video/hls/24862f69-0095-44a0-adef-47d821d9dd12-1730183824968/index5.ts [32m200[0m 0.812 ms - -[0m
2024-10-29 09:40:23 info: [0mGET /api/v1/video/hls/24862f69-0095-44a0-adef-47d821d9dd12-1730183824968/index45.ts [32m200[0m 0.924 ms - -[0m
2024-10-29 09:40:23 info: [0mGET /api/v1/video/hls/24862f69-0095-44a0-adef-47d821d9dd12-1730183824968/index46.ts [32m200[0m 0.853 ms - -[0m
2024-10-29 09:40:23 info: [0mGET /api/v1/video/hls/24862f69-0095-44a0-adef-47d821d9dd12-1730183824968/index47.ts [32m200[0m 0.769 ms - -[0m
2024-10-29 09:40:23 info: [0mGET /api/v1/video/hls/24862f69-0095-44a0-adef-47d821d9dd12-1730183824968/index48.ts [32m200[0m 0.883 ms - -[0m
2024-10-29 09:40:23 info: [0mGET /api/v1/video/hls/24862f69-0095-44a0-adef-47d821d9dd12-1730183824968/index49.ts [32m200[0m 0.865 ms - -[0m
2024-10-29 09:40:24 info: [0mGET /api/v1/video/hls/24862f69-0095-44a0-adef-47d821d9dd12-1730183824968/index79.ts [32m200[0m 0.787 ms - -[0m
2024-10-29 09:40:24 info: [0mGET /api/v1/video/hls/24862f69-0095-44a0-adef-47d821d9dd12-1730183824968/index80.ts [32m200[0m 0.780 ms - -[0m
2024-10-29 09:40:24 info: [0mGET /api/v1/video/hls/24862f69-0095-44a0-adef-47d821d9dd12-1730183824968/index81.ts [32m200[0m 0.790 ms - -[0m
2024-10-29 09:40:24 info: [0mGET /api/v1/video/hls/24862f69-0095-44a0-adef-47d821d9dd12-1730183824968/index82.ts [32m200[0m 0.720 ms - -[0m
2024-10-29 09:40:24 info: [0mGET /api/v1/video/hls/24862f69-0095-44a0-adef-47d821d9dd12-1730183824968/index83.ts [32m200[0m 0.733 ms - -[0m
2024-10-29 09:40:25 info: [0mGET /api/v1/video/hls/24862f69-0095-44a0-adef-47d821d9dd12-1730183824968/index121.ts [32m200[0m 1.288 ms - -[0m
2024-10-29 09:40:25 info: [0mGET /api/v1/video/hls/24862f69-0095-44a0-adef-47d821d9dd12-1730183824968/index122.ts [32m200[0m 0.810 ms - -[0m
2024-10-29 09:40:25 info: [0mGET /api/v1/video/hls/24862f69-0095-44a0-adef-47d821d9dd12-1730183824968/index123.ts [32m200[0m 0.656 ms - -[0m
2024-10-29 09:40:25 info: [0mGET /api/v1/video/hls/24862f69-0095-44a0-adef-47d821d9dd12-1730183824968/index124.ts [32m200[0m 0.639 ms - -[0m
2024-10-29 09:40:25 info: [0mGET /api/v1/video/hls/24862f69-0095-44a0-adef-47d821d9dd12-1730183824968/index125.ts [32m200[0m 0.705 ms - -[0m
2024-10-29 09:40:27 info: [0mGET /api/v1/video/hls/24862f69-0095-44a0-adef-47d821d9dd12-1730183824968/index166.ts [32m200[0m 1.442 ms - -[0m
2024-10-29 09:40:27 info: [0mGET /api/v1/video/hls/24862f69-0095-44a0-adef-47d821d9dd12-1730183824968/index167.ts [32m200[0m 0.682 ms - -[0m
2024-10-29 09:40:27 info: [0mGET /api/v1/video/hls/24862f69-0095-44a0-adef-47d821d9dd12-1730183824968/index168.ts [32m200[0m 0.642 ms - -[0m
2024-10-29 09:40:27 info: [0mGET /api/v1/video/hls/24862f69-0095-44a0-adef-47d821d9dd12-1730183824968/index169.ts [32m200[0m 0.641 ms - -[0m
2024-10-29 09:40:28 info: [0mGET /api/v1/video/hls/24862f69-0095-44a0-adef-47d821d9dd12-1730183824968/index186.ts [32m200[0m 0.857 ms - -[0m
2024-10-29 09:40:28 info: [0mGET /api/v1/video/hls/24862f69-0095-44a0-adef-47d821d9dd12-1730183824968/index187.ts [32m200[0m 0.578 ms - -[0m
2024-10-29 09:40:28 info: [0mGET /api/v1/video/hls/24862f69-0095-44a0-adef-47d821d9dd12-1730183824968/index188.ts [32m200[0m 0.793 ms - -[0m
2024-10-29 09:40:28 info: [0mGET /api/v1/video/hls/24862f69-0095-44a0-adef-47d821d9dd12-1730183824968/index189.ts [32m200[0m 0.609 ms - -[0m
2024-10-29 09:40:29 info: [0mGET /api/v1/video/hls/24862f69-0095-44a0-adef-47d821d9dd12-1730183824968/index203.ts [32m200[0m 0.790 ms - -[0m
2024-10-29 09:40:29 info: [0mGET /api/v1/video/hls/24862f69-0095-44a0-adef-47d821d9dd12-1730183824968/index204.ts [32m200[0m 0.546 ms - -[0m
2024-10-29 09:40:29 info: [0mGET /api/v1/video/hls/24862f69-0095-44a0-adef-47d821d9dd12-1730183824968/index205.ts [32m200[0m 0.785 ms - -[0m
2024-10-29 09:40:29 info: [0mGET /api/v1/video/hls/24862f69-0095-44a0-adef-47d821d9dd12-1730183824968/index206.ts [32m200[0m 1.203 ms - -[0m
2024-10-29 09:40:39 info: [0mGET /api/v1/video/hls/24862f69-0095-44a0-adef-47d821d9dd12-1730183824968/index207.ts [32m200[0m 0.667 ms - -[0m
2024-10-29 09:40:44 info: [0mGET /api/v1/video/hls/24862f69-0095-44a0-adef-47d821d9dd12-1730183824968/index208.ts [32m200[0m 0.556 ms - -[0m
2024-10-29 09:40:52 info: [0mGET /api/v1/video/hls/24862f69-0095-44a0-adef-47d821d9dd12-1730183824968/index209.ts [32m200[0m 0.647 ms - -[0m
2024-10-29 09:41:05 info: [0mGET /api/v1/video/hls/24862f69-0095-44a0-adef-47d821d9dd12-1730183824968/index210.ts [32m200[0m 1.759 ms - -[0m
2024-10-29 09:41:14 info: [0mGET /api/v1/video/hls/24862f69-0095-44a0-adef-47d821d9dd12-1730183824968/index211.ts [32m200[0m 0.654 ms - -[0m
2024-10-29 09:41:28 info: [0mGET /api/v1/video/hls/24862f69-0095-44a0-adef-47d821d9dd12-1730183824968/index212.ts [32m200[0m 0.648 ms - -[0m
2024-10-29 09:44:19 info: =================================
2024-10-29 09:44:19 info: ======= ENV: development =======
2024-10-29 09:44:19 info: 🚀 App listening on the port 5601
2024-10-29 09:44:19 info: =================================
2024-10-29 09:44:37 info: [0mOPTIONS /api/v1/video [32m204[0m 0.985 ms - 0[0m
2024-10-29 09:44:37 info: [0mPOST /api/v1/video [31m500[0m 336.720 ms - 67[0m
2024-10-29 09:45:05 info: [0mOPTIONS /api/v1/video [32m204[0m 0.632 ms - 0[0m
2024-10-29 09:45:08 info: =================================
2024-10-29 09:45:08 info: ======= ENV: development =======
2024-10-29 09:45:08 info: 🚀 App listening on the port 5601
2024-10-29 09:45:08 info: =================================
2024-10-29 09:45:17 info: [0mOPTIONS /api/v1/video [32m204[0m 1.244 ms - 0[0m
2024-10-29 09:45:18 info: [0mPOST /api/v1/video [31m500[0m 549.267 ms - 67[0m
2024-10-29 09:47:33 info: [0mOPTIONS /api/v1/video [32m204[0m 0.560 ms - 0[0m
2024-10-29 09:47:33 info: [0mPOST /api/v1/video [31m500[0m 325.772 ms - 67[0m
2024-10-29 09:50:52 info: [0mOPTIONS /api/v1/video [32m204[0m 0.523 ms - 0[0m
2024-10-29 09:50:52 info: [0mPOST /api/v1/video [31m500[0m 275.169 ms - 67[0m
2024-10-29 09:50:59 info: =================================
2024-10-29 09:50:59 info: ======= ENV: development =======
2024-10-29 09:50:59 info: 🚀 App listening on the port 5601
2024-10-29 09:50:59 info: =================================
2024-10-29 09:51:12 info: [0mOPTIONS /api/v1/video [32m204[0m 0.799 ms - 0[0m
2024-10-29 09:51:13 info: [0mPOST /api/v1/video [31m500[0m 322.027 ms - 67[0m
2024-10-29 09:52:06 info: [0mOPTIONS /api/v1/video [32m204[0m 0.693 ms - 0[0m
2024-10-29 09:52:07 info: [0mPOST /api/v1/video [31m500[0m 345.020 ms - 67[0m
2024-10-29 09:52:11 info: =================================
2024-10-29 09:52:11 info: ======= ENV: development =======
2024-10-29 09:52:11 info: 🚀 App listening on the port 5601
2024-10-29 09:52:11 info: =================================
2024-10-29 09:52:21 info: [0mOPTIONS /api/v1/video [32m204[0m 1.208 ms - 0[0m
2024-10-29 09:52:21 info: [0mPOST /api/v1/video [31m500[0m 391.753 ms - 67[0m
2024-10-29 09:54:21 info: [0mGET /api/v1/video/66f31f355f351b5331e27e61 [33m404[0m 2.888 ms - 176[0m
2024-10-29 09:55:01 info: [0mGET /api/v1/video/66f31f355f351b5331e27e61 [33m404[0m 0.564 ms - 176[0m
2024-10-29 09:55:03 info: [0mGET /api/v1/video/66f31f355f351b5331e27e61 [33m404[0m 0.423 ms - 176[0m
2024-10-29 09:55:04 info: [0mGET /api/v1/video/66f31f355f351b5331e27e61 [33m404[0m 0.465 ms - 176[0m
2024-10-29 09:55:08 info: =================================
2024-10-29 09:55:08 info: ======= ENV: development =======
2024-10-29 09:55:08 info: 🚀 App listening on the port 5601
2024-10-29 09:55:08 info: =================================
2024-10-29 09:55:08 info: [0mGET /api/v1/video/66f31f355f351b5331e27e61 [32m200[0m 12.327 ms - 719[0m
2024-10-29 09:58:40 info: =================================
2024-10-29 09:58:40 info: ======= ENV: development =======
2024-10-29 09:58:40 info: 🚀 App listening on the port 5601
2024-10-29 09:58:40 info: =================================
2024-10-29 09:58:48 info: =================================
2024-10-29 09:58:48 info: ======= ENV: development =======
2024-10-29 09:58:48 info: 🚀 App listening on the port 5601
2024-10-29 09:58:48 info: =================================
2024-10-29 09:58:54 info: [0mOPTIONS /api/v1/video [32m204[0m 1.355 ms - 0[0m
2024-10-29 09:58:54 info: [0mPOST /api/v1/video [31m500[0m 349.060 ms - 67[0m
2024-10-29 09:59:34 info: =================================
2024-10-29 09:59:34 info: ======= ENV: development =======
2024-10-29 09:59:34 info: 🚀 App listening on the port 5601
2024-10-29 09:59:34 info: =================================
2024-10-29 09:59:49 info: =================================
2024-10-29 09:59:49 info: ======= ENV: development =======
2024-10-29 09:59:49 info: 🚀 App listening on the port 5601
2024-10-29 09:59:49 info: =================================
2024-10-29 09:59:51 info: [0mOPTIONS /api/v1/video [32m204[0m 1.043 ms - 0[0m
2024-10-29 09:59:51 info: [0mPOST /api/v1/video [31m500[0m 313.127 ms - 67[0m
2024-10-29 10:00:40 info: [0mOPTIONS /api/v1/video [32m204[0m 0.156 ms - 0[0m
2024-10-29 10:00:40 info: [0mPOST /api/v1/video [31m500[0m 438.903 ms - 67[0m
2024-10-29 10:00:45 info: =================================
2024-10-29 10:00:45 info: ======= ENV: development =======
2024-10-29 10:00:45 info: 🚀 App listening on the port 5601
2024-10-29 10:00:45 info: =================================
2024-10-29 10:00:52 info: [0mOPTIONS /api/v1/video [32m204[0m 0.854 ms - 0[0m
2024-10-29 10:00:52 info: [0mPOST /api/v1/video [31m500[0m 332.853 ms - 67[0m
2024-10-29 10:02:29 info: =================================
2024-10-29 10:02:29 info: ======= ENV: development =======
2024-10-29 10:02:29 info: 🚀 App listening on the port 5601
2024-10-29 10:02:29 info: =================================
2024-10-29 10:02:36 info: [0mOPTIONS /api/v1/video [32m204[0m 0.878 ms - 0[0m
2024-10-29 10:02:36 info: [0mPOST /api/v1/video [31m500[0m 356.108 ms - 67[0m
2024-10-29 10:07:04 info: =================================
2024-10-29 10:07:04 info: ======= ENV: development =======
2024-10-29 10:07:04 info: 🚀 App listening on the port 5601
2024-10-29 10:07:04 info: =================================
2024-10-29 10:10:11 info: =================================
2024-10-29 10:10:11 info: ======= ENV: development =======
2024-10-29 10:10:11 info: 🚀 App listening on the port 5601
2024-10-29 10:10:11 info: =================================
2024-10-29 10:10:24 info: =================================
2024-10-29 10:10:24 info: ======= ENV: development =======
2024-10-29 10:10:24 info: 🚀 App listening on the port 5601
2024-10-29 10:10:24 info: =================================
2024-10-29 10:10:33 info: [0mOPTIONS /api/v1/video [32m204[0m 1.185 ms - 0[0m
2024-10-29 10:10:34 info: [0mPOST /api/v1/video [32m201[0m 386.981 ms - 418[0m
2024-10-29 10:10:59 info: =================================
2024-10-29 10:10:59 info: ======= ENV: development =======
2024-10-29 10:10:59 info: 🚀 App listening on the port 5601
2024-10-29 10:10:59 info: =================================
2024-10-29 10:11:30 info: =================================
2024-10-29 10:11:30 info: ======= ENV: development =======
2024-10-29 10:11:30 info: 🚀 App listening on the port 5601
2024-10-29 10:11:30 info: =================================
2024-10-29 10:12:12 info: [0mOPTIONS /api/v1/video [32m204[0m 0.785 ms - 0[0m
2024-10-29 10:12:13 info: [0mPOST /api/v1/video [31m500[0m 305.039 ms - 69[0m
2024-10-29 10:18:22 info: =================================
2024-10-29 10:18:22 info: ======= ENV: development =======
2024-10-29 10:18:22 info: 🚀 App listening on the port 5601
2024-10-29 10:18:22 info: =================================
2024-10-29 10:18:22 info: [0mOPTIONS /api/v1/video [32m204[0m 0.914 ms - 0[0m
2024-10-29 10:18:22 info: [0mPOST /api/v1/video [31m500[0m 273.891 ms - 69[0m
2024-10-29 10:19:35 info: [0mOPTIONS /api/v1/video [32m204[0m 0.147 ms - 0[0m
2024-10-29 10:19:35 info: [0mPOST /api/v1/video [32m201[0m 266.035 ms - 418[0m
2024-10-29 10:21:30 info: =================================
2024-10-29 10:21:30 info: ======= ENV: development =======
2024-10-29 10:21:30 info: 🚀 App listening on the port 5601
2024-10-29 10:21:30 info: =================================
2024-10-29 10:22:22 info: [0mOPTIONS /api/v1/video [32m204[0m 1.346 ms - 0[0m
2024-10-29 10:22:22 info: [0mPOST /api/v1/video [31m500[0m 7.587 ms - 61[0m
2024-10-29 10:22:46 info: [0mOPTIONS /api/v1/video [32m204[0m 0.128 ms - 0[0m
2024-10-29 10:22:46 info: [0mPOST /api/v1/video [31m500[0m 1.700 ms - 61[0m
2024-10-29 10:22:50 info: =================================
2024-10-29 10:22:50 info: ======= ENV: development =======
2024-10-29 10:22:50 info: 🚀 App listening on the port 5601
2024-10-29 10:22:50 info: =================================
2024-10-29 10:22:52 info: [0mOPTIONS /api/v1/video [32m204[0m 1.201 ms - 0[0m
2024-10-29 10:22:52 info: [0mPOST /api/v1/video [31m500[0m 6.864 ms - 61[0m
2024-10-29 10:23:34 info: [0mOPTIONS /api/v1/video [32m204[0m 0.158 ms - 0[0m
2024-10-29 10:23:34 info: [0mPOST /api/v1/video [31m500[0m 1.984 ms - 61[0m
2024-10-29 10:23:49 info: [0mOPTIONS /api/v1/video [32m204[0m 0.149 ms - 0[0m
2024-10-29 10:23:49 info: [0mPOST /api/v1/video [31m500[0m 1.392 ms - 61[0m
2024-10-29 10:23:56 info: =================================
2024-10-29 10:23:56 info: ======= ENV: development =======
2024-10-29 10:23:56 info: 🚀 App listening on the port 5601
2024-10-29 10:23:56 info: =================================
2024-10-29 10:23:59 info: [0mOPTIONS /api/v1/video [32m204[0m 1.045 ms - 0[0m
2024-10-29 10:23:59 info: [0mPOST /api/v1/video [31m500[0m 8.859 ms - 61[0m
2024-10-29 10:24:25 info: [0mOPTIONS /api/v1/video [32m204[0m 0.139 ms - 0[0m
2024-10-29 10:24:25 info: [0mPOST /api/v1/video [31m500[0m 1.998 ms - 61[0m
2024-10-29 10:25:12 info: =================================
2024-10-29 10:25:12 info: ======= ENV: development =======
2024-10-29 10:25:12 info: 🚀 App listening on the port 5601
2024-10-29 10:25:12 info: =================================
2024-10-29 10:25:54 info: [0mOPTIONS /api/v1/video [32m204[0m 0.799 ms - 0[0m
2024-10-29 10:25:54 info: [0mPOST /api/v1/video [31m500[0m 7.052 ms - 61[0m
2024-10-29 10:26:29 info: [0mOPTIONS /api/v1/video [32m204[0m 0.147 ms - 0[0m
2024-10-29 10:26:29 info: [0mPOST /api/v1/video [31m500[0m 1.884 ms - 61[0m
2024-10-29 10:26:34 info: =================================
2024-10-29 10:26:34 info: ======= ENV: development =======
2024-10-29 10:26:34 info: 🚀 App listening on the port 5601
2024-10-29 10:26:34 info: =================================
2024-10-29 10:26:34 info: [0mPOST /api/v1/video [31m500[0m 8.719 ms - 61[0m
2024-10-29 10:29:19 info: =================================
2024-10-29 10:29:19 info: ======= ENV: development =======
2024-10-29 10:29:19 info: 🚀 App listening on the port 5601
2024-10-29 10:29:19 info: =================================
2024-10-29 10:29:21 info: [0mOPTIONS /api/v1/video [32m204[0m 1.375 ms - 0[0m
2024-10-29 10:29:21 info: [0mPOST /api/v1/video [31m500[0m 11.363 ms - 61[0m
2024-10-29 10:30:57 info: [0mOPTIONS /api/v1/video [32m204[0m 0.135 ms - 0[0m
2024-10-29 10:30:57 info: [0mPOST /api/v1/video [31m500[0m 2.675 ms - 61[0m
2024-10-29 10:31:04 info: =================================
2024-10-29 10:31:04 info: ======= ENV: development =======
2024-10-29 10:31:04 info: 🚀 App listening on the port 5601
2024-10-29 10:31:04 info: =================================
2024-10-29 10:31:07 info: [0mOPTIONS /api/v1/video [32m204[0m 1.038 ms - 0[0m
2024-10-29 10:31:07 info: [0mPOST /api/v1/video [31m500[0m 10.888 ms - 61[0m
2024-10-29 10:31:47 info: =================================
2024-10-29 10:31:47 info: ======= ENV: development =======
2024-10-29 10:31:47 info: 🚀 App listening on the port 5601
2024-10-29 10:31:47 info: =================================
2024-10-29 10:31:48 info: [0mOPTIONS /api/v1/video [32m204[0m 0.837 ms - 0[0m
2024-10-29 10:31:48 info: [0mPOST /api/v1/video [31m500[0m 8.421 ms - 61[0m
2024-10-29 10:34:14 info: [0mOPTIONS /api/v1/video [32m204[0m 0.209 ms - 0[0m
2024-10-29 10:34:14 info: [0mPOST /api/v1/video [31m500[0m 3.732 ms - 61[0m
2024-10-29 10:34:21 info: =================================
2024-10-29 10:34:21 info: ======= ENV: development =======
2024-10-29 10:34:21 info: 🚀 App listening on the port 5601
2024-10-29 10:34:21 info: =================================
2024-10-29 10:34:24 info: [0mOPTIONS /api/v1/video [32m204[0m 0.965 ms - 0[0m
2024-10-29 10:34:24 info: [0mPOST /api/v1/video [31m500[0m 11.948 ms - 61[0m
2024-10-29 10:35:21 info: [0mOPTIONS /api/v1/video [32m204[0m 0.159 ms - 0[0m
2024-10-29 10:35:21 info: [0mPOST /api/v1/video [31m500[0m 2.857 ms - 61[0m
2024-10-29 10:35:28 info: =================================
2024-10-29 10:35:28 info: ======= ENV: development =======
2024-10-29 10:35:28 info: 🚀 App listening on the port 5601
2024-10-29 10:35:28 info: =================================
2024-10-29 10:35:52 info: =================================
2024-10-29 10:35:52 info: ======= ENV: development =======
2024-10-29 10:35:52 info: 🚀 App listening on the port 5601
2024-10-29 10:35:52 info: =================================
2024-10-29 10:35:57 info: [0mOPTIONS /api/v1/video [32m204[0m 0.945 ms - 0[0m
2024-10-29 10:35:57 info: [0mPOST /api/v1/video [31m500[0m 8.449 ms - 61[0m
2024-10-29 10:36:23 info: =================================
2024-10-29 10:36:23 info: ======= ENV: development =======
2024-10-29 10:36:23 info: 🚀 App listening on the port 5601
2024-10-29 10:36:23 info: =================================
2024-10-29 10:36:24 info: [0mOPTIONS /api/v1/video [32m204[0m 1.012 ms - 0[0m
2024-10-29 10:36:24 info: [0mPOST /api/v1/video [31m500[0m 11.074 ms - 61[0m
2024-10-29 10:36:35 info: [0mOPTIONS /api/v1/video [32m204[0m 0.152 ms - 0[0m
2024-10-29 10:36:35 info: [0mPOST /api/v1/video [31m500[0m 3.117 ms - 61[0m
2024-10-29 10:38:42 info: [0mOPTIONS /api/v1/video [32m204[0m 0.126 ms - 0[0m
2024-10-29 10:38:42 info: [0mPOST /api/v1/video [31m500[0m 2.337 ms - 61[0m
2024-10-29 10:38:45 info: =================================
2024-10-29 10:38:45 info: ======= ENV: development =======
2024-10-29 10:38:45 info: 🚀 App listening on the port 5601
2024-10-29 10:38:45 info: =================================
2024-10-29 10:38:48 info: [0mOPTIONS /api/v1/video [32m204[0m 0.836 ms - 0[0m
2024-10-29 10:38:48 info: [0mPOST /api/v1/video [31m500[0m 8.878 ms - 61[0m
2024-10-29 10:40:05 info: =================================
2024-10-29 10:40:05 info: ======= ENV: development =======
2024-10-29 10:40:05 info: 🚀 App listening on the port 5601
2024-10-29 10:40:05 info: =================================
2024-10-29 10:40:06 info: [0mOPTIONS /api/v1/video [32m204[0m 1.078 ms - 0[0m
2024-10-29 10:40:06 info: [0mPOST /api/v1/video [32m200[0m 13.908 ms - 2[0m
2024-10-29 10:41:08 info: =================================
2024-10-29 10:41:08 info: ======= ENV: development =======
2024-10-29 10:41:08 info: 🚀 App listening on the port 5601
2024-10-29 10:41:08 info: =================================
2024-10-29 10:41:19 info: =================================
2024-10-29 10:41:19 info: ======= ENV: development =======
2024-10-29 10:41:19 info: 🚀 App listening on the port 5601
2024-10-29 10:41:19 info: =================================
2024-10-29 10:41:34 info: [0mOPTIONS /api/v1/video [32m204[0m 0.833 ms - 0[0m
2024-10-29 10:41:34 info: [0mPOST /api/v1/video [32m201[0m 21.569 ms - 334[0m
2024-10-29 10:42:41 info: =================================
2024-10-29 10:42:41 info: ======= ENV: development =======
2024-10-29 10:42:41 info: 🚀 App listening on the port 5601
2024-10-29 10:42:41 info: =================================
2024-10-29 10:43:16 info: [0mOPTIONS /api/v1/video [32m204[0m 0.832 ms - 0[0m
2024-10-29 10:43:16 info: [0mPOST /api/v1/video [31m500[0m 336.438 ms - 61[0m
2024-10-29 10:44:35 info: [0mOPTIONS /api/v1/video [32m204[0m 0.990 ms - 0[0m
2024-10-29 10:44:36 info: [0mPOST /api/v1/video [32m201[0m 444.699 ms - 418[0m
2024-10-29 10:49:01 info: =================================
2024-10-29 10:49:01 info: ======= ENV: development =======
2024-10-29 10:49:01 info: 🚀 App listening on the port 5601
2024-10-29 10:49:01 info: =================================
2024-10-29 10:50:16 info: =================================
2024-10-29 10:50:16 info: ======= ENV: development =======
2024-10-29 10:50:16 info: 🚀 App listening on the port 5601
2024-10-29 10:50:16 info: =================================
2024-10-29 10:50:32 info: [0mOPTIONS /api/v1/video [32m204[0m 1.011 ms - 0[0m
2024-10-29 10:50:32 info: [0mPOST /api/v1/video [32m201[0m 308.399 ms - 418[0m
2024-10-29 10:52:07 info: [0mOPTIONS /api/v1/video [32m204[0m 0.537 ms - 0[0m
2024-10-29 10:52:08 info: [0mPOST /api/v1/video [31m500[0m 269.649 ms - 61[0m
2024-10-29 10:52:50 info: [0mOPTIONS /api/v1/video [32m204[0m 0.637 ms - 0[0m
2024-10-29 10:52:50 info: [0mPOST /api/v1/video [31m500[0m 267.169 ms - 61[0m
2024-10-29 10:52:55 info: =================================
2024-10-29 10:52:55 info: ======= ENV: development =======
2024-10-29 10:52:55 info: 🚀 App listening on the port 5601
2024-10-29 10:52:55 info: =================================
2024-10-29 10:53:07 info: [0mOPTIONS /api/v1/video [32m204[0m 0.834 ms - 0[0m
2024-10-29 10:53:07 info: [0mPOST /api/v1/video [31m500[0m 307.466 ms - 61[0m
2024-10-29 10:54:41 info: [0mOPTIONS /api/v1/video [32m204[0m 0.785 ms - 0[0m
2024-10-29 10:54:41 info: [0mPOST /api/v1/video [31m500[0m 258.805 ms - 61[0m
2024-10-29 10:54:46 info: =================================
2024-10-29 10:54:46 info: ======= ENV: development =======
2024-10-29 10:54:46 info: 🚀 App listening on the port 5601
2024-10-29 10:54:46 info: =================================
2024-10-29 10:54:49 info: [0mOPTIONS /api/v1/video [32m204[0m 1.017 ms - 0[0m
2024-10-29 10:54:49 info: [0mPOST /api/v1/video [31m500[0m 242.649 ms - 61[0m
2024-10-29 10:55:18 info: [0mOPTIONS /api/v1/video [32m204[0m 0.138 ms - 0[0m
2024-10-29 10:55:19 info: [0mPOST /api/v1/video [31m500[0m 287.627 ms - 61[0m
2024-10-29 10:55:22 info: =================================
2024-10-29 10:55:22 info: ======= ENV: development =======
2024-10-29 10:55:22 info: 🚀 App listening on the port 5601
2024-10-29 10:55:22 info: =================================
2024-10-29 10:55:31 info: [0mOPTIONS /api/v1/video [32m204[0m 0.897 ms - 0[0m
2024-10-29 10:55:31 info: [0mPOST /api/v1/video [32m201[0m 353.573 ms - 443[0m
2024-10-29 10:56:20 info: =================================
2024-10-29 10:56:20 info: ======= ENV: development =======
2024-10-29 10:56:20 info: 🚀 App listening on the port 5601
2024-10-29 10:56:20 info: =================================
2024-10-29 10:56:41 info: =================================
2024-10-29 10:56:41 info: ======= ENV: development =======
2024-10-29 10:56:41 info: 🚀 App listening on the port 5601
2024-10-29 10:56:41 info: =================================
2024-10-29 10:58:35 info: =================================
2024-10-29 10:58:35 info: ======= ENV: development =======
2024-10-29 10:58:35 info: 🚀 App listening on the port 5601
2024-10-29 10:58:35 info: =================================
2024-10-29 10:59:14 info: =================================
2024-10-29 10:59:14 info: ======= ENV: development =======
2024-10-29 10:59:14 info: 🚀 App listening on the port 5601
2024-10-29 10:59:14 info: =================================
2024-10-29 10:59:23 info: =================================
2024-10-29 10:59:23 info: ======= ENV: development =======
2024-10-29 10:59:23 info: 🚀 App listening on the port 5601
2024-10-29 10:59:23 info: =================================
2024-10-29 11:00:19 info: =================================
2024-10-29 11:00:19 info: ======= ENV: development =======
2024-10-29 11:00:19 info: 🚀 App listening on the port 5601
2024-10-29 11:00:19 info: =================================
2024-10-29 11:00:36 info: =================================
2024-10-29 11:00:36 info: ======= ENV: development =======
2024-10-29 11:00:36 info: 🚀 App listening on the port 5601
2024-10-29 11:00:36 info: =================================
2024-10-29 11:01:42 info: =================================
2024-10-29 11:01:42 info: ======= ENV: development =======
2024-10-29 11:01:42 info: 🚀 App listening on the port 5601
2024-10-29 11:01:42 info: =================================
2024-10-29 11:03:36 info: =================================
2024-10-29 11:03:36 info: ======= ENV: development =======
2024-10-29 11:03:36 info: 🚀 App listening on the port 5601
2024-10-29 11:03:36 info: =================================
2024-10-29 11:04:13 info: =================================
2024-10-29 11:04:13 info: ======= ENV: development =======
2024-10-29 11:04:13 info: 🚀 App listening on the port 5601
2024-10-29 11:04:13 info: =================================
2024-10-29 11:04:51 info: =================================
2024-10-29 11:04:51 info: ======= ENV: development =======
2024-10-29 11:04:51 info: 🚀 App listening on the port 5601
2024-10-29 11:04:51 info: =================================
2024-10-29 11:05:14 info: [0mGET /api/v1/video/66fff947e11f4ea69b185c7c [32m200[0m 12.268 ms - 367[0m
2024-10-29 11:05:43 info: [0mGET /api/v1/video/ [33m404[0m 1.661 ms - 152[0m
2024-10-29 11:08:57 info: [0mGET /api/v1/video/ [33m404[0m 0.967 ms - 152[0m
2024-10-29 11:09:02 info: =================================
2024-10-29 11:09:02 info: ======= ENV: development =======
2024-10-29 11:09:02 info: 🚀 App listening on the port 5601
2024-10-29 11:09:02 info: =================================
2024-10-29 11:09:03 info: [0mGET /api/v1/video/ [33m404[0m 3.794 ms - 152[0m
2024-10-29 11:09:03 info: [0mGET /api/v1/video/ [33m404[0m 1.159 ms - 152[0m
2024-10-29 11:09:07 info: [0mGET /api/v1/video/ [33m404[0m 0.585 ms - 152[0m
2024-10-29 11:09:21 info: =================================
2024-10-29 11:09:21 info: ======= ENV: development =======
2024-10-29 11:09:21 info: 🚀 App listening on the port 5601
2024-10-29 11:09:21 info: =================================
2024-10-29 11:09:31 info: =================================
2024-10-29 11:09:31 info: ======= ENV: development =======
2024-10-29 11:09:31 info: 🚀 App listening on the port 5601
2024-10-29 11:09:31 info: =================================
2024-10-29 11:09:31 info: [0mGET /api/v1/video/ [31m500[0m 6.245 ms - 185[0m
2024-10-29 11:09:34 info: [0mGET /api/v1/video/ [32m200[0m 53.605 ms - -[0m
2024-10-29 11:12:53 info: =================================
2024-10-29 11:12:53 info: ======= ENV: development =======
2024-10-29 11:12:53 info: 🚀 App listening on the port 5601
2024-10-29 11:12:53 info: =================================
2024-10-29 11:12:56 info: [0mGET /api/v1/subtitle/tv/stream/tt9813792/1/1/1/from.vtt [36m304[0m 282.674 ms - -[0m
2024-10-29 11:13:03 info: [0mGET /api/v1/subtitle/tv/stream/tt9813792/1/2/1/from.vtt [32m200[0m 227.185 ms - -[0m
2024-10-29 11:13:06 info: [0mGET /api/v1/subtitle/tv/stream/tt9813792/1/5/1/from.vtt [32m200[0m 242.705 ms - -[0m
2024-10-29 11:13:34 info: =================================
2024-10-29 11:13:34 info: ======= ENV: development =======
2024-10-29 11:13:34 info: 🚀 App listening on the port 5601
2024-10-29 11:13:34 info: =================================
2024-10-29 11:15:37 info: =================================
2024-10-29 11:15:37 info: ======= ENV: development =======
2024-10-29 11:15:37 info: 🚀 App listening on the port 5601
2024-10-29 11:15:37 info: =================================
2024-10-29 11:18:45 error: [POST] /api/v1/subtitle/Venom:-The-Last-Dance-2024 >> StatusCode:: 500, Message:: ENOENT: no such file or directory, open 'D:\Developer Code\js\LM createor\subscenebd\backend\test\arabic\subtitles\Venom:-The-Last-Dance-2024\Venom_ The Last Dance - Arabic - 3350768.zip'
2024-10-29 11:18:45 info: [0mPOST /api/v1/subtitle/Venom:-The-Last-Dance-2024 [31m500[0m 10.631 ms - 211[0m
2024-10-29 11:19:05 info: [0mGET /api/v1/subtitle/stream/Venom:-The-Last-Dance-2024/Venom_%20The%20Last%20Dance%20-%20Arabic%20-%203350768.zip/Venom.The.Last.Dance.2024.1080o.TELESYNC.X264.COLLECTiVE.vtt [32m200[0m 1.603 ms - 37[0m
2024-10-29 11:20:39 info: =================================
2024-10-29 11:20:39 info: ======= ENV: development =======
2024-10-29 11:20:39 info: 🚀 App listening on the port 5601
2024-10-29 11:20:39 info: =================================
2024-10-29 11:20:45 error: [POST] /api/v1/subtitle/Venom:-The-Last-Dance-2024 >> StatusCode:: 500, Message:: ENOENT: no such file or directory, open 'D:\Developer Code\js\LM createor\subscenebd\backend\test\arabic\subtitles\Venom:-The-Last-Dance-2024\Venom_ The Last Dance - Arabic - 3350768.zip'
2024-10-29 11:20:45 info: [0mPOST /api/v1/subtitle/Venom:-The-Last-Dance-2024 [31m500[0m 57.397 ms - 211[0m
2024-10-29 11:20:50 info: [0mGET /api/v1/subtitle/stream/Venom:-The-Last-Dance-2024/Venom_%20The%20Last%20Dance%20-%20Arabic%20-%203350768.zip/Venom.The.Last.Dance.2024.1080o.TELESYNC.X264.COLLECTiVE.vtt [36m304[0m 1.725 ms - -[0m
2024-10-29 11:23:11 info: [0mGET /api/v1/subtitle/stream/Venom:-The-Last-Dance-2024/Venom_%20The%20Last%20Dance%20-%20Arabic%20-%203350768.zip/Venom.The.Last.Dance.2024.1080o.TELESYNC.X264.COLLECTiVE.vtt [36m304[0m 0.734 ms - -[0m
2024-10-29 11:24:27 info: =================================
2024-10-29 11:24:27 info: ======= ENV: development =======
2024-10-29 11:24:27 info: 🚀 App listening on the port 5601
2024-10-29 11:24:27 info: =================================
2024-10-29 11:24:45 info: =================================
2024-10-29 11:24:45 info: ======= ENV: development =======
2024-10-29 11:24:45 info: 🚀 App listening on the port 5601
2024-10-29 11:24:45 info: =================================
2024-10-29 11:25:11 info: [0mPOST /api/v1/subtitle/Venom:-The-Last-Dance-2024 [31m500[0m 23.777 ms - 165[0m
2024-10-29 11:25:15 info: [0mGET /api/v1/subtitle/stream/Venom:-The-Last-Dance-2024/Venom_%20The%20Last%20Dance%20-%20Arabic%20-%203350768.zip/Venom.The.Last.Dance.2024.1080o.TELESYNC.X264.COLLECTiVE.vtt [36m304[0m 1.663 ms - -[0m
2024-10-29 11:29:17 info: =================================
2024-10-29 11:29:17 info: ======= ENV: development =======
2024-10-29 11:29:17 info: 🚀 App listening on the port 5601
2024-10-29 11:29:17 info: =================================
2024-10-29 11:30:14 info: =================================
2024-10-29 11:30:14 info: ======= ENV: development =======
2024-10-29 11:30:14 info: 🚀 App listening on the port 5601
2024-10-29 11:30:14 info: =================================
2024-10-29 11:30:56 info: =================================
2024-10-29 11:30:56 info: ======= ENV: development =======
2024-10-29 11:30:56 info: 🚀 App listening on the port 5601
2024-10-29 11:30:56 info: =================================
2024-10-29 11:32:06 info: =================================
2024-10-29 11:32:06 info: ======= ENV: development =======
2024-10-29 11:32:06 info: 🚀 App listening on the port 5601
2024-10-29 11:32:06 info: =================================
2024-10-29 11:32:45 info: =================================
2024-10-29 11:32:45 info: ======= ENV: development =======
2024-10-29 11:32:45 info: 🚀 App listening on the port 5601
2024-10-29 11:32:45 info: =================================
2024-10-29 11:43:02 info: [0mGET /api/v1/subtitle/stream/Venom-The-Last-Dance-2024/Venom_%20The%20Last%20Dance%20-%20Arabic%20-%203350768.zip/Venom.The.Last.Dance.2024.1080o.TELESYNC.X264.COLLECTiVE.vtt [32m200[0m 3.658 ms - 37[0m
2024-10-29 11:48:14 info: [0mGET /api/v1/subtitle/Venom-The-Last-Dance-2024 [32m200[0m 1.086 ms - -[0m
2024-10-29 11:48:36 info: [0mPOST /api/v1/subtitle/Venom-The-Last-Dance-2024 [31m500[0m 27.386 ms - 165[0m
2024-10-29 11:48:46 info: [0mGET /api/v1/subtitle/stream/Venom-The-Last-Dance-2024/Venom_%20The%20Last%20Dance%20-%20Arabic%20-%203350768.zip/Venom.The.Last.Dance.2024.1080o.TELESYNC.X264.COLLECTiVE.vtt [36m304[0m 0.810 ms - -[0m
2024-10-29 11:50:15 info: =================================
2024-10-29 11:50:15 info: ======= ENV: development =======
2024-10-29 11:50:15 info: 🚀 App listening on the port 5601
2024-10-29 11:50:15 info: =================================
2024-10-29 11:50:20 info: [0mPOST /api/v1/subtitle/Venom-The-Last-Dance-2024 [31m500[0m 23.437 ms - 165[0m
2024-10-29 11:50:26 info: [0mGET /api/v1/subtitle/stream/Venom-The-Last-Dance-2024/Venom_%20The%20Last%20Dance%20-%20Arabic%20-%203350768.zip/Venom.The.Last.Dance.2024.1080o.TELESYNC.X264.COLLECTiVE.vtt [32m200[0m 5.650 ms - -[0m
2024-10-29 11:53:23 info: [0mPOST /api/v1/subtitle/Venom-The-Last-Dance-2024 [31m500[0m 5.545 ms - 165[0m
2024-10-29 11:54:52 info: =================================
2024-10-29 11:54:52 info: ======= ENV: development =======
2024-10-29 11:54:52 info: 🚀 App listening on the port 5601
2024-10-29 11:54:52 info: =================================
2024-10-29 11:54:57 info: [0mGET /api/v1/subtitle/stream/Venom-The-Last-Dance-2024/Venom_%20The%20Last%20Dance%20-%20Arabic%20-%203350768.zip/Venom.The.Last.Dance.2024.1080o.TELESYNC.X264.COLLECTiVE.vtt [36m304[0m 7.076 ms - -[0m
2024-10-29 11:55:03 info: [0mPOST /api/v1/subtitle/Venom-The-Last-Dance-2024 [31m500[0m 24.278 ms - 165[0m
2024-10-29 11:55:06 info: [0mGET /api/v1/subtitle/stream/Venom-The-Last-Dance-2024/Venom_%20The%20Last%20Dance%20-%20Arabic%20-%203350768.zip/Venom.The.Last.Dance.2024.1080o.TELESYNC.X264.COLLECTiVE.vtt [36m304[0m 3.529 ms - -[0m
2024-10-29 11:56:36 info: =================================
2024-10-29 11:56:36 info: ======= ENV: development =======
2024-10-29 11:56:36 info: 🚀 App listening on the port 5601
2024-10-29 11:56:36 info: =================================
2024-10-29 12:00:23 info: =================================
2024-10-29 12:00:23 info: ======= ENV: development =======
2024-10-29 12:00:23 info: 🚀 App listening on the port 5601
2024-10-29 12:00:23 info: =================================
2024-10-29 12:00:42 info: [0mPOST /api/v1/subtitle/Venom-The-Last-Dance-2024 [31m500[0m 25.641 ms - 165[0m
2024-10-29 12:01:54 info: =================================
2024-10-29 12:01:54 info: ======= ENV: development =======
2024-10-29 12:01:54 info: 🚀 App listening on the port 5601
2024-10-29 12:01:54 info: =================================
2024-10-29 12:02:02 info: [0mPOST /api/v1/subtitle/Venom-The-Last-Dance-2024 [31m500[0m 25.546 ms - 165[0m
2024-10-29 12:03:17 info: =================================
2024-10-29 12:03:17 info: ======= ENV: development =======
2024-10-29 12:03:17 info: 🚀 App listening on the port 5601
2024-10-29 12:03:17 info: =================================
2024-10-29 12:12:41 info: [0mPOST /api/v1/subtitle/Venom-The-Last-Dance-2024 [31m500[0m 24.600 ms - 165[0m
2024-10-29 12:12:45 info: =================================
2024-10-29 12:12:45 info: ======= ENV: development =======
2024-10-29 12:12:45 info: 🚀 App listening on the port 5601
2024-10-29 12:12:45 info: =================================
2024-10-29 12:12:48 info: [0mPOST /api/v1/subtitle/Venom-The-Last-Dance-2024 [31m500[0m 26.604 ms - 165[0m
2024-10-29 12:13:39 info: =================================
2024-10-29 12:13:39 info: ======= ENV: development =======
2024-10-29 12:13:39 info: 🚀 App listening on the port 5601
2024-10-29 12:13:39 info: =================================
2024-10-29 12:13:39 info: [0mPOST /api/v1/subtitle/Venom-The-Last-Dance-2024 [31m500[0m 26.069 ms - 165[0m
2024-10-29 12:15:58 info: =================================
2024-10-29 12:15:58 info: ======= ENV: development =======
2024-10-29 12:15:58 info: 🚀 App listening on the port 5601
2024-10-29 12:15:58 info: =================================
2024-10-29 12:16:05 info: [0mPOST /api/v1/subtitle/Venom-The-Last-Dance-2024 [31m500[0m 27.908 ms - 165[0m
2024-10-29 12:16:55 info: [0mPOST /api/v1/subtitle/Venom-The-Last-Dance-2024 [31m500[0m 7.380 ms - 165[0m
2024-10-29 12:16:59 info: =================================
2024-10-29 12:16:59 info: ======= ENV: development =======
2024-10-29 12:16:59 info: 🚀 App listening on the port 5601
2024-10-29 12:16:59 info: =================================
2024-10-29 12:17:01 info: [0mPOST /api/v1/subtitle/Venom-The-Last-Dance-2024 [32m201[0m 63.967 ms - 560[0m
2024-10-29 12:19:22 info: [0mGET /api/v1/subtitle/movie/tt16366836 [32m200[0m 176.130 ms - 546[0m
2024-10-29 12:19:32 info: [0mDELETE /api/v1/subtitle/6720a80d07b02103562c7624 [32m200[0m 4.845 ms - 544[0m
2024-10-29 12:19:38 info: [0mDELETE /api/v1/subtitle/6720a80d07b02103562c7624 [32m200[0m 2.413 ms - 0[0m
2024-10-29 12:19:40 info: [0mDELETE /api/v1/subtitle/6720a80d07b02103562c7624 [32m200[0m 2.063 ms - 0[0m
2024-10-29 12:19:44 info: [0mGET /api/v1/subtitle/movie/tt16366836 [32m200[0m 205.302 ms - 2[0m
2024-10-29 12:20:44 info: =================================
2024-10-29 12:20:44 info: ======= ENV: development =======
2024-10-29 12:20:44 info: 🚀 App listening on the port 5601
2024-10-29 12:20:44 info: =================================
2024-10-29 12:21:58 info: [0mGET /api/v1/video/hls/19bd6a8b-d671-4158-821f-db5e595057b2-1730188531426/index.m3u8 [0m-[0m - ms - -[0m
2024-10-29 12:21:58 info: [0mGET /api/v1/video/hls/19bd6a8b-d671-4158-821f-db5e595057b2-1730188531426/index.m3u8 [32m200[0m 1.741 ms - -[0m
2024-10-29 12:21:58 info: [0mGET /api/v1/video/hls/19bd6a8b-d671-4158-821f-db5e595057b2-1730188531426/index0.ts [32m200[0m 1.043 ms - -[0m
2024-10-29 12:21:58 info: [0mGET /api/v1/video/hls/19bd6a8b-d671-4158-821f-db5e595057b2-1730188531426/index1.ts [32m200[0m 0.754 ms - -[0m
2024-10-29 12:21:58 info: [0mGET /api/v1/video/hls/19bd6a8b-d671-4158-821f-db5e595057b2-1730188531426/index2.ts [32m200[0m 0.883 ms - -[0m
2024-10-29 12:22:00 info: [0mGET /api/v1/video/hls/19bd6a8b-d671-4158-821f-db5e595057b2-1730188531426/index62.ts [32m200[0m 0.839 ms - -[0m
2024-10-29 12:22:00 info: [0mGET /api/v1/video/hls/19bd6a8b-d671-4158-821f-db5e595057b2-1730188531426/index63.ts [32m200[0m 1.909 ms - -[0m
2024-10-29 12:22:00 info: [0mGET /api/v1/video/hls/19bd6a8b-d671-4158-821f-db5e595057b2-1730188531426/index64.ts [32m200[0m 0.782 ms - -[0m
2024-10-29 12:22:00 info: [0mGET /api/v1/video/hls/19bd6a8b-d671-4158-821f-db5e595057b2-1730188531426/index65.ts [32m200[0m 0.817 ms - -[0m
2024-10-29 12:22:01 info: [0mGET /api/v1/video/hls/19bd6a8b-d671-4158-821f-db5e595057b2-1730188531426/index103.ts [32m200[0m 0.789 ms - -[0m
2024-10-29 12:22:01 info: [0mGET /api/v1/video/hls/19bd6a8b-d671-4158-821f-db5e595057b2-1730188531426/index104.ts [32m200[0m 1.499 ms - -[0m
2024-10-29 12:22:01 info: [0mGET /api/v1/video/hls/19bd6a8b-d671-4158-821f-db5e595057b2-1730188531426/index105.ts [32m200[0m 1.494 ms - -[0m
2024-10-29 12:22:02 info: [0mGET /api/v1/video/hls/19bd6a8b-d671-4158-821f-db5e595057b2-1730188531426/index106.ts [32m200[0m 0.766 ms - -[0m
2024-10-29 12:22:02 info: [0mGET /api/v1/video/hls/19bd6a8b-d671-4158-821f-db5e595057b2-1730188531426/index146.ts [32m200[0m 1.098 ms - -[0m
2024-10-29 12:22:02 info: [0mGET /api/v1/video/hls/19bd6a8b-d671-4158-821f-db5e595057b2-1730188531426/index147.ts [32m200[0m 1.066 ms - -[0m
2024-10-29 12:22:02 info: [0mGET /api/v1/video/hls/19bd6a8b-d671-4158-821f-db5e595057b2-1730188531426/index148.ts [32m200[0m 1.669 ms - -[0m
2024-10-29 12:22:02 info: [0mGET /api/v1/video/hls/19bd6a8b-d671-4158-821f-db5e595057b2-1730188531426/index149.ts [32m200[0m 0.663 ms - -[0m
2024-10-29 12:22:03 info: [0mGET /api/v1/video/hls/19bd6a8b-d671-4158-821f-db5e595057b2-1730188531426/index150.ts [32m200[0m 0.724 ms - -[0m
2024-10-29 12:22:04 info: [0mGET /api/v1/video/hls/19bd6a8b-d671-4158-821f-db5e595057b2-1730188531426/index195.ts [32m200[0m 0.803 ms - -[0m
2024-10-29 12:22:04 info: [0mGET /api/v1/video/hls/19bd6a8b-d671-4158-821f-db5e595057b2-1730188531426/index196.ts [32m200[0m 0.753 ms - -[0m
2024-10-29 12:22:04 info: [0mGET /api/v1/video/hls/19bd6a8b-d671-4158-821f-db5e595057b2-1730188531426/index197.ts [32m200[0m 0.930 ms - -[0m
2024-10-29 12:22:04 info: [0mGET /api/v1/video/hls/19bd6a8b-d671-4158-821f-db5e595057b2-1730188531426/index198.ts [32m200[0m 0.625 ms - -[0m
2024-10-29 12:22:09 info: [0mGET /api/v1/video/hls/19bd6a8b-d671-4158-821f-db5e595057b2-1730188531426/index214.ts [32m200[0m 0.873 ms - -[0m
2024-10-29 12:22:09 info: [0mGET /api/v1/video/hls/19bd6a8b-d671-4158-821f-db5e595057b2-1730188531426/index215.ts [32m200[0m 1.517 ms - -[0m
2024-10-29 12:22:09 info: [0mGET /api/v1/video/hls/19bd6a8b-d671-4158-821f-db5e595057b2-1730188531426/index216.ts [32m200[0m 0.991 ms - -[0m
2024-10-29 12:22:09 info: [0mGET /api/v1/video/hls/19bd6a8b-d671-4158-821f-db5e595057b2-1730188531426/index217.ts [32m200[0m 0.568 ms - -[0m
2024-10-29 12:22:10 info: [0mGET /api/v1/video/hls/19bd6a8b-d671-4158-821f-db5e595057b2-1730188531426/index228.ts [32m200[0m 0.690 ms - -[0m
2024-10-29 12:22:10 info: [0mGET /api/v1/video/hls/19bd6a8b-d671-4158-821f-db5e595057b2-1730188531426/index229.ts [32m200[0m 1.043 ms - -[0m
2024-10-29 12:22:10 info: [0mGET /api/v1/video/hls/19bd6a8b-d671-4158-821f-db5e595057b2-1730188531426/index230.ts [32m200[0m 0.709 ms - -[0m
2024-10-29 12:22:10 info: [0mGET /api/v1/video/hls/19bd6a8b-d671-4158-821f-db5e595057b2-1730188531426/index231.ts [32m200[0m 1.254 ms - -[0m
2024-10-29 12:22:10 info: [0mGET /api/v1/video/hls/19bd6a8b-d671-4158-821f-db5e595057b2-1730188531426/index232.ts [32m200[0m 0.695 ms - -[0m
2024-10-29 12:25:09 info: =================================
2024-10-29 12:25:09 info: ======= ENV: development =======
2024-10-29 12:25:09 info: 🚀 App listening on the port 5601
2024-10-29 12:25:09 info: =================================
2024-10-29 12:26:57 info: [0mPOST /api/v1/subtitle/Venom-The-Last-Dance-2024 [32m201[0m 21.935 ms - 560[0m
2024-10-29 12:27:00 info: [0mGET /api/v1/subtitle/stream/Venom-The-Last-Dance-2024/Venom_%20The%20Last%20Dance%20-%20Arabic%20-%203350768.zip/Venom.The.Last.Dance.2024.1080o.TELESYNC.X264.COLLECTiVE.vtt [36m304[0m 4.841 ms - -[0m
2024-10-29 13:04:32 info: =================================
2024-10-29 13:04:32 info: ======= ENV: development =======
2024-10-29 13:04:32 info: 🚀 App listening on the port 5601
2024-10-29 13:04:32 info: =================================
2024-10-29 13:09:12 info: =================================
2024-10-29 13:09:12 info: ======= ENV: development =======
2024-10-29 13:09:12 info: 🚀 App listening on the port 5601
2024-10-29 13:09:12 info: =================================
2024-10-29 13:10:12 info: =================================
2024-10-29 13:10:12 info: ======= ENV: development =======
2024-10-29 13:10:12 info: 🚀 App listening on the port 5601
2024-10-29 13:10:12 info: =================================
2024-10-29 13:10:39 info: =================================
2024-10-29 13:10:39 info: ======= ENV: development =======
2024-10-29 13:10:39 info: 🚀 App listening on the port 5601
2024-10-29 13:10:39 info: =================================
2024-10-29 13:10:58 info: =================================
2024-10-29 13:10:58 info: ======= ENV: development =======
2024-10-29 13:10:58 info: 🚀 App listening on the port 5601
2024-10-29 13:10:58 info: =================================
2024-10-29 13:13:40 info: =================================
2024-10-29 13:13:40 info: ======= ENV: development =======
2024-10-29 13:13:40 info: 🚀 App listening on the port 5601
2024-10-29 13:13:40 info: =================================
2024-10-29 13:16:12 info: =================================
2024-10-29 13:16:12 info: ======= ENV: development =======
2024-10-29 13:16:12 info: 🚀 App listening on the port 5601
2024-10-29 13:16:12 info: =================================
2024-10-29 13:16:27 info: =================================
2024-10-29 13:16:27 info: ======= ENV: development =======
2024-10-29 13:16:27 info: 🚀 App listening on the port 5601
2024-10-29 13:16:27 info: =================================
2024-10-29 13:17:09 info: =================================
2024-10-29 13:17:09 info: ======= ENV: development =======
2024-10-29 13:17:09 info: 🚀 App listening on the port 5601
2024-10-29 13:17:09 info: =================================
2024-10-29 13:17:29 info: =================================
2024-10-29 13:17:29 info: ======= ENV: development =======
2024-10-29 13:17:29 info: 🚀 App listening on the port 5601
2024-10-29 13:17:29 info: =================================
2024-10-29 13:18:39 info: =================================
2024-10-29 13:18:39 info: ======= ENV: development =======
2024-10-29 13:18:39 info: 🚀 App listening on the port 5601
2024-10-29 13:18:39 info: =================================
2024-10-29 13:19:23 info: =================================
2024-10-29 13:19:23 info: ======= ENV: development =======
2024-10-29 13:19:23 info: 🚀 App listening on the port 5601
2024-10-29 13:19:23 info: =================================
2024-10-29 13:19:34 info: =================================
2024-10-29 13:19:34 info: ======= ENV: development =======
2024-10-29 13:19:34 info: 🚀 App listening on the port 5601
2024-10-29 13:19:34 info: =================================
2024-10-29 13:20:45 info: =================================
2024-10-29 13:20:45 info: ======= ENV: development =======
2024-10-29 13:20:45 info: 🚀 App listening on the port 5601
2024-10-29 13:20:45 info: =================================
2024-10-29 13:22:45 info: =================================
2024-10-29 13:22:45 info: ======= ENV: development =======
2024-10-29 13:22:45 info: 🚀 App listening on the port 5601
2024-10-29 13:22:45 info: =================================
2024-10-29 13:23:10 info: =================================
2024-10-29 13:23:10 info: ======= ENV: development =======
2024-10-29 13:23:10 info: 🚀 App listening on the port 5601
2024-10-29 13:23:10 info: =================================
2024-10-29 13:23:19 info: =================================
2024-10-29 13:23:19 info: ======= ENV: development =======
2024-10-29 13:23:19 info: 🚀 App listening on the port 5601
2024-10-29 13:23:19 info: =================================
2024-10-29 13:25:28 info: =================================
2024-10-29 13:25:28 info: ======= ENV: development =======
2024-10-29 13:25:28 info: 🚀 App listening on the port 5601
2024-10-29 13:25:28 info: =================================
2024-10-29 13:25:38 info: =================================
2024-10-29 13:25:38 info: ======= ENV: development =======
2024-10-29 13:25:38 info: 🚀 App listening on the port 5601
2024-10-29 13:25:38 info: =================================
2024-10-29 13:25:52 info: =================================
2024-10-29 13:25:52 info: ======= ENV: development =======
2024-10-29 13:25:52 info: 🚀 App listening on the port 5601
2024-10-29 13:25:52 info: =================================
2024-10-29 13:26:14 info: [0mGET /api/v1/source/912649 [33m404[0m 4.004 ms - 159[0m
2024-10-29 13:28:27 info: =================================
2024-10-29 13:28:27 info: ======= ENV: development =======
2024-10-29 13:28:27 info: 🚀 App listening on the port 5601
2024-10-29 13:28:27 info: =================================
2024-10-29 13:28:28 info: [0mGET /api/v1/source/movie/912649 [33m404[0m 3.458 ms - 165[0m
2024-10-29 13:28:55 info: =================================
2024-10-29 13:28:55 info: ======= ENV: development =======
2024-10-29 13:28:55 info: 🚀 App listening on the port 5601
2024-10-29 13:28:55 info: =================================
2024-10-29 13:29:22 info: [0mGET /api/v1/source/movie/912649 [33m404[0m 3.827 ms - 165[0m
2024-10-29 13:30:41 info: =================================
2024-10-29 13:30:41 info: ======= ENV: development =======
2024-10-29 13:30:41 info: 🚀 App listening on the port 5601
2024-10-29 13:30:41 info: =================================
2024-10-29 13:30:42 info: [0mGET /api/v1/source/movie/912649 [32m201[0m 3.362 ms - 8[0m
2024-10-29 13:31:01 info: =================================
2024-10-29 13:31:01 info: ======= ENV: development =======
2024-10-29 13:31:01 info: 🚀 App listening on the port 5601
2024-10-29 13:31:01 info: =================================
2024-10-29 13:33:24 info: =================================
2024-10-29 13:33:24 info: ======= ENV: development =======
2024-10-29 13:33:24 info: 🚀 App listening on the port 5601
2024-10-29 13:33:24 info: =================================
2024-10-29 13:33:32 info: =================================
2024-10-29 13:33:32 info: ======= ENV: development =======
2024-10-29 13:33:32 info: 🚀 App listening on the port 5601
2024-10-29 13:33:32 info: =================================
2024-10-29 13:33:35 info: [0mGET /api/v1/source/movie/912649 [32m201[0m 3.738 ms - 8[0m
2024-10-29 13:35:04 info: [0mGET /api/v1/source/movie/912649 [32m201[0m 0.987 ms - 8[0m
2024-10-29 13:35:10 info: =================================
2024-10-29 13:35:10 info: ======= ENV: development =======
2024-10-29 13:35:10 info: 🚀 App listening on the port 5601
2024-10-29 13:35:10 info: =================================
2024-10-29 13:35:14 info: [0mGET /api/v1/source/movie/912649 [32m201[0m 333.695 ms - 8[0m
2024-10-29 13:38:31 info: =================================
2024-10-29 13:38:31 info: ======= ENV: development =======
2024-10-29 13:38:31 info: 🚀 App listening on the port 5601
2024-10-29 13:38:31 info: =================================
2024-10-29 13:38:42 info: [0mGET /api/v1/source/movie/912649 [32m201[0m 434.103 ms - 8[0m
2024-10-29 13:38:55 info: [0mGET /api/v1/source/movie/912649 [32m201[0m 419.670 ms - 8[0m
2024-10-29 13:39:08 info: =================================
2024-10-29 13:39:08 info: ======= ENV: development =======
2024-10-29 13:39:08 info: 🚀 App listening on the port 5601
2024-10-29 13:39:08 info: =================================
2024-10-29 13:39:11 info: [0mGET /api/v1/source/movie/912649 [32m201[0m 420.612 ms - 533[0m
2024-10-29 13:45:05 info: =================================
2024-10-29 13:45:05 info: ======= ENV: development =======
2024-10-29 13:45:05 info: 🚀 App listening on the port 5601
2024-10-29 13:45:05 info: =================================
2024-10-29 13:45:32 info: =================================
2024-10-29 13:45:32 info: ======= ENV: development =======
2024-10-29 13:45:32 info: 🚀 App listening on the port 5601
2024-10-29 13:45:32 info: =================================
2024-10-29 13:45:39 info: =================================
2024-10-29 13:45:39 info: ======= ENV: development =======
2024-10-29 13:45:39 info: 🚀 App listening on the port 5601
2024-10-29 13:45:39 info: =================================
2024-10-29 13:55:33 info: [0mGET /api/v1/source/movie/912649 [32m201[0m 433.639 ms - 555[0m
2024-10-29 13:57:23 info: =================================
2024-10-29 13:57:23 info: ======= ENV: development =======
2024-10-29 13:57:23 info: 🚀 App listening on the port 5601
2024-10-29 13:57:23 info: =================================
2024-10-29 13:58:04 info: =================================
2024-10-29 13:58:04 info: ======= ENV: development =======
2024-10-29 13:58:04 info: 🚀 App listening on the port 5601
2024-10-29 13:58:04 info: =================================
2024-10-29 13:59:52 info: =================================
2024-10-29 13:59:52 info: ======= ENV: development =======
2024-10-29 13:59:52 info: 🚀 App listening on the port 5601
2024-10-29 13:59:52 info: =================================
2024-10-29 14:00:00 info: =================================
2024-10-29 14:00:00 info: ======= ENV: development =======
2024-10-29 14:00:00 info: 🚀 App listening on the port 5601
2024-10-29 14:00:00 info: =================================
2024-10-29 14:01:23 info: =================================
2024-10-29 14:01:23 info: ======= ENV: development =======
2024-10-29 14:01:23 info: 🚀 App listening on the port 5601
2024-10-29 14:01:23 info: =================================
2024-10-29 14:05:10 info: =================================
2024-10-29 14:05:10 info: ======= ENV: development =======
2024-10-29 14:05:10 info: 🚀 App listening on the port 5601
2024-10-29 14:05:10 info: =================================
2024-10-29 14:06:29 info: =================================
2024-10-29 14:06:29 info: ======= ENV: development =======
2024-10-29 14:06:29 info: 🚀 App listening on the port 5601
2024-10-29 14:06:29 info: =================================
2024-10-29 14:06:36 info: =================================
2024-10-29 14:06:36 info: ======= ENV: development =======
2024-10-29 14:06:36 info: 🚀 App listening on the port 5601
2024-10-29 14:06:36 info: =================================
2024-10-29 14:07:22 info: =================================
2024-10-29 14:07:22 info: ======= ENV: development =======
2024-10-29 14:07:22 info: 🚀 App listening on the port 5601
2024-10-29 14:07:22 info: =================================
2024-10-29 14:08:06 info: =================================
2024-10-29 14:08:06 info: ======= ENV: development =======
2024-10-29 14:08:06 info: 🚀 App listening on the port 5601
2024-10-29 14:08:06 info: =================================
2024-10-29 14:08:14 info: [0mGET /api/v1/source/movie/912649 [32m201[0m 476.974 ms - 572[0m
2024-10-29 14:09:21 info: =================================
2024-10-29 14:09:21 info: ======= ENV: development =======
2024-10-29 14:09:21 info: 🚀 App listening on the port 5601
2024-10-29 14:09:21 info: =================================
2024-10-29 14:09:29 info: =================================
2024-10-29 14:09:29 info: ======= ENV: development =======
2024-10-29 14:09:29 info: 🚀 App listening on the port 5601
2024-10-29 14:09:29 info: =================================
2024-10-29 14:10:06 info: =================================
2024-10-29 14:10:06 info: ======= ENV: development =======
2024-10-29 14:10:06 info: 🚀 App listening on the port 5601
2024-10-29 14:10:06 info: =================================
2024-10-29 14:10:17 info: =================================
2024-10-29 14:10:17 info: ======= ENV: development =======
2024-10-29 14:10:17 info: 🚀 App listening on the port 5601
2024-10-29 14:10:17 info: =================================
2024-10-29 14:11:03 info: =================================
2024-10-29 14:11:03 info: ======= ENV: development =======
2024-10-29 14:11:03 info: 🚀 App listening on the port 5601
2024-10-29 14:11:03 info: =================================
2024-10-29 14:14:39 info: =================================
2024-10-29 14:14:39 info: ======= ENV: development =======
2024-10-29 14:14:39 info: 🚀 App listening on the port 5601
2024-10-29 14:14:39 info: =================================
2024-10-29 14:14:48 info: [0mGET /api/v1/source/movie/912649 [32m201[0m 438.865 ms - 572[0m
2024-10-29 14:15:38 info: =================================
2024-10-29 14:15:38 info: ======= ENV: development =======
2024-10-29 14:15:38 info: 🚀 App listening on the port 5601
2024-10-29 14:15:38 info: =================================
2024-10-29 14:15:40 info: [0mGET /api/v1/source/movie/vidlinkpro/912649 [32m201[0m 330.742 ms - -[0m
2024-10-29 14:15:51 info: [0mGET /api/v1/source/movie/vidlinkpro/912649 [32m201[0m 303.556 ms - -[0m
2024-10-29 14:16:26 info: =================================
2024-10-29 14:16:26 info: ======= ENV: development =======
2024-10-29 14:16:26 info: 🚀 App listening on the port 5601
2024-10-29 14:16:26 info: =================================
2024-10-29 14:16:26 info: [0mGET /api/v1/source/movie/vidlinkpro/912649 [32m201[0m 339.196 ms - -[0m
2024-10-29 14:16:58 info: [0mGET /api/v1/source/movie/vidlinkpro/912649 [32m201[0m 284.262 ms - -[0m
2024-10-29 14:17:05 info: =================================
2024-10-29 14:17:05 info: ======= ENV: development =======
2024-10-29 14:17:05 info: 🚀 App listening on the port 5601
2024-10-29 14:17:05 info: =================================
2024-10-29 14:17:06 info: [0mGET /api/v1/source/movie/vidlinkpro/912649 [32m201[0m 330.417 ms - -[0m
2024-10-29 14:19:28 info: =================================
2024-10-29 14:19:28 info: ======= ENV: development =======
2024-10-29 14:19:28 info: 🚀 App listening on the port 5601
2024-10-29 14:19:28 info: =================================
2024-10-29 14:19:53 info: =================================
2024-10-29 14:19:53 info: ======= ENV: development =======
2024-10-29 14:19:53 info: 🚀 App listening on the port 5601
2024-10-29 14:19:53 info: =================================
2024-10-29 14:20:32 info: =================================
2024-10-29 14:20:32 info: ======= ENV: development =======
2024-10-29 14:20:32 info: 🚀 App listening on the port 5601
2024-10-29 14:20:32 info: =================================
2024-10-29 14:20:42 info: =================================
2024-10-29 14:20:42 info: ======= ENV: development =======
2024-10-29 14:20:42 info: 🚀 App listening on the port 5601
2024-10-29 14:20:42 info: =================================
2024-10-29 14:22:07 info: =================================
2024-10-29 14:22:07 info: ======= ENV: development =======
2024-10-29 14:22:07 info: 🚀 App listening on the port 5601
2024-10-29 14:22:07 info: =================================
2024-10-29 14:50:48 info: =================================
2024-10-29 14:50:48 info: ======= ENV: development =======
2024-10-29 14:50:48 info: 🚀 App listening on the port 5601
2024-10-29 14:50:48 info: =================================
2024-10-29 14:51:08 info: [0mGET /api/v1/source/movie/vidsrcrip/912649 [33m404[0m 4.024 ms - 175[0m
2024-10-29 14:51:11 info: =================================
2024-10-29 14:51:11 info: ======= ENV: development =======
2024-10-29 14:51:11 info: 🚀 App listening on the port 5601
2024-10-29 14:51:11 info: =================================
2024-10-29 14:51:18 info: [0mGET /api/v1/source/movie/vidsrcrip/912649 [32m201[0m 2415.936 ms - 118[0m
2024-10-29 14:53:18 info: =================================
2024-10-29 14:53:18 info: ======= ENV: development =======
2024-10-29 14:53:18 info: 🚀 App listening on the port 5601
2024-10-29 14:53:18 info: =================================
2024-10-29 14:53:20 info: [0mGET /api/v1/source/movie/vidsrcrip/912649 [32m201[0m 927.449 ms - -[0m
2024-10-29 14:54:01 info: =================================
2024-10-29 14:54:01 info: ======= ENV: development =======
2024-10-29 14:54:01 info: 🚀 App listening on the port 5601
2024-10-29 14:54:01 info: =================================
2024-10-29 14:54:04 info: [0mGET /api/v1/source/movie/vidsrcrip/912649 [32m201[0m 2192.015 ms - -[0m
2024-10-29 14:55:28 info: [0mGET /api/v1/source/movie/vidsrcrip/912649 [32m201[0m 859.820 ms - -[0m
2024-10-29 14:55:31 info: [0mGET /api/v1/source/movie/vidsrcrip/912649 [32m201[0m 635.540 ms - -[0m
2024-10-29 14:55:35 info: =================================
2024-10-29 14:55:35 info: ======= ENV: development =======
2024-10-29 14:55:35 info: 🚀 App listening on the port 5601
2024-10-29 14:55:35 info: =================================
2024-10-29 14:56:02 info: [0mGET /api/v1/source/movie/vidsrcrip/912649 [32m201[0m 19688.899 ms - 31[0m
2024-10-29 15:20:52 info: =================================
2024-10-29 15:20:52 info: ======= ENV: development =======
2024-10-29 15:20:52 info: 🚀 App listening on the port 5601
2024-10-29 15:20:52 info: =================================
2024-10-29 15:21:04 info: =================================
2024-10-29 15:21:04 info: ======= ENV: development =======
2024-10-29 15:21:04 info: 🚀 App listening on the port 5601
2024-10-29 15:21:04 info: =================================
2024-10-29 15:23:26 info: =================================
2024-10-29 15:23:26 info: ======= ENV: development =======
2024-10-29 15:23:26 info: 🚀 App listening on the port 5601
2024-10-29 15:23:26 info: =================================
2024-10-29 15:25:17 info: =================================
2024-10-29 15:25:17 info: ======= ENV: development =======
2024-10-29 15:25:17 info: 🚀 App listening on the port 5601
2024-10-29 15:25:17 info: =================================
2024-10-29 15:29:48 info: =================================
2024-10-29 15:29:48 info: ======= ENV: development =======
2024-10-29 15:29:48 info: 🚀 App listening on the port 5601
2024-10-29 15:29:48 info: =================================
2024-10-29 15:30:05 info: =================================
2024-10-29 15:30:05 info: ======= ENV: development =======
2024-10-29 15:30:05 info: 🚀 App listening on the port 5601
2024-10-29 15:30:05 info: =================================
2024-10-29 15:30:33 info: [0mGET /api/v1/source/movie/movieclub/912649 [33m404[0m 4.577 ms - 175[0m
2024-10-29 15:31:00 info: [0mGET /api/v1/source/movie/movieclub/912649 [33m404[0m 1.095 ms - 175[0m
2024-10-29 15:31:10 info: =================================
2024-10-29 15:31:10 info: ======= ENV: development =======
2024-10-29 15:31:10 info: 🚀 App listening on the port 5601
2024-10-29 15:31:10 info: =================================
2024-10-29 15:31:14 info: [0mGET /api/v1/source/movie/movieclub/912649 [32m201[0m 441.220 ms - -[0m
2024-10-29 15:33:30 info: =================================
2024-10-29 15:33:30 info: ======= ENV: development =======
2024-10-29 15:33:30 info: 🚀 App listening on the port 5601
2024-10-29 15:33:30 info: =================================
2024-10-29 15:33:31 info: [0mGET /api/v1/source/movie/movieclub/912649 [32m201[0m 494.580 ms - -[0m
2024-10-29 15:34:03 info: =================================
2024-10-29 15:34:03 info: ======= ENV: development =======
2024-10-29 15:34:03 info: 🚀 App listening on the port 5601
2024-10-29 15:34:03 info: =================================
2024-10-29 15:34:03 info: [0mGET /api/v1/source/movie/movieclub/912649 [32m201[0m 423.761 ms - 57[0m
2024-10-29 15:36:03 info: [0mGET /api/v1/source/movie/movieclub/912649 [32m201[0m 383.472 ms - 57[0m
2024-10-29 15:36:11 info: =================================
2024-10-29 15:36:11 info: ======= ENV: development =======
2024-10-29 15:36:11 info: 🚀 App listening on the port 5601
2024-10-29 15:36:11 info: =================================
2024-10-29 15:36:13 info: [0mGET /api/v1/source/movie/movieclub/912649 [32m201[0m 848.190 ms - 4[0m
2024-10-29 15:38:59 info: =================================
2024-10-29 15:38:59 info: ======= ENV: development =======
2024-10-29 15:38:59 info: 🚀 App listening on the port 5601
2024-10-29 15:38:59 info: =================================
2024-10-29 15:39:00 info: [0mGET /api/v1/source/movie/movieclub/912649 [32m201[0m 776.946 ms - 4[0m
2024-10-29 15:39:04 info: [0mGET /api/v1/source/movie/movieclub/912649 [32m201[0m 301.138 ms - 4[0m
2024-10-29 15:39:26 info: =================================
2024-10-29 15:39:26 info: ======= ENV: development =======
2024-10-29 15:39:26 info: 🚀 App listening on the port 5601
2024-10-29 15:39:26 info: =================================
2024-10-29 15:39:27 info: [0mGET /api/v1/source/movie/movieclub/912649 [32m201[0m 1290.052 ms - 4[0m
2024-10-29 15:39:29 info: [0mGET /api/v1/source/movie/movieclub/912649 [32m201[0m 339.659 ms - 4[0m
2024-10-29 15:39:33 info: [0mGET /api/v1/source/movie/movieclub/912649 [32m201[0m 319.726 ms - 4[0m
2024-10-29 15:39:34 info: [0mGET /api/v1/source/movie/movieclub/912649 [32m201[0m 329.000 ms - 4[0m
2024-10-29 15:39:54 info: [0mGET /api/v1/source/movie/movieclub/912649 [32m201[0m 763.530 ms - 4[0m
2024-10-29 15:39:59 info: =================================
2024-10-29 15:39:59 info: ======= ENV: development =======
2024-10-29 15:39:59 info: 🚀 App listening on the port 5601
2024-10-29 15:39:59 info: =================================
2024-10-29 15:40:02 info: [0mGET /api/v1/source/movie/movieclub/912649 [32m201[0m 922.081 ms - 4[0m
2024-10-29 15:42:57 info: =================================
2024-10-29 15:42:57 info: ======= ENV: development =======
2024-10-29 15:42:57 info: 🚀 App listening on the port 5601
2024-10-29 15:42:57 info: =================================
2024-10-29 15:42:59 info: [0mGET /api/v1/source/movie/movieclub/912649 [32m201[0m 1332.539 ms - -[0m
2024-10-29 15:43:01 info: [0mGET /api/v1/source/movie/movieclub/912649 [32m201[0m 361.086 ms - -[0m
2024-10-29 15:43:06 info: [0mGET /api/v1/source/movie/movieclub/912649 [32m201[0m 354.979 ms - -[0m
2024-10-29 15:43:59 info: =================================
2024-10-29 15:43:59 info: ======= ENV: development =======
2024-10-29 15:43:59 info: 🚀 App listening on the port 5601
2024-10-29 15:43:59 info: =================================
2024-10-29 15:44:00 info: [0mGET /api/v1/source/movie/movieclub/912649 [32m201[0m 857.295 ms - -[0m
2024-10-29 16:05:03 info: [0mGET /api/v1/source/movie/movieclub/912649 [32m201[0m 843.000 ms - -[0m
2024-10-29 16:05:09 info: =================================
2024-10-29 16:05:09 info: ======= ENV: development =======
2024-10-29 16:05:09 info: 🚀 App listening on the port 5601
2024-10-29 16:05:09 info: =================================
2024-10-29 16:05:35 info: =================================
2024-10-29 16:05:35 info: ======= ENV: development =======
2024-10-29 16:05:35 info: 🚀 App listening on the port 5601
2024-10-29 16:05:35 info: =================================
2024-10-29 16:05:37 info: [0mGET /api/v1/source/movie/movieclub/912649 [32m201[0m 847.384 ms - -[0m
2024-10-29 16:29:27 info: =================================
2024-10-29 16:29:27 info: ======= ENV: development =======
2024-10-29 16:29:27 info: 🚀 App listening on the port 5601
2024-10-29 16:29:27 info: =================================
2024-10-29 16:29:28 info: [0mGET /api/v1/source/movie/movieclub/912649 [32m201[0m 508.733 ms - -[0m
2024-10-29 16:29:31 info: [0mGET /api/v1/source/movie/movieclub/912649 [32m201[0m 188.006 ms - -[0m
2024-10-29 16:30:16 info: [0mGET /api/v1/source/movie/movieclub/912649 [32m201[0m 507.859 ms - -[0m
2024-10-29 16:30:22 info: =================================
2024-10-29 16:30:22 info: ======= ENV: development =======
2024-10-29 16:30:22 info: 🚀 App listening on the port 5601
2024-10-29 16:30:22 info: =================================
2024-10-29 16:30:25 info: [0mGET /api/v1/source/movie/movieclub/912649 [32m201[0m 906.503 ms - -[0m
2024-10-29 16:32:42 info: [0mGET /api/v1/source/movie/550988 [32m201[0m 10748.788 ms - -[0m
2024-10-29 16:35:22 info: =================================
2024-10-29 16:35:22 info: ======= ENV: development =======
2024-10-29 16:35:22 info: 🚀 App listening on the port 5601
2024-10-29 16:35:22 info: =================================
2024-10-29 16:35:26 info: [0mGET /api/v1/source/movie/550988 [32m201[0m 466.138 ms - 2[0m
2024-10-29 16:35:30 info: [0mGET /api/v1/source/movie/550988 [32m201[0m 238.052 ms - 2[0m
2024-10-29 16:39:17 info: =================================
2024-10-29 16:39:17 info: ======= ENV: development =======
2024-10-29 16:39:17 info: 🚀 App listening on the port 5601
2024-10-29 16:39:17 info: =================================
2024-10-29 16:39:29 info: =================================
2024-10-29 16:39:29 info: ======= ENV: development =======
2024-10-29 16:39:29 info: 🚀 App listening on the port 5601
2024-10-29 16:39:29 info: =================================
2024-10-29 16:39:30 info: [0mGET /api/v1/source/movie/550988 [32m201[0m 469.477 ms - -[0m
2024-10-29 16:39:53 info: =================================
2024-10-29 16:39:53 info: ======= ENV: development =======
2024-10-29 16:39:53 info: 🚀 App listening on the port 5601
2024-10-29 16:39:53 info: =================================
2024-10-29 16:40:17 info: [0mGET /api/v1/source/tv/124364/1/1 [32m201[0m 427.898 ms - 565[0m
2024-10-29 16:41:18 info: =================================
2024-10-29 16:41:18 info: ======= ENV: development =======
2024-10-29 16:41:18 info: 🚀 App listening on the port 5601
2024-10-29 16:41:18 info: =================================
2024-10-29 16:41:27 info: =================================
2024-10-29 16:41:27 info: ======= ENV: development =======
2024-10-29 16:41:27 info: 🚀 App listening on the port 5601
2024-10-29 16:41:27 info: =================================
2024-10-29 16:49:35 info: =================================
2024-10-29 16:49:35 info: ======= ENV: development =======
2024-10-29 16:49:35 info: 🚀 App listening on the port 5601
2024-10-29 16:49:35 info: =================================
2024-10-29 16:49:58 info: =================================
2024-10-29 16:49:58 info: ======= ENV: development =======
2024-10-29 16:49:58 info: 🚀 App listening on the port 5601
2024-10-29 16:49:58 info: =================================
2024-10-29 16:50:05 info: [0mGET /api-docs/ [36m304[0m 4.796 ms - -[0m
2024-10-29 16:50:06 info: [0mGET /api-docs/swagger-ui.css [36m304[0m 3.546 ms - -[0m
2024-10-29 16:50:06 info: [0mGET /api-docs/swagger-ui-bundle.js [36m304[0m 4.043 ms - -[0m
2024-10-29 16:50:06 info: [0mGET /api-docs/swagger-ui-standalone-preset.js [36m304[0m 4.552 ms - -[0m
2024-10-29 16:50:06 info: [0mGET /api-docs/swagger-ui.css.map [32m200[0m 4.130 ms - -[0m
2024-10-29 16:50:06 info: [0mGET /api-docs/swagger-ui-init.js [36m304[0m 0.605 ms - -[0m
2024-10-29 16:50:07 info: [0mGET /api-docs/favicon-32x32.png [32m200[0m 1.736 ms - 628[0m
2024-10-29 16:50:19 info: =================================
2024-10-29 16:50:19 info: ======= ENV: development =======
2024-10-29 16:50:19 info: 🚀 App listening on the port 5601
2024-10-29 16:50:19 info: =================================
2024-10-29 16:50:33 info: [0mGET /api-docs/ [36m304[0m 5.246 ms - -[0m
2024-10-29 16:50:33 info: [0mGET /api-docs/swagger-ui.css [36m304[0m 2.590 ms - -[0m
2024-10-29 16:50:33 info: [0mGET /api-docs/swagger-ui-init.js [36m304[0m 0.336 ms - -[0m
2024-10-29 16:50:33 info: [0mGET /api-docs/swagger-ui-bundle.js [36m304[0m 2.347 ms - -[0m
2024-10-29 16:50:33 info: [0mGET /api-docs/swagger-ui-standalone-preset.js [36m304[0m 2.456 ms - -[0m
2024-10-29 16:50:33 info: [0mGET /api-docs/swagger-ui.css.map [36m304[0m 0.622 ms - -[0m
2024-10-29 16:50:34 info: [0mGET /api-docs/favicon-32x32.png [36m304[0m 0.642 ms - -[0m
2024-10-29 16:50:37 info: [0mGET /api-docs/ [36m304[0m 0.702 ms - -[0m
2024-10-29 16:50:37 info: [0mGET /api-docs/swagger-ui-init.js [36m304[0m 0.332 ms - -[0m
2024-10-29 16:50:37 info: [0mGET /api-docs/swagger-ui.css [36m304[0m 3.310 ms - -[0m
2024-10-29 16:50:37 info: [0mGET /api-docs/swagger-ui-bundle.js [36m304[0m 3.314 ms - -[0m
2024-10-29 16:50:37 info: [0mGET /api-docs/swagger-ui-standalone-preset.js [36m304[0m 3.672 ms - -[0m
2024-10-29 16:50:38 info: [0mGET /api-docs/swagger-ui.css.map [36m304[0m 0.807 ms - -[0m
2024-10-29 16:50:38 info: [0mGET /api-docs/favicon-32x32.png [36m304[0m 0.604 ms - -[0m
2024-10-29 16:50:40 info: [0mGET /api-docs/ [36m304[0m 0.747 ms - -[0m
2024-10-29 16:50:40 info: [0mGET /api-docs/swagger-ui-init.js [36m304[0m 0.321 ms - -[0m
2024-10-29 16:50:40 info: [0mGET /api-docs/swagger-ui.css [36m304[0m 2.721 ms - -[0m
2024-10-29 16:50:40 info: [0mGET /api-docs/swagger-ui-bundle.js [36m304[0m 2.623 ms - -[0m
2024-10-29 16:50:40 info: [0mGET /api-docs/swagger-ui-standalone-preset.js [36m304[0m 3.282 ms - -[0m
2024-10-29 16:50:40 info: [0mGET /api-docs/swagger-ui.css.map [36m304[0m 0.716 ms - -[0m
2024-10-29 16:50:40 info: [0mGET /api-docs/favicon-32x32.png [36m304[0m 0.709 ms - -[0m
2024-10-29 16:50:55 info: =================================
2024-10-29 16:50:55 info: ======= ENV: development =======
2024-10-29 16:50:55 info: 🚀 App listening on the port 5601
2024-10-29 16:50:55 info: =================================
2024-10-29 16:50:58 info: [0mGET /api-docs/ [36m304[0m 5.081 ms - -[0m
2024-10-29 16:50:59 info: [0mGET /api-docs/swagger-ui.css [36m304[0m 2.097 ms - -[0m
2024-10-29 16:50:59 info: [0mGET /api-docs/swagger-ui-bundle.js [36m304[0m 3.372 ms - -[0m
2024-10-29 16:50:59 info: [0mGET /api-docs/swagger-ui-standalone-preset.js [36m304[0m 3.300 ms - -[0m
2024-10-29 16:50:59 info: [0mGET /api-docs/swagger-ui-init.js [32m200[0m 1.455 ms - -[0m
2024-10-29 16:50:59 info: [0mGET /api-docs/swagger-ui.css.map [36m304[0m 0.881 ms - -[0m
2024-10-29 16:50:59 info: [0mGET /api-docs/favicon-32x32.png [36m304[0m 0.654 ms - -[0m
2024-10-29 16:51:06 info: [0mGET /api-docs/ [36m304[0m 0.766 ms - -[0m
2024-10-29 16:51:06 info: [0mGET /api-docs/swagger-ui.css [36m304[0m 1.218 ms - -[0m
2024-10-29 16:51:06 info: [0mGET /api-docs/swagger-ui-init.js [36m304[0m 0.371 ms - -[0m
2024-10-29 16:51:06 info: [0mGET /api-docs/swagger-ui-bundle.js [36m304[0m 2.431 ms - -[0m
2024-10-29 16:51:06 info: [0mGET /api-docs/swagger-ui-standalone-preset.js [36m304[0m 2.684 ms - -[0m
2024-10-29 16:51:06 info: [0mGET /api-docs/swagger-ui.css.map [36m304[0m 0.794 ms - -[0m
2024-10-29 16:51:07 info: [0mGET /api-docs/favicon-32x32.png [36m304[0m 0.688 ms - -[0m
2024-10-29 16:51:08 info: [0mGET /api-docs/ [36m304[0m 0.848 ms - -[0m
2024-10-29 16:51:09 info: [0mGET /api-docs/swagger-ui-init.js [36m304[0m 0.261 ms - -[0m
2024-10-29 16:51:09 info: [0mGET /api-docs/swagger-ui.css [36m304[0m 2.363 ms - -[0m
2024-10-29 16:51:09 info: [0mGET /api-docs/swagger-ui-bundle.js [36m304[0m 2.325 ms - -[0m
2024-10-29 16:51:09 info: [0mGET /api-docs/swagger-ui-standalone-preset.js [36m304[0m 2.501 ms - -[0m
2024-10-29 16:51:09 info: [0mGET /api-docs/swagger-ui.css.map [36m304[0m 0.781 ms - -[0m
2024-10-29 16:51:09 info: [0mGET /api-docs/favicon-32x32.png [36m304[0m 0.786 ms - -[0m
2024-10-29 16:52:48 info: [0mGET /api-docs/ [36m304[0m 0.723 ms - -[0m
2024-10-29 16:52:48 info: [0mGET /api-docs/swagger-ui.css [36m304[0m 2.254 ms - -[0m
2024-10-29 16:52:48 info: [0mGET /api-docs/swagger-ui-bundle.js [36m304[0m 1.474 ms - -[0m
2024-10-29 16:52:48 info: [0mGET /api-docs/swagger-ui-init.js [36m304[0m 0.359 ms - -[0m
2024-10-29 16:52:48 info: [0mGET /api-docs/swagger-ui-standalone-preset.js [36m304[0m 3.031 ms - -[0m
2024-10-29 16:52:48 info: [0mGET /api-docs/swagger-ui.css.map [36m304[0m 0.738 ms - -[0m
2024-10-29 16:52:49 info: [0mGET /api-docs/favicon-32x32.png [36m304[0m 0.569 ms - -[0m
2024-10-29 16:53:09 info: =================================
2024-10-29 16:53:09 info: ======= ENV: development =======
2024-10-29 16:53:09 info: 🚀 App listening on the port 5601
2024-10-29 16:53:09 info: =================================
2024-10-29 16:53:09 info: [0mGET /api-docs/swagger-ui.css [36m304[0m 4.041 ms - -[0m
2024-10-29 16:53:09 info: [0mGET /api-docs/favicon-32x32.png [36m304[0m 1.025 ms - -[0m
2024-10-29 16:53:09 info: [0mGET /api-docs/swagger-ui.css.map [36m304[0m 3.652 ms - -[0m
2024-10-29 16:53:09 info: [0mGET /api-docs/swagger-ui.css.map [32m200[0m 2.603 ms - -[0m
2024-10-29 16:53:10 info: [0mGET /api-docs/ [36m304[0m 1.993 ms - -[0m
2024-10-29 16:53:11 info: [0mGET /api-docs/swagger-ui.css [36m304[0m 1.822 ms - -[0m
2024-10-29 16:53:11 info: [0mGET /api-docs/swagger-ui-bundle.js [36m304[0m 2.327 ms - -[0m
2024-10-29 16:53:11 info: [0mGET /api-docs/swagger-ui-standalone-preset.js [36m304[0m 2.498 ms - -[0m
2024-10-29 16:53:11 info: [0mGET /api-docs/swagger-ui-init.js [36m304[0m 0.253 ms - -[0m
2024-10-29 16:53:11 info: [0mGET /api-docs/swagger-ui.css.map [36m304[0m 0.710 ms - -[0m
2024-10-29 16:53:11 info: [0mGET /api-docs/favicon-32x32.png [36m304[0m 0.660 ms - -[0m
2024-10-29 16:58:04 info: =================================
2024-10-29 16:58:04 info: ======= ENV: development =======
2024-10-29 16:58:04 info: 🚀 App listening on the port 5601
2024-10-29 16:58:04 info: =================================
2024-10-29 16:58:05 info: [0mGET /api-docs/ [32m200[0m 5.433 ms - -[0m
2024-10-29 16:58:05 info: [0mGET /api-docs/swagger-ui-standalone-preset.js [32m200[0m 1.881 ms - -[0m
2024-10-29 16:58:05 info: [0mGET /api-docs/swagger-ui-bundle.js [32m200[0m 3.481 ms - -[0m
2024-10-29 16:58:05 info: [0mGET /api-docs/swagger-ui.css [32m200[0m 33.198 ms - -[0m
2024-10-29 16:58:05 info: [0mGET /api-docs/swagger-ui-init.js [32m200[0m 0.713 ms - -[0m
2024-10-29 21:56:01 info: [0mGET /api-docs/ [36m304[0m 1.519 ms - -[0m
2024-10-29 21:56:01 info: [0mGET /api-docs/swagger-ui.css [36m304[0m 0.917 ms - -[0m
2024-10-29 21:56:01 info: [0mGET /api-docs/swagger-ui-init.js [36m304[0m 0.307 ms - -[0m
2024-10-29 21:56:01 info: [0mGET /api-docs/swagger-ui-bundle.js [36m304[0m 3.022 ms - -[0m
2024-10-29 21:56:01 info: [0mGET /api-docs/swagger-ui-standalone-preset.js [36m304[0m 2.933 ms - -[0m
2024-10-29 21:56:02 info: [0mGET /api-docs/favicon-32x32.png [32m200[0m 228.844 ms - 628[0m
2024-10-29 21:56:06 info: [0mGET /api-docs/ [36m304[0m 0.732 ms - -[0m
2024-10-29 21:56:06 info: [0mGET /api-docs/swagger-ui.css [36m304[0m 1.109 ms - -[0m
2024-10-29 21:56:06 info: [0mGET /api-docs/swagger-ui-bundle.js [36m304[0m 1.252 ms - -[0m
2024-10-29 21:56:06 info: [0mGET /api-docs/swagger-ui-init.js [36m304[0m 0.316 ms - -[0m
2024-10-29 21:56:06 info: [0mGET /api-docs/swagger-ui-standalone-preset.js [36m304[0m 2.529 ms - -[0m
2024-10-29 21:56:06 info: [0mGET /api-docs/favicon-32x32.png [36m304[0m 0.679 ms - -[0m
2024-10-29 22:34:58 info: [0mGET /api-docs/ [36m304[0m 0.669 ms - -[0m
2024-10-29 22:34:58 info: [0mGET /api-docs/swagger-ui.css [36m304[0m 1.665 ms - -[0m
2024-10-29 22:34:58 info: [0mGET /api-docs/swagger-ui-init.js [36m304[0m 0.272 ms - -[0m
2024-10-29 22:34:58 info: [0mGET /api-docs/swagger-ui-bundle.js [36m304[0m 3.084 ms - -[0m
2024-10-29 22:34:58 info: [0mGET /api-docs/swagger-ui-standalone-preset.js [36m304[0m 1.880 ms - -[0m
2024-10-29 22:34:59 info: [0mGET /api-docs/favicon-32x32.png [36m304[0m 0.701 ms - -[0m
2024-10-29 22:35:02 info: [0mGET /api-docs/ [36m304[0m 0.728 ms - -[0m
2024-10-29 22:35:02 info: [0mGET /api-docs/swagger-ui.css [36m304[0m 0.521 ms - -[0m
2024-10-29 22:35:02 info: [0mGET /api-docs/swagger-ui-bundle.js [36m304[0m 0.753 ms - -[0m
2024-10-29 22:35:02 info: [0mGET /api-docs/swagger-ui-standalone-preset.js [36m304[0m 0.909 ms - -[0m
2024-10-29 22:35:02 info: [0mGET /api-docs/swagger-ui-init.js [36m304[0m 0.296 ms - -[0m
2024-10-29 22:35:02 info: [0mGET /api-docs/favicon-32x32.png [36m304[0m 0.753 ms - -[0m
2024-10-29 22:35:03 info: [0mGET /api-docs/ [36m304[0m 0.690 ms - -[0m
2024-10-29 22:35:03 info: [0mGET /api-docs/swagger-ui-init.js [36m304[0m 0.280 ms - -[0m
2024-10-29 22:35:03 info: [0mGET /api-docs/swagger-ui.css [36m304[0m 2.351 ms - -[0m
2024-10-29 22:35:03 info: [0mGET /api-docs/swagger-ui-bundle.js [36m304[0m 2.280 ms - -[0m
2024-10-29 22:35:03 info: [0mGET /api-docs/swagger-ui-standalone-preset.js [36m304[0m 2.394 ms - -[0m
2024-10-29 22:35:03 info: [0mGET /api-docs/favicon-32x32.png [36m304[0m 0.526 ms - -[0m
2024-10-29 22:35:03 info: [0mGET /api-docs/ [36m304[0m 0.674 ms - -[0m
2024-10-29 22:35:03 info: [0mGET /api-docs/swagger-ui-init.js [36m304[0m 0.439 ms - -[0m
2024-10-29 22:35:03 info: [0mGET /api-docs/swagger-ui.css [36m304[0m 2.873 ms - -[0m
2024-10-29 22:35:03 info: [0mGET /api-docs/swagger-ui-bundle.js [36m304[0m 2.823 ms - -[0m
2024-10-29 22:35:03 info: [0mGET /api-docs/swagger-ui-standalone-preset.js [36m304[0m 3.061 ms - -[0m
2024-10-29 22:35:04 info: [0mGET /api-docs/ [36m304[0m 0.674 ms - -[0m
2024-10-29 22:35:04 info: [0mGET /api-docs/swagger-ui.css [36m304[0m 1.488 ms - -[0m
2024-10-29 22:35:04 info: [0mGET /api-docs/swagger-ui-bundle.js [36m304[0m 1.681 ms - -[0m
2024-10-29 22:35:04 info: [0mGET /api-docs/swagger-ui-init.js [36m304[0m 0.389 ms - -[0m
2024-10-29 22:35:04 info: [0mGET /api-docs/swagger-ui-standalone-preset.js [36m304[0m 2.744 ms - -[0m
2024-10-29 22:35:04 info: [0mGET /api-docs/favicon-32x32.png [36m304[0m 0.561 ms - -[0m
2024-10-29 22:35:06 info: [0mGET /api-docs/ [36m304[0m 0.629 ms - -[0m
2024-10-29 22:35:06 info: [0mGET /api-docs/swagger-ui-init.js [36m304[0m 0.300 ms - -[0m
2024-10-29 22:35:06 info: [0mGET /api-docs/swagger-ui.css [36m304[0m 2.061 ms - -[0m
2024-10-29 22:35:06 info: [0mGET /api-docs/swagger-ui-bundle.js [36m304[0m 1.843 ms - -[0m
2024-10-29 22:35:06 info: [0mGET /api-docs/swagger-ui-standalone-preset.js [36m304[0m 2.101 ms - -[0m
2024-10-29 22:35:06 info: [0mGET /api-docs/favicon-32x32.png [36m304[0m 0.608 ms - -[0m
2024-10-29 22:35:07 info: [0mGET /api-docs/ [36m304[0m 0.649 ms - -[0m
2024-10-29 22:35:07 info: [0mGET /api-docs/swagger-ui-init.js [36m304[0m 0.347 ms - -[0m
2024-10-29 22:35:07 info: [0mGET /api-docs/swagger-ui.css [36m304[0m 2.267 ms - -[0m
2024-10-29 22:35:07 info: [0mGET /api-docs/swagger-ui-bundle.js [36m304[0m 2.290 ms - -[0m
2024-10-29 22:35:07 info: [0mGET /api-docs/swagger-ui-standalone-preset.js [36m304[0m 2.366 ms - -[0m
2024-10-29 22:35:08 info: [0mGET /api-docs/favicon-32x32.png [36m304[0m 0.756 ms - -[0m
2024-10-29 22:35:08 info: [0mGET /api-docs/ [36m304[0m 0.788 ms - -[0m
2024-10-29 22:35:08 info: [0mGET /api-docs/swagger-ui-init.js [36m304[0m 0.218 ms - -[0m
2024-10-29 22:35:08 info: [0mGET /api-docs/swagger-ui.css [36m304[0m 2.561 ms - -[0m
2024-10-29 22:35:08 info: [0mGET /api-docs/swagger-ui-bundle.js [36m304[0m 2.569 ms - -[0m
2024-10-29 22:35:08 info: [0mGET /api-docs/swagger-ui-standalone-preset.js [36m304[0m 2.202 ms - -[0m
2024-10-29 22:35:08 info: [0mGET /api-docs/favicon-32x32.png [36m304[0m 0.548 ms - -[0m
2024-10-29 22:35:09 info: [0mGET /api-docs/ [36m304[0m 0.585 ms - -[0m
2024-10-29 22:35:10 info: [0mGET /api-docs/swagger-ui-init.js [36m304[0m 0.259 ms - -[0m
2024-10-29 22:35:10 info: [0mGET /api-docs/swagger-ui.css [36m304[0m 2.919 ms - -[0m
2024-10-29 22:35:10 info: [0mGET /api-docs/swagger-ui-bundle.js [36m304[0m 2.675 ms - -[0m
2024-10-29 22:35:10 info: [0mGET /api-docs/swagger-ui-standalone-preset.js [36m304[0m 2.855 ms - -[0m
2024-10-29 22:35:10 info: [0mGET /api-docs/favicon-32x32.png [36m304[0m 0.567 ms - -[0m
2024-10-29 23:34:17 info: =================================
2024-10-29 23:34:17 info: ======= ENV: development =======
2024-10-29 23:34:17 info: 🚀 App listening on the port 5601
2024-10-29 23:34:17 info: =================================
2024-10-29 23:34:25 info: [0mGET /api-docs [36m301[0m 3.678 ms - 158[0m
2024-10-29 23:34:25 info: [0mGET /api-docs/ [36m304[0m 2.328 ms - -[0m
2024-10-29 23:34:25 info: [0mGET /api-docs/swagger-ui.css [36m304[0m 2.032 ms - -[0m
2024-10-29 23:34:25 info: [0mGET /api-docs/swagger-ui-bundle.js [36m304[0m 1.478 ms - -[0m
2024-10-29 23:34:25 info: [0mGET /api-docs/swagger-ui-standalone-preset.js [36m304[0m 1.670 ms - -[0m
2024-10-29 23:34:25 info: [0mGET /api-docs/swagger-ui-init.js [36m304[0m 0.428 ms - -[0m
2024-10-29 23:34:26 info: [0mGET /api-docs/favicon-32x32.png [36m304[0m 0.647 ms - -[0m
2024-10-29 23:34:40 info: [0mGET /api-docs/ [36m304[0m 0.834 ms - -[0m
2024-10-29 23:34:40 info: [0mGET /api-docs/swagger-ui.css [36m304[0m 1.055 ms - -[0m
2024-10-29 23:34:40 info: [0mGET /api-docs/swagger-ui-init.js [36m304[0m 0.279 ms - -[0m
2024-10-29 23:34:40 info: [0mGET /api-docs/swagger-ui-bundle.js [36m304[0m 2.139 ms - -[0m
2024-10-29 23:34:40 info: [0mGET /api-docs/swagger-ui-standalone-preset.js [36m304[0m 2.411 ms - -[0m
2024-10-29 23:35:02 info: [0mGET /api-docs/ [36m304[0m 0.663 ms - -[0m
2024-10-29 23:35:02 info: [0mGET /api-docs/swagger-ui.css [36m304[0m 0.694 ms - -[0m
2024-10-29 23:35:02 info: [0mGET /api-docs/swagger-ui-init.js [36m304[0m 0.232 ms - -[0m
2024-10-29 23:35:02 info: [0mGET /api-docs/swagger-ui-standalone-preset.js [36m304[0m 1.793 ms - -[0m
2024-10-29 23:35:02 info: [0mGET /api-docs/swagger-ui-bundle.js [36m304[0m 2.099 ms - -[0m
2024-10-29 23:35:03 info: [0mGET /api-docs/favicon-32x32.png [36m304[0m 0.559 ms - -[0m
2024-10-29 23:35:06 info: [0mGET /api-docs/ [36m304[0m 0.633 ms - -[0m
2024-10-29 23:35:06 info: [0mGET /api-docs/swagger-ui.css [36m304[0m 0.500 ms - -[0m
2024-10-29 23:35:06 info: [0mGET /api-docs/swagger-ui-bundle.js [36m304[0m 0.718 ms - -[0m
2024-10-29 23:35:06 info: [0mGET /api-docs/swagger-ui-init.js [36m304[0m 0.288 ms - -[0m
2024-10-29 23:35:06 info: [0mGET /api-docs/swagger-ui-standalone-preset.js [36m304[0m 1.872 ms - -[0m
2024-10-29 23:35:14 info: =================================
2024-10-29 23:35:14 info: ======= ENV: development =======
2024-10-29 23:35:14 info: 🚀 App listening on the port 5601
2024-10-29 23:35:14 info: =================================
2024-10-29 23:35:19 info: [0mGET /api-docs/ [36m304[0m 4.346 ms - -[0m
2024-10-29 23:35:19 info: [0mGET /api-docs/swagger-ui.css [36m304[0m 2.332 ms - -[0m
2024-10-29 23:35:19 info: [0mGET /api-docs/swagger-ui-init.js [36m304[0m 0.681 ms - -[0m
2024-10-29 23:35:19 info: [0mGET /api-docs/swagger-ui-bundle.js [36m304[0m 3.391 ms - -[0m
2024-10-29 23:35:19 info: [0mGET /api-docs/swagger-ui-standalone-preset.js [36m304[0m 3.224 ms - -[0m
2024-10-29 23:35:20 info: [0mGET /api-docs/favicon-32x32.png [36m304[0m 0.693 ms - -[0m
2024-10-29 23:35:27 info: =================================
2024-10-29 23:35:27 info: ======= ENV: development =======
2024-10-29 23:35:27 info: 🚀 App listening on the port 5601
2024-10-29 23:35:27 info: =================================
2024-10-29 23:35:37 info: [0mGET /api-doc [33m404[0m 4.333 ms - 146[0m
2024-10-29 23:35:41 info: [0mGET /api-docs/ [36m304[0m 3.139 ms - -[0m
2024-10-29 23:35:41 info: [0mGET /api-docs/swagger-ui.css [36m304[0m 1.233 ms - -[0m
2024-10-29 23:35:41 info: [0mGET /api-docs/swagger-ui-bundle.js [36m304[0m 2.529 ms - -[0m
2024-10-29 23:35:41 info: [0mGET /api-docs/swagger-ui-standalone-preset.js [36m304[0m 3.049 ms - -[0m
2024-10-29 23:35:41 info: [0mGET /api-docs/swagger-ui-init.js [32m200[0m 1.253 ms - -[0m
2024-10-29 23:36:56 info: [0mGET /api/v1/subtitle/tv/stream/tt9813792/1/5/1/from.vtt [32m200[0m 225.153 ms - -[0m
2024-10-29 23:36:57 info: [0mGET /favicon.ico [33m404[0m 0.600 ms - 150[0m
