2024-10-25 04:28:36 info: =================================
2024-10-25 04:28:36 info: ======= ENV: development =======
2024-10-25 04:28:36 info: 🚀 App listening on the port 3000
2024-10-25 04:28:36 info: =================================
2024-10-25 04:29:37 info: =================================
2024-10-25 04:29:37 info: ======= ENV: development =======
2024-10-25 04:29:37 info: 🚀 App listening on the port 3000
2024-10-25 04:29:37 info: =================================
2024-10-25 04:29:41 info: =================================
2024-10-25 04:29:41 info: ======= ENV: development =======
2024-10-25 04:29:41 info: 🚀 App listening on the port 3000
2024-10-25 04:29:41 info: =================================
2024-10-25 04:29:48 info: =================================
2024-10-25 04:29:48 info: ======= ENV: development =======
2024-10-25 04:29:48 info: 🚀 App listening on the port 3000
2024-10-25 04:29:48 info: =================================
2024-10-25 04:30:06 info: =================================
2024-10-25 04:30:06 info: ======= ENV: development =======
2024-10-25 04:30:06 info: 🚀 App listening on the port 5601
2024-10-25 04:30:06 info: =================================
2024-10-25 04:31:15 info: =================================
2024-10-25 04:31:15 info: ======= ENV: development =======
2024-10-25 04:31:15 info: 🚀 App listening on the port 5601
2024-10-25 04:31:15 info: =================================
2024-10-25 04:31:18 info: =================================
2024-10-25 04:31:18 info: ======= ENV: development =======
2024-10-25 04:31:18 info: 🚀 App listening on the port 5601
2024-10-25 04:31:18 info: =================================
2024-10-25 04:31:54 info: =================================
2024-10-25 04:31:54 info: ======= ENV: development =======
2024-10-25 04:31:54 info: 🚀 App listening on the port 5601
2024-10-25 04:31:54 info: =================================
2024-10-25 04:32:07 info: [0mGET / [33m404[0m 3.336 ms - 139[0m
2024-10-25 04:36:35 info: =================================
2024-10-25 04:36:35 info: ======= ENV: development =======
2024-10-25 04:36:35 info: 🚀 App listening on the port 5601
2024-10-25 04:36:35 info: =================================
2024-10-25 04:36:36 error: [GET] /signup >> StatusCode:: 400, Message:: email must be an email, password must be shorter than or equal to 32 characters,password must be longer than or equal to 9 characters,password should not be empty,password must be a string
2024-10-25 04:36:36 info: [0mGET /signup [33m400[0m 6.604 ms - 202[0m
2024-10-25 04:36:37 info: [0mGET /favicon.ico [33m404[0m 1.871 ms - 150[0m
2024-10-25 04:37:36 info: =================================
2024-10-25 04:37:36 info: ======= ENV: development =======
2024-10-25 04:37:36 info: 🚀 App listening on the port 5601
2024-10-25 04:37:36 info: =================================
2024-10-25 04:37:36 info: [0mGET /signup [32m201[0m 3.083 ms - 44[0m
2024-10-25 04:38:22 info: =================================
2024-10-25 04:38:22 info: ======= ENV: development =======
2024-10-25 04:38:22 info: 🚀 App listening on the port 5601
2024-10-25 04:38:22 info: =================================
2024-10-25 04:39:41 info: =================================
2024-10-25 04:39:41 info: ======= ENV: development =======
2024-10-25 04:39:41 info: 🚀 App listening on the port 5601
2024-10-25 04:39:41 info: =================================
2024-10-25 04:39:45 info: =================================
2024-10-25 04:39:45 info: ======= ENV: development =======
2024-10-25 04:39:45 info: 🚀 App listening on the port 5601
2024-10-25 04:39:45 info: =================================
2024-10-25 04:39:52 info: =================================
2024-10-25 04:39:52 info: ======= ENV: development =======
2024-10-25 04:39:52 info: 🚀 App listening on the port 5601
2024-10-25 04:39:52 info: =================================
2024-10-25 04:39:52 info: [0mGET /upload [33m404[0m 3.087 ms - 145[0m
2024-10-25 04:41:53 info: =================================
2024-10-25 04:41:53 info: ======= ENV: development =======
2024-10-25 04:41:53 info: 🚀 App listening on the port 5601
2024-10-25 04:41:53 info: =================================
2024-10-25 04:42:06 info: [0mGET /upload [33m404[0m 3.381 ms - 145[0m
2024-10-25 04:42:10 info: =================================
2024-10-25 04:42:10 info: ======= ENV: development =======
2024-10-25 04:42:10 info: 🚀 App listening on the port 5601
2024-10-25 04:42:10 info: =================================
2024-10-25 04:42:10 info: [0mGET /upload [32m201[0m 2.943 ms - 36[0m
2024-10-25 04:43:05 info: =================================
2024-10-25 04:43:05 info: ======= ENV: development =======
2024-10-25 04:43:05 info: 🚀 App listening on the port 5601
2024-10-25 04:43:05 info: =================================
2024-10-25 04:43:20 info: =================================
2024-10-25 04:43:20 info: ======= ENV: development =======
2024-10-25 04:43:20 info: 🚀 App listening on the port 5601
2024-10-25 04:43:20 info: =================================
2024-10-25 04:46:54 info: =================================
2024-10-25 04:46:54 info: ======= ENV: development =======
2024-10-25 04:46:54 info: 🚀 App listening on the port 5601
2024-10-25 04:46:54 info: =================================
2024-10-25 04:47:02 info: =================================
2024-10-25 04:47:02 info: ======= ENV: development =======
2024-10-25 04:47:02 info: 🚀 App listening on the port 5601
2024-10-25 04:47:02 info: =================================
2024-10-25 04:53:33 info: =================================
2024-10-25 04:53:33 info: ======= ENV: development =======
2024-10-25 04:53:33 info: 🚀 App listening on the port 5601
2024-10-25 04:53:33 info: =================================
2024-10-25 04:54:27 info: [0mGET /api-docs [36m301[0m 3.787 ms - 158[0m
2024-10-25 04:54:27 info: [0mGET /api-docs/ [32m200[0m 2.351 ms - -[0m
2024-10-25 04:54:27 info: [0mGET /api-docs/swagger-ui-init.js [32m200[0m 0.913 ms - -[0m
2024-10-25 04:54:27 info: [0mGET /api-docs/swagger-ui.css [32m200[0m 5.850 ms - -[0m
2024-10-25 04:54:27 info: [0mGET /api-docs/swagger-ui-standalone-preset.js [32m200[0m 4.008 ms - -[0m
2024-10-25 04:54:27 info: [0mGET /api-docs/swagger-ui-bundle.js [32m200[0m 4.204 ms - -[0m
2024-10-25 04:54:27 info: [0mGET /api-docs/favicon-32x32.png [32m200[0m 1.226 ms - 628[0m
2024-10-25 05:02:03 info: =================================
2024-10-25 05:02:03 info: ======= ENV: development =======
2024-10-25 05:02:03 info: 🚀 App listening on the port 5601
2024-10-25 05:02:03 info: =================================
2024-10-25 05:04:26 info: =================================
2024-10-25 05:04:26 info: ======= ENV: development =======
2024-10-25 05:04:26 info: 🚀 App listening on the port 5601
2024-10-25 05:04:26 info: =================================
2024-10-25 05:04:46 info: =================================
2024-10-25 05:04:46 info: ======= ENV: development =======
2024-10-25 05:04:46 info: 🚀 App listening on the port 5601
2024-10-25 05:04:46 info: =================================
2024-10-25 05:08:09 info: =================================
2024-10-25 05:08:09 info: ======= ENV: development =======
2024-10-25 05:08:09 info: 🚀 App listening on the port 5601
2024-10-25 05:08:09 info: =================================
2024-10-25 05:09:54 info: =================================
2024-10-25 05:09:54 info: ======= ENV: development =======
2024-10-25 05:09:54 info: 🚀 App listening on the port 5601
2024-10-25 05:09:54 info: =================================
2024-10-25 05:11:05 info: =================================
2024-10-25 05:11:05 info: ======= ENV: development =======
2024-10-25 05:11:05 info: 🚀 App listening on the port 5601
2024-10-25 05:11:05 info: =================================
2024-10-25 05:11:20 info: =================================
2024-10-25 05:11:20 info: ======= ENV: development =======
2024-10-25 05:11:20 info: 🚀 App listening on the port 5601
2024-10-25 05:11:20 info: =================================
