2025-04-14 16:23:43 info: =================================
2025-04-14 16:23:43 info: ======= ENV: development =======
2025-04-14 16:23:43 info: 🚀 App listening on the port 5601
2025-04-14 16:23:43 info: =================================
2025-04-14 16:23:45 info: =================================
2025-04-14 16:23:45 info: ======= ENV: development =======
2025-04-14 16:23:45 info: 🚀 App listening on the port 5601
2025-04-14 16:23:45 info: =================================
2025-04-14 16:24:45 info: =================================
2025-04-14 16:24:45 info: ======= ENV: development =======
2025-04-14 16:24:45 info: 🚀 App listening on the port 5601
2025-04-14 16:24:45 info: =================================
2025-04-14 16:24:47 info: =================================
2025-04-14 16:24:47 info: ======= ENV: development =======
2025-04-14 16:24:47 info: 🚀 App listening on the port 5601
2025-04-14 16:24:47 info: =================================
2025-04-14 16:24:52 info: =================================
2025-04-14 16:24:52 info: ======= ENV: development =======
2025-04-14 16:24:52 info: 🚀 App listening on the port 5601
2025-04-14 16:24:52 info: =================================
2025-04-14 16:24:53 info: =================================
2025-04-14 16:24:53 info: ======= ENV: development =======
2025-04-14 16:24:53 info: 🚀 App listening on the port 5601
2025-04-14 16:24:53 info: =================================
2025-04-14 16:24:56 info: =================================
2025-04-14 16:24:56 info: ======= ENV: development =======
2025-04-14 16:24:56 info: 🚀 App listening on the port 5601
2025-04-14 16:24:56 info: =================================
2025-04-14 16:24:58 info: =================================
2025-04-14 16:24:58 info: ======= ENV: development =======
2025-04-14 16:24:58 info: 🚀 App listening on the port 5601
2025-04-14 16:24:58 info: =================================
2025-04-14 16:55:36 info: =================================
2025-04-14 16:55:36 info: ======= ENV: development =======
2025-04-14 16:55:36 info: 🚀 App listening on the port 5601
2025-04-14 16:55:36 info: =================================
2025-04-14 16:55:38 info: =================================
2025-04-14 16:55:38 info: ======= ENV: development =======
2025-04-14 16:55:38 info: 🚀 App listening on the port 5601
2025-04-14 16:55:38 info: =================================
2025-04-14 17:09:29 info: =================================
2025-04-14 17:09:29 info: ======= ENV: development =======
2025-04-14 17:09:29 info: 🚀 App listening on the port 5601
2025-04-14 17:09:29 info: =================================
2025-04-14 17:09:52 info: =================================
2025-04-14 17:09:52 info: ======= ENV: development =======
2025-04-14 17:09:52 info: 🚀 App listening on the port 5601
2025-04-14 17:09:52 info: =================================
2025-04-14 17:10:25 info: =================================
2025-04-14 17:10:25 info: ======= ENV: development =======
2025-04-14 17:10:25 info: 🚀 App listening on the port 5601
2025-04-14 17:10:25 info: =================================
2025-04-14 17:10:28 info: =================================
2025-04-14 17:10:28 info: ======= ENV: development =======
2025-04-14 17:10:28 info: 🚀 App listening on the port 5601
2025-04-14 17:10:28 info: =================================
2025-04-14 17:10:32 info: =================================
2025-04-14 17:10:32 info: ======= ENV: development =======
2025-04-14 17:10:32 info: 🚀 App listening on the port 5601
2025-04-14 17:10:32 info: =================================
2025-04-14 17:12:04 info: =================================
2025-04-14 17:12:04 info: ======= ENV: development =======
2025-04-14 17:12:04 info: 🚀 App listening on the port 5601
2025-04-14 17:12:04 info: =================================
2025-04-14 17:12:10 info: =================================
2025-04-14 17:12:10 info: ======= ENV: development =======
2025-04-14 17:12:10 info: 🚀 App listening on the port 5601
2025-04-14 17:12:10 info: =================================
2025-04-14 17:25:48 info: =================================
2025-04-14 17:25:48 info: ======= ENV: development =======
2025-04-14 17:25:48 info: 🚀 App listening on the port 5601
2025-04-14 17:25:48 info: =================================
2025-04-14 17:26:03 info: =================================
2025-04-14 17:26:03 info: ======= ENV: development =======
2025-04-14 17:26:03 info: 🚀 App listening on the port 5601
2025-04-14 17:26:03 info: =================================
2025-04-14 17:26:43 info: =================================
2025-04-14 17:26:43 info: ======= ENV: development =======
2025-04-14 17:26:43 info: 🚀 App listening on the port 5601
2025-04-14 17:26:43 info: =================================
2025-04-14 17:26:46 info: =================================
2025-04-14 17:26:46 info: ======= ENV: development =======
2025-04-14 17:26:46 info: 🚀 App listening on the port 5601
2025-04-14 17:26:46 info: =================================
2025-04-14 17:30:48 info: =================================
2025-04-14 17:30:48 info: ======= ENV: development =======
2025-04-14 17:30:48 info: 🚀 App listening on the port 5601
2025-04-14 17:30:48 info: =================================
2025-04-14 17:33:30 info: =================================
2025-04-14 17:33:30 info: ======= ENV: development =======
2025-04-14 17:33:30 info: 🚀 App listening on the port 5601
2025-04-14 17:33:30 info: =================================
2025-04-14 17:33:37 info: =================================
2025-04-14 17:33:37 info: ======= ENV: development =======
2025-04-14 17:33:37 info: 🚀 App listening on the port 5601
2025-04-14 17:33:37 info: =================================
2025-04-14 17:33:56 info: =================================
2025-04-14 17:33:56 info: ======= ENV: development =======
2025-04-14 17:33:56 info: 🚀 App listening on the port 5601
2025-04-14 17:33:56 info: =================================
2025-04-14 17:34:03 info: =================================
2025-04-14 17:34:03 info: ======= ENV: development =======
2025-04-14 17:34:03 info: 🚀 App listening on the port 5601
2025-04-14 17:34:03 info: =================================
2025-04-14 17:34:12 info: =================================
2025-04-14 17:34:12 info: ======= ENV: development =======
2025-04-14 17:34:12 info: 🚀 App listening on the port 5601
2025-04-14 17:34:12 info: =================================
2025-04-14 17:34:17 info: =================================
2025-04-14 17:34:17 info: ======= ENV: development =======
2025-04-14 17:34:17 info: 🚀 App listening on the port 5601
2025-04-14 17:34:17 info: =================================
2025-04-14 17:34:28 info: =================================
2025-04-14 17:34:28 info: ======= ENV: development =======
2025-04-14 17:34:28 info: 🚀 App listening on the port 5601
2025-04-14 17:34:28 info: =================================
2025-04-14 17:34:34 info: =================================
2025-04-14 17:34:34 info: ======= ENV: development =======
2025-04-14 17:34:34 info: 🚀 App listening on the port 5601
2025-04-14 17:34:34 info: =================================
2025-04-14 17:34:45 info: =================================
2025-04-14 17:34:45 info: ======= ENV: development =======
2025-04-14 17:34:45 info: 🚀 App listening on the port 5601
2025-04-14 17:34:45 info: =================================
2025-04-14 17:34:47 info: =================================
2025-04-14 17:34:47 info: ======= ENV: development =======
2025-04-14 17:34:47 info: 🚀 App listening on the port 5601
2025-04-14 17:34:47 info: =================================
2025-04-14 17:34:57 info: =================================
2025-04-14 17:34:57 info: ======= ENV: development =======
2025-04-14 17:34:57 info: 🚀 App listening on the port 5601
2025-04-14 17:34:57 info: =================================
2025-04-14 17:35:01 info: =================================
2025-04-14 17:35:01 info: ======= ENV: development =======
2025-04-14 17:35:01 info: 🚀 App listening on the port 5601
2025-04-14 17:35:01 info: =================================
2025-04-14 17:35:13 info: =================================
2025-04-14 17:35:13 info: ======= ENV: development =======
2025-04-14 17:35:13 info: 🚀 App listening on the port 5601
2025-04-14 17:35:13 info: =================================
2025-04-14 17:35:27 info: =================================
2025-04-14 17:35:27 info: ======= ENV: development =======
2025-04-14 17:35:27 info: 🚀 App listening on the port 5601
2025-04-14 17:35:27 info: =================================
2025-04-14 17:35:35 info: =================================
2025-04-14 17:35:35 info: ======= ENV: development =======
2025-04-14 17:35:35 info: 🚀 App listening on the port 5601
2025-04-14 17:35:35 info: =================================
2025-04-14 17:44:07 info: =================================
2025-04-14 17:44:07 info: ======= ENV: development =======
2025-04-14 17:44:07 info: 🚀 App listening on the port 5601
2025-04-14 17:44:07 info: =================================
2025-04-14 17:45:32 info: =================================
2025-04-14 17:45:32 info: ======= ENV: development =======
2025-04-14 17:45:32 info: 🚀 App listening on the port 5601
2025-04-14 17:45:32 info: =================================
2025-04-14 17:45:40 info: =================================
2025-04-14 17:45:40 info: ======= ENV: development =======
2025-04-14 17:45:40 info: 🚀 App listening on the port 5601
2025-04-14 17:45:40 info: =================================
2025-04-14 17:45:42 info: =================================
2025-04-14 17:45:42 info: ======= ENV: development =======
2025-04-14 17:45:42 info: 🚀 App listening on the port 5601
2025-04-14 17:45:42 info: =================================
2025-04-14 17:45:49 info: =================================
2025-04-14 17:45:49 info: ======= ENV: development =======
2025-04-14 17:45:49 info: 🚀 App listening on the port 5601
2025-04-14 17:45:49 info: =================================
2025-04-14 17:45:53 info: =================================
2025-04-14 17:45:53 info: ======= ENV: development =======
2025-04-14 17:45:53 info: 🚀 App listening on the port 5601
2025-04-14 17:45:53 info: =================================
2025-04-14 17:45:56 info: =================================
2025-04-14 17:45:56 info: ======= ENV: development =======
2025-04-14 17:45:56 info: 🚀 App listening on the port 5601
2025-04-14 17:45:56 info: =================================
2025-04-14 17:46:03 info: =================================
2025-04-14 17:46:03 info: ======= ENV: development =======
2025-04-14 17:46:03 info: 🚀 App listening on the port 5601
2025-04-14 17:46:03 info: =================================
2025-04-14 17:53:13 info: =================================
2025-04-14 17:53:13 info: ======= ENV: development =======
2025-04-14 17:53:13 info: 🚀 App listening on the port 5601
2025-04-14 17:53:13 info: =================================
2025-04-14 17:53:22 info: =================================
2025-04-14 17:53:22 info: ======= ENV: development =======
2025-04-14 17:53:22 info: 🚀 App listening on the port 5601
2025-04-14 17:53:22 info: =================================
2025-04-14 17:53:25 info: =================================
2025-04-14 17:53:25 info: ======= ENV: development =======
2025-04-14 17:53:25 info: 🚀 App listening on the port 5601
2025-04-14 17:53:25 info: =================================
2025-04-14 17:53:28 info: =================================
2025-04-14 17:53:28 info: ======= ENV: development =======
2025-04-14 17:53:28 info: 🚀 App listening on the port 5601
2025-04-14 17:53:28 info: =================================
2025-04-14 17:53:33 info: =================================
2025-04-14 17:53:33 info: ======= ENV: development =======
2025-04-14 17:53:33 info: 🚀 App listening on the port 5601
2025-04-14 17:53:33 info: =================================
2025-04-14 17:53:36 info: =================================
2025-04-14 17:53:36 info: ======= ENV: development =======
2025-04-14 17:53:36 info: 🚀 App listening on the port 5601
2025-04-14 17:53:36 info: =================================
2025-04-14 17:53:39 info: =================================
2025-04-14 17:53:39 info: ======= ENV: development =======
2025-04-14 17:53:39 info: 🚀 App listening on the port 5601
2025-04-14 17:53:39 info: =================================
2025-04-14 17:53:43 info: =================================
2025-04-14 17:53:43 info: ======= ENV: development =======
2025-04-14 17:53:43 info: 🚀 App listening on the port 5601
2025-04-14 17:53:43 info: =================================
2025-04-14 17:53:47 info: =================================
2025-04-14 17:53:47 info: ======= ENV: development =======
2025-04-14 17:53:47 info: 🚀 App listening on the port 5601
2025-04-14 17:53:47 info: =================================
2025-04-14 17:53:57 info: =================================
2025-04-14 17:53:57 info: ======= ENV: development =======
2025-04-14 17:53:57 info: 🚀 App listening on the port 5601
2025-04-14 17:53:57 info: =================================
2025-04-14 18:04:04 info: =================================
2025-04-14 18:04:04 info: ======= ENV: development =======
2025-04-14 18:04:04 info: 🚀 App listening on the port 5601
2025-04-14 18:04:04 info: =================================
2025-04-14 18:04:19 info: =================================
2025-04-14 18:04:19 info: ======= ENV: development =======
2025-04-14 18:04:19 info: 🚀 App listening on the port 5601
2025-04-14 18:04:19 info: =================================
2025-04-14 18:04:23 info: =================================
2025-04-14 18:04:23 info: ======= ENV: development =======
2025-04-14 18:04:23 info: 🚀 App listening on the port 5601
2025-04-14 18:04:23 info: =================================
2025-04-14 18:04:38 info: =================================
2025-04-14 18:04:38 info: ======= ENV: development =======
2025-04-14 18:04:38 info: 🚀 App listening on the port 5601
2025-04-14 18:04:38 info: =================================
2025-04-14 18:04:46 info: =================================
2025-04-14 18:04:46 info: ======= ENV: development =======
2025-04-14 18:04:46 info: 🚀 App listening on the port 5601
2025-04-14 18:04:46 info: =================================
2025-04-14 18:04:49 info: =================================
2025-04-14 18:04:49 info: ======= ENV: development =======
2025-04-14 18:04:49 info: 🚀 App listening on the port 5601
2025-04-14 18:04:49 info: =================================
2025-04-14 18:04:52 info: =================================
2025-04-14 18:04:52 info: ======= ENV: development =======
2025-04-14 18:04:52 info: 🚀 App listening on the port 5601
2025-04-14 18:04:52 info: =================================
2025-04-14 18:05:00 info: =================================
2025-04-14 18:05:00 info: ======= ENV: development =======
2025-04-14 18:05:00 info: 🚀 App listening on the port 5601
2025-04-14 18:05:00 info: =================================
2025-04-14 18:05:10 info: =================================
2025-04-14 18:05:10 info: ======= ENV: development =======
2025-04-14 18:05:10 info: 🚀 App listening on the port 5601
2025-04-14 18:05:10 info: =================================
2025-04-14 18:05:51 info: =================================
2025-04-14 18:05:51 info: ======= ENV: development =======
2025-04-14 18:05:51 info: 🚀 App listening on the port 5601
2025-04-14 18:05:51 info: =================================
2025-04-14 18:06:00 info: =================================
2025-04-14 18:06:00 info: ======= ENV: development =======
2025-04-14 18:06:00 info: 🚀 App listening on the port 5601
2025-04-14 18:06:00 info: =================================
2025-04-14 18:06:15 info: =================================
2025-04-14 18:06:15 info: ======= ENV: development =======
2025-04-14 18:06:15 info: 🚀 App listening on the port 5601
2025-04-14 18:06:15 info: =================================
2025-04-14 18:06:26 info: =================================
2025-04-14 18:06:26 info: ======= ENV: development =======
2025-04-14 18:06:26 info: 🚀 App listening on the port 5601
2025-04-14 18:06:26 info: =================================
2025-04-14 18:07:02 info: =================================
2025-04-14 18:07:02 info: ======= ENV: development =======
2025-04-14 18:07:02 info: 🚀 App listening on the port 5601
2025-04-14 18:07:02 info: =================================
2025-04-14 18:07:11 info: =================================
2025-04-14 18:07:11 info: ======= ENV: development =======
2025-04-14 18:07:11 info: 🚀 App listening on the port 5601
2025-04-14 18:07:11 info: =================================
2025-04-14 18:07:27 info: =================================
2025-04-14 18:07:27 info: ======= ENV: development =======
2025-04-14 18:07:27 info: 🚀 App listening on the port 5601
2025-04-14 18:07:27 info: =================================
2025-04-14 18:07:36 info: =================================
2025-04-14 18:07:36 info: ======= ENV: development =======
2025-04-14 18:07:36 info: 🚀 App listening on the port 5601
2025-04-14 18:07:36 info: =================================
2025-04-14 18:07:52 info: =================================
2025-04-14 18:07:52 info: ======= ENV: development =======
2025-04-14 18:07:52 info: 🚀 App listening on the port 5601
2025-04-14 18:07:52 info: =================================
2025-04-14 18:08:05 info: =================================
2025-04-14 18:08:05 info: ======= ENV: development =======
2025-04-14 18:08:05 info: 🚀 App listening on the port 5601
2025-04-14 18:08:05 info: =================================
2025-04-14 18:08:15 info: =================================
2025-04-14 18:08:15 info: ======= ENV: development =======
2025-04-14 18:08:15 info: 🚀 App listening on the port 5601
2025-04-14 18:08:15 info: =================================
2025-04-14 18:09:13 info: =================================
2025-04-14 18:09:13 info: ======= ENV: development =======
2025-04-14 18:09:13 info: 🚀 App listening on the port 5601
2025-04-14 18:09:13 info: =================================
2025-04-14 18:09:21 info: =================================
2025-04-14 18:09:21 info: ======= ENV: development =======
2025-04-14 18:09:21 info: 🚀 App listening on the port 5601
2025-04-14 18:09:21 info: =================================
2025-04-14 18:09:29 info: =================================
2025-04-14 18:09:29 info: ======= ENV: development =======
2025-04-14 18:09:29 info: 🚀 App listening on the port 5601
2025-04-14 18:09:29 info: =================================
2025-04-14 18:09:33 info: =================================
2025-04-14 18:09:33 info: ======= ENV: development =======
2025-04-14 18:09:33 info: 🚀 App listening on the port 5601
2025-04-14 18:09:33 info: =================================
2025-04-14 18:09:38 info: =================================
2025-04-14 18:09:38 info: ======= ENV: development =======
2025-04-14 18:09:38 info: 🚀 App listening on the port 5601
2025-04-14 18:09:38 info: =================================
2025-04-14 18:09:51 info: =================================
2025-04-14 18:09:51 info: ======= ENV: development =======
2025-04-14 18:09:51 info: 🚀 App listening on the port 5601
2025-04-14 18:09:51 info: =================================
2025-04-14 18:11:33 info: =================================
2025-04-14 18:11:33 info: ======= ENV: development =======
2025-04-14 18:11:33 info: 🚀 App listening on the port 5601
2025-04-14 18:11:33 info: =================================
2025-04-14 18:11:52 info: =================================
2025-04-14 18:11:52 info: ======= ENV: development =======
2025-04-14 18:11:52 info: 🚀 App listening on the port 5601
2025-04-14 18:11:52 info: =================================
2025-04-14 18:11:54 info: =================================
2025-04-14 18:11:54 info: ======= ENV: development =======
2025-04-14 18:11:54 info: 🚀 App listening on the port 5601
2025-04-14 18:11:54 info: =================================
2025-04-14 18:12:14 info: =================================
2025-04-14 18:12:14 info: ======= ENV: development =======
2025-04-14 18:12:14 info: 🚀 App listening on the port 5601
2025-04-14 18:12:14 info: =================================
2025-04-14 18:12:19 info: =================================
2025-04-14 18:12:19 info: ======= ENV: development =======
2025-04-14 18:12:19 info: 🚀 App listening on the port 5601
2025-04-14 18:12:19 info: =================================
2025-04-14 18:12:21 info: =================================
2025-04-14 18:12:21 info: ======= ENV: development =======
2025-04-14 18:12:21 info: 🚀 App listening on the port 5601
2025-04-14 18:12:21 info: =================================
2025-04-14 18:12:23 info: =================================
2025-04-14 18:12:23 info: ======= ENV: development =======
2025-04-14 18:12:23 info: 🚀 App listening on the port 5601
2025-04-14 18:12:23 info: =================================
2025-04-14 18:12:26 info: =================================
2025-04-14 18:12:26 info: ======= ENV: development =======
2025-04-14 18:12:26 info: 🚀 App listening on the port 5601
2025-04-14 18:12:26 info: =================================
2025-04-14 18:13:08 info: =================================
2025-04-14 18:13:08 info: ======= ENV: development =======
2025-04-14 18:13:08 info: 🚀 App listening on the port 5601
2025-04-14 18:13:08 info: =================================
2025-04-14 18:13:15 info: =================================
2025-04-14 18:13:15 info: ======= ENV: development =======
2025-04-14 18:13:15 info: 🚀 App listening on the port 5601
2025-04-14 18:13:15 info: =================================
2025-04-14 18:15:01 info: =================================
2025-04-14 18:15:01 info: ======= ENV: development =======
2025-04-14 18:15:01 info: 🚀 App listening on the port 5601
2025-04-14 18:15:01 info: =================================
2025-04-14 18:15:19 info: =================================
2025-04-14 18:15:19 info: ======= ENV: development =======
2025-04-14 18:15:19 info: 🚀 App listening on the port 5601
2025-04-14 18:15:19 info: =================================
2025-04-14 18:15:25 info: =================================
2025-04-14 18:15:25 info: ======= ENV: development =======
2025-04-14 18:15:25 info: 🚀 App listening on the port 5601
2025-04-14 18:15:25 info: =================================
2025-04-14 18:15:48 info: =================================
2025-04-14 18:15:48 info: ======= ENV: development =======
2025-04-14 18:15:48 info: 🚀 App listening on the port 5601
2025-04-14 18:15:48 info: =================================
2025-04-14 18:15:52 info: =================================
2025-04-14 18:15:52 info: ======= ENV: development =======
2025-04-14 18:15:52 info: 🚀 App listening on the port 5601
2025-04-14 18:15:52 info: =================================
2025-04-14 18:15:54 info: =================================
2025-04-14 18:15:54 info: ======= ENV: development =======
2025-04-14 18:15:54 info: 🚀 App listening on the port 5601
2025-04-14 18:15:54 info: =================================
2025-04-14 18:16:00 info: =================================
2025-04-14 18:16:00 info: ======= ENV: development =======
2025-04-14 18:16:00 info: 🚀 App listening on the port 5601
2025-04-14 18:16:00 info: =================================
2025-04-14 18:16:18 info: =================================
2025-04-14 18:16:18 info: ======= ENV: development =======
2025-04-14 18:16:18 info: 🚀 App listening on the port 5601
2025-04-14 18:16:18 info: =================================
2025-04-14 18:16:23 info: =================================
2025-04-14 18:16:23 info: ======= ENV: development =======
2025-04-14 18:16:23 info: 🚀 App listening on the port 5601
2025-04-14 18:16:23 info: =================================
2025-04-14 18:16:33 info: =================================
2025-04-14 18:16:33 info: ======= ENV: development =======
2025-04-14 18:16:33 info: 🚀 App listening on the port 5601
2025-04-14 18:16:33 info: =================================
2025-04-14 18:16:35 info: =================================
2025-04-14 18:16:35 info: ======= ENV: development =======
2025-04-14 18:16:35 info: 🚀 App listening on the port 5601
2025-04-14 18:16:35 info: =================================
2025-04-14 18:17:00 info: =================================
2025-04-14 18:17:00 info: ======= ENV: development =======
2025-04-14 18:17:00 info: 🚀 App listening on the port 5601
2025-04-14 18:17:00 info: =================================
2025-04-14 18:17:18 info: =================================
2025-04-14 18:17:18 info: ======= ENV: development =======
2025-04-14 18:17:18 info: 🚀 App listening on the port 5601
2025-04-14 18:17:18 info: =================================
2025-04-14 18:17:23 info: =================================
2025-04-14 18:17:23 info: ======= ENV: development =======
2025-04-14 18:17:23 info: 🚀 App listening on the port 5601
2025-04-14 18:17:23 info: =================================
2025-04-14 18:17:47 info: =================================
2025-04-14 18:17:47 info: ======= ENV: development =======
2025-04-14 18:17:47 info: 🚀 App listening on the port 5601
2025-04-14 18:17:47 info: =================================
2025-04-14 18:17:55 info: =================================
2025-04-14 18:17:55 info: ======= ENV: development =======
2025-04-14 18:17:55 info: 🚀 App listening on the port 5601
2025-04-14 18:17:55 info: =================================
2025-04-14 18:18:00 info: =================================
2025-04-14 18:18:00 info: ======= ENV: development =======
2025-04-14 18:18:00 info: 🚀 App listening on the port 5601
2025-04-14 18:18:00 info: =================================
2025-04-14 18:18:12 info: =================================
2025-04-14 18:18:12 info: ======= ENV: development =======
2025-04-14 18:18:12 info: 🚀 App listening on the port 5601
2025-04-14 18:18:12 info: =================================
2025-04-14 18:18:27 info: =================================
2025-04-14 18:18:27 info: ======= ENV: development =======
2025-04-14 18:18:27 info: 🚀 App listening on the port 5601
2025-04-14 18:18:27 info: =================================
2025-04-14 18:20:15 info: =================================
2025-04-14 18:20:15 info: ======= ENV: development =======
2025-04-14 18:20:15 info: 🚀 App listening on the port 5601
2025-04-14 18:20:15 info: =================================
2025-04-14 18:20:17 info: =================================
2025-04-14 18:20:17 info: ======= ENV: development =======
2025-04-14 18:20:17 info: 🚀 App listening on the port 5601
2025-04-14 18:20:17 info: =================================
2025-04-14 18:20:36 info: =================================
2025-04-14 18:20:36 info: ======= ENV: development =======
2025-04-14 18:20:36 info: 🚀 App listening on the port 5601
2025-04-14 18:20:36 info: =================================
2025-04-14 18:21:59 info: =================================
2025-04-14 18:21:59 info: ======= ENV: development =======
2025-04-14 18:21:59 info: 🚀 App listening on the port 5601
2025-04-14 18:21:59 info: =================================
2025-04-14 18:22:04 info: =================================
2025-04-14 18:22:04 info: ======= ENV: development =======
2025-04-14 18:22:04 info: 🚀 App listening on the port 5601
2025-04-14 18:22:04 info: =================================
2025-04-14 18:22:13 info: =================================
2025-04-14 18:22:13 info: ======= ENV: development =======
2025-04-14 18:22:13 info: 🚀 App listening on the port 5601
2025-04-14 18:22:13 info: =================================
2025-04-14 18:22:25 info: =================================
2025-04-14 18:22:25 info: ======= ENV: development =======
2025-04-14 18:22:25 info: 🚀 App listening on the port 5601
2025-04-14 18:22:25 info: =================================
2025-04-14 18:22:28 info: =================================
2025-04-14 18:22:28 info: ======= ENV: development =======
2025-04-14 18:22:28 info: 🚀 App listening on the port 5601
2025-04-14 18:22:28 info: =================================
2025-04-14 18:22:34 info: =================================
2025-04-14 18:22:34 info: ======= ENV: development =======
2025-04-14 18:22:34 info: 🚀 App listening on the port 5601
2025-04-14 18:22:34 info: =================================
2025-04-14 18:22:57 info: =================================
2025-04-14 18:22:57 info: ======= ENV: development =======
2025-04-14 18:22:57 info: 🚀 App listening on the port 5601
2025-04-14 18:22:57 info: =================================
2025-04-14 18:23:00 info: =================================
2025-04-14 18:23:00 info: ======= ENV: development =======
2025-04-14 18:23:00 info: 🚀 App listening on the port 5601
2025-04-14 18:23:00 info: =================================
2025-04-14 18:23:06 info: =================================
2025-04-14 18:23:06 info: ======= ENV: development =======
2025-04-14 18:23:06 info: 🚀 App listening on the port 5601
2025-04-14 18:23:06 info: =================================
2025-04-14 18:23:09 info: =================================
2025-04-14 18:23:09 info: ======= ENV: development =======
2025-04-14 18:23:09 info: 🚀 App listening on the port 5601
2025-04-14 18:23:09 info: =================================
2025-04-14 18:23:20 info: =================================
2025-04-14 18:23:20 info: ======= ENV: development =======
2025-04-14 18:23:20 info: 🚀 App listening on the port 5601
2025-04-14 18:23:20 info: =================================
2025-04-14 18:23:25 info: =================================
2025-04-14 18:23:25 info: ======= ENV: development =======
2025-04-14 18:23:25 info: 🚀 App listening on the port 5601
2025-04-14 18:23:25 info: =================================
2025-04-14 18:23:47 info: =================================
2025-04-14 18:23:47 info: ======= ENV: development =======
2025-04-14 18:23:47 info: 🚀 App listening on the port 5601
2025-04-14 18:23:47 info: =================================
2025-04-14 18:23:51 info: =================================
2025-04-14 18:23:51 info: ======= ENV: development =======
2025-04-14 18:23:51 info: 🚀 App listening on the port 5601
2025-04-14 18:23:51 info: =================================
2025-04-14 18:23:57 info: =================================
2025-04-14 18:23:57 info: ======= ENV: development =======
2025-04-14 18:23:57 info: 🚀 App listening on the port 5601
2025-04-14 18:23:57 info: =================================
2025-04-14 18:24:05 info: =================================
2025-04-14 18:24:05 info: ======= ENV: development =======
2025-04-14 18:24:05 info: 🚀 App listening on the port 5601
2025-04-14 18:24:05 info: =================================
2025-04-14 18:24:09 info: =================================
2025-04-14 18:24:09 info: ======= ENV: development =======
2025-04-14 18:24:09 info: 🚀 App listening on the port 5601
2025-04-14 18:24:09 info: =================================
2025-04-14 18:24:17 info: =================================
2025-04-14 18:24:17 info: ======= ENV: development =======
2025-04-14 18:24:17 info: 🚀 App listening on the port 5601
2025-04-14 18:24:17 info: =================================
2025-04-14 18:24:19 info: =================================
2025-04-14 18:24:19 info: ======= ENV: development =======
2025-04-14 18:24:19 info: 🚀 App listening on the port 5601
2025-04-14 18:24:19 info: =================================
2025-04-14 18:24:22 info: =================================
2025-04-14 18:24:22 info: ======= ENV: development =======
2025-04-14 18:24:22 info: 🚀 App listening on the port 5601
2025-04-14 18:24:22 info: =================================
2025-04-14 18:24:29 info: =================================
2025-04-14 18:24:29 info: ======= ENV: development =======
2025-04-14 18:24:29 info: 🚀 App listening on the port 5601
2025-04-14 18:24:29 info: =================================
2025-04-14 18:24:30 info: =================================
2025-04-14 18:24:30 info: ======= ENV: development =======
2025-04-14 18:24:30 info: 🚀 App listening on the port 5601
2025-04-14 18:24:30 info: =================================
2025-04-14 18:24:52 info: =================================
2025-04-14 18:24:52 info: ======= ENV: development =======
2025-04-14 18:24:52 info: 🚀 App listening on the port 5601
2025-04-14 18:24:52 info: =================================
2025-04-14 18:24:56 info: =================================
2025-04-14 18:24:56 info: ======= ENV: development =======
2025-04-14 18:24:56 info: 🚀 App listening on the port 5601
2025-04-14 18:24:56 info: =================================
2025-04-14 18:25:50 info: =================================
2025-04-14 18:25:50 info: ======= ENV: development =======
2025-04-14 18:25:50 info: 🚀 App listening on the port 5601
2025-04-14 18:25:50 info: =================================
2025-04-14 18:25:52 info: =================================
2025-04-14 18:25:52 info: ======= ENV: development =======
2025-04-14 18:25:52 info: 🚀 App listening on the port 5601
2025-04-14 18:25:52 info: =================================
2025-04-14 18:26:45 info: =================================
2025-04-14 18:26:45 info: ======= ENV: development =======
2025-04-14 18:26:45 info: 🚀 App listening on the port 5601
2025-04-14 18:26:45 info: =================================
2025-04-14 18:27:05 info: =================================
2025-04-14 18:27:05 info: ======= ENV: development =======
2025-04-14 18:27:05 info: 🚀 App listening on the port 5601
2025-04-14 18:27:05 info: =================================
2025-04-14 18:54:22 error: [PUT] /Apartment/undefined >> StatusCode:: 500, Message:: Cast to ObjectId failed for value "undefined" (type string) at path "_id" for model "Apartment"
2025-04-14 19:06:37 info: =================================
2025-04-14 19:06:37 info: ======= ENV: development =======
2025-04-14 19:06:37 info: 🚀 App listening on the port 5601
2025-04-14 19:06:37 info: =================================
2025-04-14 19:06:48 info: =================================
2025-04-14 19:06:48 info: ======= ENV: development =======
2025-04-14 19:06:48 info: 🚀 App listening on the port 5601
2025-04-14 19:06:48 info: =================================
2025-04-14 19:06:53 info: =================================
2025-04-14 19:06:53 info: ======= ENV: development =======
2025-04-14 19:06:53 info: 🚀 App listening on the port 5601
2025-04-14 19:06:53 info: =================================
2025-04-14 19:06:55 info: =================================
2025-04-14 19:06:55 info: ======= ENV: development =======
2025-04-14 19:06:55 info: 🚀 App listening on the port 5601
2025-04-14 19:06:55 info: =================================
2025-04-14 19:06:57 info: =================================
2025-04-14 19:06:57 info: ======= ENV: development =======
2025-04-14 19:06:57 info: 🚀 App listening on the port 5601
2025-04-14 19:06:57 info: =================================
2025-04-14 19:07:01 info: =================================
2025-04-14 19:07:01 info: ======= ENV: development =======
2025-04-14 19:07:01 info: 🚀 App listening on the port 5601
2025-04-14 19:07:01 info: =================================
2025-04-14 19:07:03 info: =================================
2025-04-14 19:07:03 info: ======= ENV: development =======
2025-04-14 19:07:03 info: 🚀 App listening on the port 5601
2025-04-14 19:07:03 info: =================================
2025-04-14 19:07:07 info: =================================
2025-04-14 19:07:07 info: ======= ENV: development =======
2025-04-14 19:07:07 info: 🚀 App listening on the port 5601
2025-04-14 19:07:07 info: =================================
2025-04-14 19:07:24 info: =================================
2025-04-14 19:07:24 info: ======= ENV: development =======
2025-04-14 19:07:24 info: 🚀 App listening on the port 5601
2025-04-14 19:07:24 info: =================================
2025-04-14 19:07:26 info: =================================
2025-04-14 19:07:26 info: ======= ENV: development =======
2025-04-14 19:07:26 info: 🚀 App listening on the port 5601
2025-04-14 19:07:26 info: =================================
2025-04-14 19:07:49 info: =================================
2025-04-14 19:07:49 info: ======= ENV: development =======
2025-04-14 19:07:49 info: 🚀 App listening on the port 5601
2025-04-14 19:07:49 info: =================================
2025-04-14 19:08:58 info: =================================
2025-04-14 19:08:58 info: ======= ENV: development =======
2025-04-14 19:08:58 info: 🚀 App listening on the port 5601
2025-04-14 19:08:58 info: =================================
2025-04-14 19:15:07 info: =================================
2025-04-14 19:15:07 info: ======= ENV: development =======
2025-04-14 19:15:07 info: 🚀 App listening on the port 5601
2025-04-14 19:15:07 info: =================================
2025-04-14 19:15:10 info: =================================
2025-04-14 19:15:10 info: ======= ENV: development =======
2025-04-14 19:15:10 info: 🚀 App listening on the port 5601
2025-04-14 19:15:10 info: =================================
2025-04-14 19:16:17 info: =================================
2025-04-14 19:16:17 info: ======= ENV: development =======
2025-04-14 19:16:17 info: 🚀 App listening on the port 5601
2025-04-14 19:16:17 info: =================================
2025-04-14 19:16:29 info: =================================
2025-04-14 19:16:29 info: ======= ENV: development =======
2025-04-14 19:16:29 info: 🚀 App listening on the port 5601
2025-04-14 19:16:29 info: =================================
2025-04-14 19:16:50 info: =================================
2025-04-14 19:16:50 info: ======= ENV: development =======
2025-04-14 19:16:50 info: 🚀 App listening on the port 5601
2025-04-14 19:16:50 info: =================================
2025-04-14 19:17:04 info: =================================
2025-04-14 19:17:04 info: ======= ENV: development =======
2025-04-14 19:17:04 info: 🚀 App listening on the port 5601
2025-04-14 19:17:04 info: =================================
2025-04-14 19:17:15 info: =================================
2025-04-14 19:17:15 info: ======= ENV: development =======
2025-04-14 19:17:15 info: 🚀 App listening on the port 5601
2025-04-14 19:17:15 info: =================================
2025-04-14 19:17:32 info: =================================
2025-04-14 19:17:32 info: ======= ENV: development =======
2025-04-14 19:17:32 info: 🚀 App listening on the port 5601
2025-04-14 19:17:32 info: =================================
2025-04-14 19:18:32 info: =================================
2025-04-14 19:18:32 info: ======= ENV: development =======
2025-04-14 19:18:32 info: 🚀 App listening on the port 5601
2025-04-14 19:18:32 info: =================================
2025-04-14 19:19:06 info: =================================
2025-04-14 19:19:06 info: ======= ENV: development =======
2025-04-14 19:19:06 info: 🚀 App listening on the port 5601
2025-04-14 19:19:06 info: =================================
2025-04-14 19:19:41 info: =================================
2025-04-14 19:19:41 info: ======= ENV: development =======
2025-04-14 19:19:41 info: 🚀 App listening on the port 5601
2025-04-14 19:19:41 info: =================================
2025-04-14 19:20:27 info: =================================
2025-04-14 19:20:27 info: ======= ENV: development =======
2025-04-14 19:20:27 info: 🚀 App listening on the port 5601
2025-04-14 19:20:27 info: =================================
2025-04-14 19:20:35 info: =================================
2025-04-14 19:20:35 info: ======= ENV: development =======
2025-04-14 19:20:35 info: 🚀 App listening on the port 5601
2025-04-14 19:20:35 info: =================================
2025-04-14 19:20:38 info: =================================
2025-04-14 19:20:38 info: ======= ENV: development =======
2025-04-14 19:20:38 info: 🚀 App listening on the port 5601
2025-04-14 19:20:38 info: =================================
2025-04-14 19:20:48 info: =================================
2025-04-14 19:20:48 info: ======= ENV: development =======
2025-04-14 19:20:48 info: 🚀 App listening on the port 5601
2025-04-14 19:20:48 info: =================================
2025-04-14 19:20:52 info: =================================
2025-04-14 19:20:52 info: ======= ENV: development =======
2025-04-14 19:20:52 info: 🚀 App listening on the port 5601
2025-04-14 19:20:52 info: =================================
2025-04-14 19:20:55 info: =================================
2025-04-14 19:20:55 info: ======= ENV: development =======
2025-04-14 19:20:55 info: 🚀 App listening on the port 5601
2025-04-14 19:20:55 info: =================================
2025-04-14 19:20:57 info: =================================
2025-04-14 19:20:57 info: ======= ENV: development =======
2025-04-14 19:20:57 info: 🚀 App listening on the port 5601
2025-04-14 19:20:57 info: =================================
2025-04-14 19:21:11 info: =================================
2025-04-14 19:21:11 info: ======= ENV: development =======
2025-04-14 19:21:11 info: 🚀 App listening on the port 5601
2025-04-14 19:21:11 info: =================================
2025-04-14 19:21:16 info: =================================
2025-04-14 19:21:16 info: ======= ENV: development =======
2025-04-14 19:21:16 info: 🚀 App listening on the port 5601
2025-04-14 19:21:16 info: =================================
2025-04-14 19:21:18 info: =================================
2025-04-14 19:21:18 info: ======= ENV: development =======
2025-04-14 19:21:18 info: 🚀 App listening on the port 5601
2025-04-14 19:21:18 info: =================================
2025-04-14 19:21:21 info: =================================
2025-04-14 19:21:21 info: ======= ENV: development =======
2025-04-14 19:21:21 info: 🚀 App listening on the port 5601
2025-04-14 19:21:21 info: =================================
2025-04-14 19:21:25 info: =================================
2025-04-14 19:21:25 info: ======= ENV: development =======
2025-04-14 19:21:25 info: 🚀 App listening on the port 5601
2025-04-14 19:21:25 info: =================================
2025-04-14 19:21:43 info: =================================
2025-04-14 19:21:43 info: ======= ENV: development =======
2025-04-14 19:21:43 info: 🚀 App listening on the port 5601
2025-04-14 19:21:43 info: =================================
2025-04-14 19:22:07 info: =================================
2025-04-14 19:22:07 info: ======= ENV: development =======
2025-04-14 19:22:07 info: 🚀 App listening on the port 5601
2025-04-14 19:22:07 info: =================================
2025-04-14 19:22:16 info: =================================
2025-04-14 19:22:16 info: ======= ENV: development =======
2025-04-14 19:22:16 info: 🚀 App listening on the port 5601
2025-04-14 19:22:16 info: =================================
2025-04-14 19:22:23 info: =================================
2025-04-14 19:22:23 info: ======= ENV: development =======
2025-04-14 19:22:23 info: 🚀 App listening on the port 5601
2025-04-14 19:22:23 info: =================================
2025-04-14 19:22:35 info: =================================
2025-04-14 19:22:35 info: ======= ENV: development =======
2025-04-14 19:22:35 info: 🚀 App listening on the port 5601
2025-04-14 19:22:35 info: =================================
2025-04-14 19:22:39 info: =================================
2025-04-14 19:22:39 info: ======= ENV: development =======
2025-04-14 19:22:39 info: 🚀 App listening on the port 5601
2025-04-14 19:22:39 info: =================================
2025-04-14 19:22:45 info: =================================
2025-04-14 19:22:45 info: ======= ENV: development =======
2025-04-14 19:22:45 info: 🚀 App listening on the port 5601
2025-04-14 19:22:45 info: =================================
2025-04-14 19:22:48 info: =================================
2025-04-14 19:22:48 info: ======= ENV: development =======
2025-04-14 19:22:48 info: 🚀 App listening on the port 5601
2025-04-14 19:22:48 info: =================================
2025-04-14 19:22:56 info: =================================
2025-04-14 19:22:56 info: ======= ENV: development =======
2025-04-14 19:22:56 info: 🚀 App listening on the port 5601
2025-04-14 19:22:56 info: =================================
2025-04-14 19:25:09 info: =================================
2025-04-14 19:25:09 info: ======= ENV: development =======
2025-04-14 19:25:09 info: 🚀 App listening on the port 5601
2025-04-14 19:25:09 info: =================================
2025-04-14 19:25:40 info: =================================
2025-04-14 19:25:40 info: ======= ENV: development =======
2025-04-14 19:25:40 info: 🚀 App listening on the port 5601
2025-04-14 19:25:40 info: =================================
2025-04-14 19:25:47 info: =================================
2025-04-14 19:25:47 info: ======= ENV: development =======
2025-04-14 19:25:47 info: 🚀 App listening on the port 5601
2025-04-14 19:25:47 info: =================================
2025-04-14 19:26:53 info: =================================
2025-04-14 19:26:53 info: ======= ENV: development =======
2025-04-14 19:26:53 info: 🚀 App listening on the port 5601
2025-04-14 19:26:53 info: =================================
2025-04-14 19:27:01 info: =================================
2025-04-14 19:27:01 info: ======= ENV: development =======
2025-04-14 19:27:01 info: 🚀 App listening on the port 5601
2025-04-14 19:27:01 info: =================================
2025-04-14 19:27:05 info: =================================
2025-04-14 19:27:05 info: ======= ENV: development =======
2025-04-14 19:27:05 info: 🚀 App listening on the port 5601
2025-04-14 19:27:05 info: =================================
2025-04-14 22:23:40 info: =================================
2025-04-14 22:23:40 info: ======= ENV: development =======
2025-04-14 22:23:40 info: 🚀 App listening on the port 5601
2025-04-14 22:23:40 info: =================================
2025-04-14 22:23:57 info: =================================
2025-04-14 22:23:57 info: ======= ENV: development =======
2025-04-14 22:23:57 info: 🚀 App listening on the port 5601
2025-04-14 22:23:57 info: =================================
2025-04-14 22:24:07 info: =================================
2025-04-14 22:24:07 info: ======= ENV: development =======
2025-04-14 22:24:07 info: 🚀 App listening on the port 5601
2025-04-14 22:24:07 info: =================================
2025-04-14 22:24:31 info: =================================
2025-04-14 22:24:31 info: ======= ENV: development =======
2025-04-14 22:24:31 info: 🚀 App listening on the port 5601
2025-04-14 22:24:31 info: =================================
2025-04-14 22:24:39 info: =================================
2025-04-14 22:24:39 info: ======= ENV: development =======
2025-04-14 22:24:39 info: 🚀 App listening on the port 5601
2025-04-14 22:24:39 info: =================================
2025-04-14 22:24:44 info: =================================
2025-04-14 22:24:44 info: ======= ENV: development =======
2025-04-14 22:24:44 info: 🚀 App listening on the port 5601
2025-04-14 22:24:44 info: =================================
2025-04-14 22:24:54 info: =================================
2025-04-14 22:24:54 info: ======= ENV: development =======
2025-04-14 22:24:54 info: 🚀 App listening on the port 5601
2025-04-14 22:24:54 info: =================================
2025-04-14 22:25:42 info: =================================
2025-04-14 22:25:42 info: ======= ENV: development =======
2025-04-14 22:25:42 info: 🚀 App listening on the port 5601
2025-04-14 22:25:42 info: =================================
2025-04-14 22:25:52 info: =================================
2025-04-14 22:25:52 info: ======= ENV: development =======
2025-04-14 22:25:52 info: 🚀 App listening on the port 5601
2025-04-14 22:25:52 info: =================================
2025-04-14 22:25:56 info: =================================
2025-04-14 22:25:56 info: ======= ENV: development =======
2025-04-14 22:25:56 info: 🚀 App listening on the port 5601
2025-04-14 22:25:56 info: =================================
2025-04-14 22:25:59 info: =================================
2025-04-14 22:25:59 info: ======= ENV: development =======
2025-04-14 22:25:59 info: 🚀 App listening on the port 5601
2025-04-14 22:25:59 info: =================================
2025-04-14 22:26:04 info: =================================
2025-04-14 22:26:04 info: ======= ENV: development =======
2025-04-14 22:26:04 info: 🚀 App listening on the port 5601
2025-04-14 22:26:04 info: =================================
2025-04-14 22:26:10 info: =================================
2025-04-14 22:26:10 info: ======= ENV: development =======
2025-04-14 22:26:10 info: 🚀 App listening on the port 5601
2025-04-14 22:26:10 info: =================================
2025-04-14 22:26:14 info: =================================
2025-04-14 22:26:14 info: ======= ENV: development =======
2025-04-14 22:26:14 info: 🚀 App listening on the port 5601
2025-04-14 22:26:14 info: =================================
2025-04-14 22:26:41 info: =================================
2025-04-14 22:26:41 info: ======= ENV: development =======
2025-04-14 22:26:41 info: 🚀 App listening on the port 5601
2025-04-14 22:26:41 info: =================================
2025-04-14 22:26:54 info: =================================
2025-04-14 22:26:54 info: ======= ENV: development =======
2025-04-14 22:26:54 info: 🚀 App listening on the port 5601
2025-04-14 22:26:54 info: =================================
2025-04-14 22:27:29 info: =================================
2025-04-14 22:27:29 info: ======= ENV: development =======
2025-04-14 22:27:29 info: 🚀 App listening on the port 5601
2025-04-14 22:27:29 info: =================================
2025-04-14 22:27:40 info: =================================
2025-04-14 22:27:40 info: ======= ENV: development =======
2025-04-14 22:27:40 info: 🚀 App listening on the port 5601
2025-04-14 22:27:40 info: =================================
2025-04-14 22:27:47 info: =================================
2025-04-14 22:27:47 info: ======= ENV: development =======
2025-04-14 22:27:47 info: 🚀 App listening on the port 5601
2025-04-14 22:27:47 info: =================================
2025-04-14 22:27:52 info: =================================
2025-04-14 22:27:52 info: ======= ENV: development =======
2025-04-14 22:27:52 info: 🚀 App listening on the port 5601
2025-04-14 22:27:52 info: =================================
2025-04-14 22:27:56 info: =================================
2025-04-14 22:27:56 info: ======= ENV: development =======
2025-04-14 22:27:56 info: 🚀 App listening on the port 5601
2025-04-14 22:27:56 info: =================================
2025-04-14 22:27:59 info: =================================
2025-04-14 22:27:59 info: ======= ENV: development =======
2025-04-14 22:27:59 info: 🚀 App listening on the port 5601
2025-04-14 22:27:59 info: =================================
2025-04-14 22:28:03 info: =================================
2025-04-14 22:28:03 info: ======= ENV: development =======
2025-04-14 22:28:03 info: 🚀 App listening on the port 5601
2025-04-14 22:28:03 info: =================================
2025-04-14 22:28:10 info: =================================
2025-04-14 22:28:10 info: ======= ENV: development =======
2025-04-14 22:28:10 info: 🚀 App listening on the port 5601
2025-04-14 22:28:10 info: =================================
2025-04-14 22:28:12 info: =================================
2025-04-14 22:28:12 info: ======= ENV: development =======
2025-04-14 22:28:12 info: 🚀 App listening on the port 5601
2025-04-14 22:28:12 info: =================================
2025-04-14 22:28:15 info: =================================
2025-04-14 22:28:15 info: ======= ENV: development =======
2025-04-14 22:28:15 info: 🚀 App listening on the port 5601
2025-04-14 22:28:15 info: =================================
2025-04-14 22:28:21 info: =================================
2025-04-14 22:28:21 info: ======= ENV: development =======
2025-04-14 22:28:21 info: 🚀 App listening on the port 5601
2025-04-14 22:28:21 info: =================================
2025-04-14 22:28:33 info: =================================
2025-04-14 22:28:33 info: ======= ENV: development =======
2025-04-14 22:28:33 info: 🚀 App listening on the port 5601
2025-04-14 22:28:33 info: =================================
2025-04-14 22:29:01 info: =================================
2025-04-14 22:29:01 info: ======= ENV: development =======
2025-04-14 22:29:01 info: 🚀 App listening on the port 5601
2025-04-14 22:29:01 info: =================================
2025-04-14 22:29:10 info: =================================
2025-04-14 22:29:10 info: ======= ENV: development =======
2025-04-14 22:29:10 info: 🚀 App listening on the port 5601
2025-04-14 22:29:10 info: =================================
2025-04-14 22:29:12 info: =================================
2025-04-14 22:29:12 info: ======= ENV: development =======
2025-04-14 22:29:12 info: 🚀 App listening on the port 5601
2025-04-14 22:29:12 info: =================================
2025-04-14 22:29:23 info: =================================
2025-04-14 22:29:23 info: ======= ENV: development =======
2025-04-14 22:29:23 info: 🚀 App listening on the port 5601
2025-04-14 22:29:23 info: =================================
2025-04-14 22:30:05 info: =================================
2025-04-14 22:30:05 info: ======= ENV: development =======
2025-04-14 22:30:05 info: 🚀 App listening on the port 5601
2025-04-14 22:30:05 info: =================================
2025-04-14 22:30:10 info: =================================
2025-04-14 22:30:10 info: ======= ENV: development =======
2025-04-14 22:30:10 info: 🚀 App listening on the port 5601
2025-04-14 22:30:10 info: =================================
2025-04-14 22:30:13 info: =================================
2025-04-14 22:30:13 info: ======= ENV: development =======
2025-04-14 22:30:13 info: 🚀 App listening on the port 5601
2025-04-14 22:30:13 info: =================================
2025-04-14 22:30:17 info: =================================
2025-04-14 22:30:17 info: ======= ENV: development =======
2025-04-14 22:30:17 info: 🚀 App listening on the port 5601
2025-04-14 22:30:17 info: =================================
2025-04-14 22:30:21 info: =================================
2025-04-14 22:30:21 info: ======= ENV: development =======
2025-04-14 22:30:21 info: 🚀 App listening on the port 5601
2025-04-14 22:30:21 info: =================================
2025-04-14 22:30:28 info: =================================
2025-04-14 22:30:28 info: ======= ENV: development =======
2025-04-14 22:30:28 info: 🚀 App listening on the port 5601
2025-04-14 22:30:28 info: =================================
2025-04-14 22:30:32 info: =================================
2025-04-14 22:30:32 info: ======= ENV: development =======
2025-04-14 22:30:32 info: 🚀 App listening on the port 5601
2025-04-14 22:30:32 info: =================================
2025-04-14 22:30:44 info: =================================
2025-04-14 22:30:44 info: ======= ENV: development =======
2025-04-14 22:30:44 info: 🚀 App listening on the port 5601
2025-04-14 22:30:44 info: =================================
2025-04-14 22:30:47 info: =================================
2025-04-14 22:30:47 info: ======= ENV: development =======
2025-04-14 22:30:47 info: 🚀 App listening on the port 5601
2025-04-14 22:30:47 info: =================================
2025-04-14 22:30:57 info: =================================
2025-04-14 22:30:57 info: ======= ENV: development =======
2025-04-14 22:30:57 info: 🚀 App listening on the port 5601
2025-04-14 22:30:57 info: =================================
2025-04-14 22:31:09 info: =================================
2025-04-14 22:31:09 info: ======= ENV: development =======
2025-04-14 22:31:09 info: 🚀 App listening on the port 5601
2025-04-14 22:31:09 info: =================================
2025-04-14 22:31:14 info: =================================
2025-04-14 22:31:14 info: ======= ENV: development =======
2025-04-14 22:31:14 info: 🚀 App listening on the port 5601
2025-04-14 22:31:14 info: =================================
2025-04-14 22:31:44 info: =================================
2025-04-14 22:31:44 info: ======= ENV: development =======
2025-04-14 22:31:44 info: 🚀 App listening on the port 5601
2025-04-14 22:31:44 info: =================================
2025-04-14 22:31:50 info: =================================
2025-04-14 22:31:50 info: ======= ENV: development =======
2025-04-14 22:31:50 info: 🚀 App listening on the port 5601
2025-04-14 22:31:50 info: =================================
2025-04-14 22:31:54 info: =================================
2025-04-14 22:31:54 info: ======= ENV: development =======
2025-04-14 22:31:54 info: 🚀 App listening on the port 5601
2025-04-14 22:31:54 info: =================================
2025-04-14 22:31:58 info: =================================
2025-04-14 22:31:58 info: ======= ENV: development =======
2025-04-14 22:31:58 info: 🚀 App listening on the port 5601
2025-04-14 22:31:58 info: =================================
2025-04-14 22:32:02 info: =================================
2025-04-14 22:32:02 info: ======= ENV: development =======
2025-04-14 22:32:02 info: 🚀 App listening on the port 5601
2025-04-14 22:32:02 info: =================================
2025-04-14 22:32:04 info: =================================
2025-04-14 22:32:04 info: ======= ENV: development =======
2025-04-14 22:32:04 info: 🚀 App listening on the port 5601
2025-04-14 22:32:04 info: =================================
2025-04-14 22:32:27 info: =================================
2025-04-14 22:32:27 info: ======= ENV: development =======
2025-04-14 22:32:27 info: 🚀 App listening on the port 5601
2025-04-14 22:32:27 info: =================================
2025-04-14 22:32:31 info: =================================
2025-04-14 22:32:31 info: ======= ENV: development =======
2025-04-14 22:32:31 info: 🚀 App listening on the port 5601
2025-04-14 22:32:31 info: =================================
2025-04-14 22:41:33 info: =================================
2025-04-14 22:41:33 info: ======= ENV: development =======
2025-04-14 22:41:33 info: 🚀 App listening on the port 5601
2025-04-14 22:41:33 info: =================================
2025-04-14 22:41:42 info: =================================
2025-04-14 22:41:42 info: ======= ENV: development =======
2025-04-14 22:41:42 info: 🚀 App listening on the port 5601
2025-04-14 22:41:42 info: =================================
2025-04-14 22:41:49 info: =================================
2025-04-14 22:41:49 info: ======= ENV: development =======
2025-04-14 22:41:49 info: 🚀 App listening on the port 5601
2025-04-14 22:41:49 info: =================================
2025-04-14 22:42:01 info: =================================
2025-04-14 22:42:01 info: ======= ENV: development =======
2025-04-14 22:42:01 info: 🚀 App listening on the port 5601
2025-04-14 22:42:01 info: =================================
2025-04-14 22:42:14 info: =================================
2025-04-14 22:42:14 info: ======= ENV: development =======
2025-04-14 22:42:14 info: 🚀 App listening on the port 5601
2025-04-14 22:42:14 info: =================================
2025-04-14 22:42:22 info: =================================
2025-04-14 22:42:22 info: ======= ENV: development =======
2025-04-14 22:42:22 info: 🚀 App listening on the port 5601
2025-04-14 22:42:22 info: =================================
2025-04-14 22:42:27 info: =================================
2025-04-14 22:42:27 info: ======= ENV: development =======
2025-04-14 22:42:27 info: 🚀 App listening on the port 5601
2025-04-14 22:42:27 info: =================================
2025-04-14 22:42:31 info: =================================
2025-04-14 22:42:31 info: ======= ENV: development =======
2025-04-14 22:42:31 info: 🚀 App listening on the port 5601
2025-04-14 22:42:31 info: =================================
2025-04-14 22:42:36 info: =================================
2025-04-14 22:42:36 info: ======= ENV: development =======
2025-04-14 22:42:36 info: 🚀 App listening on the port 5601
2025-04-14 22:42:36 info: =================================
2025-04-14 22:42:37 info: =================================
2025-04-14 22:42:37 info: ======= ENV: development =======
2025-04-14 22:42:37 info: 🚀 App listening on the port 5601
2025-04-14 22:42:37 info: =================================
2025-04-14 22:42:43 info: =================================
2025-04-14 22:42:43 info: ======= ENV: development =======
2025-04-14 22:42:43 info: 🚀 App listening on the port 5601
2025-04-14 22:42:43 info: =================================
2025-04-14 22:43:43 info: =================================
2025-04-14 22:43:43 info: ======= ENV: development =======
2025-04-14 22:43:43 info: 🚀 App listening on the port 5601
2025-04-14 22:43:43 info: =================================
2025-04-14 22:46:28 info: =================================
2025-04-14 22:46:28 info: ======= ENV: development =======
2025-04-14 22:46:28 info: 🚀 App listening on the port 5601
2025-04-14 22:46:28 info: =================================
2025-04-14 22:46:32 info: =================================
2025-04-14 22:46:32 info: ======= ENV: development =======
2025-04-14 22:46:32 info: 🚀 App listening on the port 5601
2025-04-14 22:46:32 info: =================================
2025-04-14 22:46:37 info: =================================
2025-04-14 22:46:37 info: ======= ENV: development =======
2025-04-14 22:46:37 info: 🚀 App listening on the port 5601
2025-04-14 22:46:37 info: =================================
2025-04-14 22:50:40 info: =================================
2025-04-14 22:50:40 info: ======= ENV: development =======
2025-04-14 22:50:40 info: 🚀 App listening on the port 5601
2025-04-14 22:50:40 info: =================================
2025-04-14 22:54:00 info: =================================
2025-04-14 22:54:00 info: ======= ENV: development =======
2025-04-14 22:54:00 info: 🚀 App listening on the port 5601
2025-04-14 22:54:00 info: =================================
2025-04-14 22:54:15 info: =================================
2025-04-14 22:54:15 info: ======= ENV: development =======
2025-04-14 22:54:15 info: 🚀 App listening on the port 5601
2025-04-14 22:54:15 info: =================================
2025-04-14 22:54:23 info: =================================
2025-04-14 22:54:23 info: ======= ENV: development =======
2025-04-14 22:54:23 info: 🚀 App listening on the port 5601
2025-04-14 22:54:23 info: =================================
2025-04-14 22:54:26 info: =================================
2025-04-14 22:54:26 info: ======= ENV: development =======
2025-04-14 22:54:26 info: 🚀 App listening on the port 5601
2025-04-14 22:54:26 info: =================================
2025-04-14 22:54:29 info: =================================
2025-04-14 22:54:29 info: ======= ENV: development =======
2025-04-14 22:54:29 info: 🚀 App listening on the port 5601
2025-04-14 22:54:29 info: =================================
