2025-05-11 18:14:25 error: [PUT] /Apartment/681ecf9de5e334cca48c22a6 >> StatusCode:: 409, Message:: no tenant
2025-05-11 18:14:28 error: [PUT] /Apartment/681ecf9de5e334cca48c22a6 >> StatusCode:: 409, Message:: no tenant
2025-05-11 18:16:15 error: [GET] /Building/primo >> StatusCode:: 500, Message:: Cast to ObjectId failed for value "primo" (type string) at path "_id" for model "Building"
2025-05-11 18:46:57 info: =================================
2025-05-11 18:46:57 info: ======= ENV: development =======
2025-05-11 18:46:57 info: 🚀 App listening on the port 5601
2025-05-11 18:46:57 info: =================================
2025-05-11 19:41:06 info: =================================
2025-05-11 19:41:06 info: ======= ENV: development =======
2025-05-11 19:41:06 info: 🚀 App listening on the port 5601
2025-05-11 19:41:06 info: =================================
2025-05-11 19:43:10 error: [GET] /dashboard >> StatusCode:: 500, Message:: jwt must be provided
2025-05-11 19:43:43 error: [GET] /Building >> StatusCode:: 500, Message:: Cannot read properties of undefined (reading 'split')
2025-05-11 19:43:48 error: [GET] /Building >> StatusCode:: 500, Message:: Cannot read properties of undefined (reading 'split')
2025-05-11 19:44:30 error: [POST] /auth/login >> StatusCode:: 409, Message:: This email saydan02@gmail.com was not found
2025-05-11 19:44:41 error: [POST] /auth/login >> StatusCode:: 409, Message:: This email kikopere@gmail.com was not found
2025-05-11 20:01:11 info: =================================
2025-05-11 20:01:11 info: ======= ENV: development =======
2025-05-11 20:01:11 info: 🚀 App listening on the port 5601
2025-05-11 20:01:11 info: =================================
2025-05-11 20:02:32 info: =================================
2025-05-11 20:02:32 info: ======= ENV: development =======
2025-05-11 20:02:32 info: 🚀 App listening on the port 5601
2025-05-11 20:02:32 info: =================================
2025-05-11 20:06:30 info: =================================
2025-05-11 20:06:30 info: ======= ENV: development =======
2025-05-11 20:06:30 info: 🚀 App listening on the port 5601
2025-05-11 20:06:30 info: =================================
2025-05-11 20:06:34 info: =================================
2025-05-11 20:06:34 info: ======= ENV: development =======
2025-05-11 20:06:34 info: 🚀 App listening on the port 5601
2025-05-11 20:06:34 info: =================================
2025-05-11 20:06:42 info: =================================
2025-05-11 20:06:42 info: ======= ENV: development =======
2025-05-11 20:06:42 info: 🚀 App listening on the port 5601
2025-05-11 20:06:42 info: =================================
2025-05-11 20:12:24 error: [POST] /building >> StatusCode:: 500, Message:: Building validation failed: state: Path `state` (`MANAMA`) is longer than the maximum allowed length (2).
2025-05-11 20:30:38 info: =================================
2025-05-11 20:30:38 info: ======= ENV: development =======
2025-05-11 20:30:38 info: 🚀 App listening on the port 5601
2025-05-11 20:30:38 info: =================================
2025-05-11 20:30:54 info: =================================
2025-05-11 20:30:54 info: ======= ENV: development =======
2025-05-11 20:30:54 info: 🚀 App listening on the port 5601
2025-05-11 20:30:54 info: =================================
2025-05-11 20:31:10 info: =================================
2025-05-11 20:31:10 info: ======= ENV: development =======
2025-05-11 20:31:10 info: 🚀 App listening on the port 5601
2025-05-11 20:31:10 info: =================================
2025-05-11 20:31:14 info: =================================
2025-05-11 20:31:14 info: ======= ENV: development =======
2025-05-11 20:31:14 info: 🚀 App listening on the port 5601
2025-05-11 20:31:14 info: =================================
2025-05-11 20:31:22 info: =================================
2025-05-11 20:31:22 info: ======= ENV: development =======
2025-05-11 20:31:22 info: 🚀 App listening on the port 5601
2025-05-11 20:31:22 info: =================================
2025-05-11 20:31:24 info: =================================
2025-05-11 20:31:24 info: ======= ENV: development =======
2025-05-11 20:31:24 info: 🚀 App listening on the port 5601
2025-05-11 20:31:24 info: =================================
2025-05-11 20:31:30 info: =================================
2025-05-11 20:31:30 info: ======= ENV: development =======
2025-05-11 20:31:30 info: 🚀 App listening on the port 5601
2025-05-11 20:31:30 info: =================================
2025-05-11 20:31:40 info: =================================
2025-05-11 20:31:40 info: ======= ENV: development =======
2025-05-11 20:31:40 info: 🚀 App listening on the port 5601
2025-05-11 20:31:40 info: =================================
2025-05-11 20:31:55 info: =================================
2025-05-11 20:31:55 info: ======= ENV: development =======
2025-05-11 20:31:55 info: 🚀 App listening on the port 5601
2025-05-11 20:31:55 info: =================================
2025-05-11 20:33:22 info: =================================
2025-05-11 20:33:22 info: ======= ENV: development =======
2025-05-11 20:33:22 info: 🚀 App listening on the port 5601
2025-05-11 20:33:22 info: =================================
2025-05-11 20:33:32 info: =================================
2025-05-11 20:33:32 info: ======= ENV: development =======
2025-05-11 20:33:32 info: 🚀 App listening on the port 5601
2025-05-11 20:33:32 info: =================================
2025-05-11 20:34:01 info: =================================
2025-05-11 20:34:01 info: ======= ENV: development =======
2025-05-11 20:34:01 info: 🚀 App listening on the port 5601
2025-05-11 20:34:01 info: =================================
2025-05-11 20:34:07 info: =================================
2025-05-11 20:34:07 info: ======= ENV: development =======
2025-05-11 20:34:07 info: 🚀 App listening on the port 5601
2025-05-11 20:34:07 info: =================================
2025-05-11 20:34:34 info: =================================
2025-05-11 20:34:34 info: ======= ENV: development =======
2025-05-11 20:34:34 info: 🚀 App listening on the port 5601
2025-05-11 20:34:34 info: =================================
2025-05-11 20:34:46 info: =================================
2025-05-11 20:34:46 info: ======= ENV: development =======
2025-05-11 20:34:46 info: 🚀 App listening on the port 5601
2025-05-11 20:34:46 info: =================================
2025-05-11 20:36:33 info: =================================
2025-05-11 20:36:33 info: ======= ENV: development =======
2025-05-11 20:36:33 info: 🚀 App listening on the port 5601
2025-05-11 20:36:33 info: =================================
2025-05-11 20:36:47 info: =================================
2025-05-11 20:36:47 info: ======= ENV: development =======
2025-05-11 20:36:47 info: 🚀 App listening on the port 5601
2025-05-11 20:36:47 info: =================================
2025-05-11 20:37:25 info: =================================
2025-05-11 20:37:25 info: ======= ENV: development =======
2025-05-11 20:37:25 info: 🚀 App listening on the port 5601
2025-05-11 20:37:25 info: =================================
2025-05-11 20:41:56 info: =================================
2025-05-11 20:41:56 info: ======= ENV: development =======
2025-05-11 20:41:56 info: 🚀 App listening on the port 5601
2025-05-11 20:41:56 info: =================================
2025-05-11 20:42:50 info: =================================
2025-05-11 20:42:50 info: ======= ENV: development =======
2025-05-11 20:42:50 info: 🚀 App listening on the port 5601
2025-05-11 20:42:50 info: =================================
2025-05-11 20:43:02 info: =================================
2025-05-11 20:43:02 info: ======= ENV: development =======
2025-05-11 20:43:02 info: 🚀 App listening on the port 5601
2025-05-11 20:43:02 info: =================================
2025-05-11 20:43:08 info: =================================
2025-05-11 20:43:08 info: ======= ENV: development =======
2025-05-11 20:43:08 info: 🚀 App listening on the port 5601
2025-05-11 20:43:08 info: =================================
2025-05-11 20:43:48 info: =================================
2025-05-11 20:43:48 info: ======= ENV: development =======
2025-05-11 20:43:48 info: 🚀 App listening on the port 5601
2025-05-11 20:43:48 info: =================================
2025-05-11 20:44:12 info: =================================
2025-05-11 20:44:12 info: ======= ENV: development =======
2025-05-11 20:44:12 info: 🚀 App listening on the port 5601
2025-05-11 20:44:12 info: =================================
2025-05-11 20:44:31 info: =================================
2025-05-11 20:44:31 info: ======= ENV: development =======
2025-05-11 20:44:31 info: 🚀 App listening on the port 5601
2025-05-11 20:44:31 info: =================================
2025-05-11 20:44:34 info: =================================
2025-05-11 20:44:34 info: ======= ENV: development =======
2025-05-11 20:44:34 info: 🚀 App listening on the port 5601
2025-05-11 20:44:34 info: =================================
2025-05-11 20:44:37 info: =================================
2025-05-11 20:44:37 info: ======= ENV: development =======
2025-05-11 20:44:37 info: 🚀 App listening on the port 5601
2025-05-11 20:44:37 info: =================================
2025-05-11 20:44:52 info: =================================
2025-05-11 20:44:52 info: ======= ENV: development =======
2025-05-11 20:44:52 info: 🚀 App listening on the port 5601
2025-05-11 20:44:52 info: =================================
2025-05-11 20:44:59 info: =================================
2025-05-11 20:44:59 info: ======= ENV: development =======
2025-05-11 20:44:59 info: 🚀 App listening on the port 5601
2025-05-11 20:44:59 info: =================================
2025-05-11 20:45:06 info: =================================
2025-05-11 20:45:06 info: ======= ENV: development =======
2025-05-11 20:45:06 info: 🚀 App listening on the port 5601
2025-05-11 20:45:06 info: =================================
2025-05-11 20:45:08 info: =================================
2025-05-11 20:45:08 info: ======= ENV: development =======
2025-05-11 20:45:08 info: 🚀 App listening on the port 5601
2025-05-11 20:45:08 info: =================================
2025-05-11 20:45:14 info: =================================
2025-05-11 20:45:14 info: ======= ENV: development =======
2025-05-11 20:45:14 info: 🚀 App listening on the port 5601
2025-05-11 20:45:14 info: =================================
2025-05-11 20:45:26 info: =================================
2025-05-11 20:45:26 info: ======= ENV: development =======
2025-05-11 20:45:26 info: 🚀 App listening on the port 5601
2025-05-11 20:45:26 info: =================================
2025-05-11 20:45:30 info: =================================
2025-05-11 20:45:30 info: ======= ENV: development =======
2025-05-11 20:45:30 info: 🚀 App listening on the port 5601
2025-05-11 20:45:30 info: =================================
2025-05-11 20:45:40 info: =================================
2025-05-11 20:45:40 info: ======= ENV: development =======
2025-05-11 20:45:40 info: 🚀 App listening on the port 5601
2025-05-11 20:45:40 info: =================================
2025-05-11 20:46:07 info: =================================
2025-05-11 20:46:07 info: ======= ENV: development =======
2025-05-11 20:46:07 info: 🚀 App listening on the port 5601
2025-05-11 20:46:07 info: =================================
2025-05-11 20:46:15 info: =================================
2025-05-11 20:46:15 info: ======= ENV: development =======
2025-05-11 20:46:15 info: 🚀 App listening on the port 5601
2025-05-11 20:46:15 info: =================================
2025-05-11 20:46:29 info: =================================
2025-05-11 20:46:29 info: ======= ENV: development =======
2025-05-11 20:46:29 info: 🚀 App listening on the port 5601
2025-05-11 20:46:29 info: =================================
2025-05-11 20:46:34 info: =================================
2025-05-11 20:46:34 info: ======= ENV: development =======
2025-05-11 20:46:34 info: 🚀 App listening on the port 5601
2025-05-11 20:46:34 info: =================================
2025-05-11 20:46:41 info: =================================
2025-05-11 20:46:41 info: ======= ENV: development =======
2025-05-11 20:46:41 info: 🚀 App listening on the port 5601
2025-05-11 20:46:41 info: =================================
2025-05-11 20:46:49 info: =================================
2025-05-11 20:46:49 info: ======= ENV: development =======
2025-05-11 20:46:49 info: 🚀 App listening on the port 5601
2025-05-11 20:46:49 info: =================================
2025-05-11 20:46:52 info: =================================
2025-05-11 20:46:52 info: ======= ENV: development =======
2025-05-11 20:46:52 info: 🚀 App listening on the port 5601
2025-05-11 20:46:52 info: =================================
2025-05-11 20:47:00 info: =================================
2025-05-11 20:47:00 info: ======= ENV: development =======
2025-05-11 20:47:00 info: 🚀 App listening on the port 5601
2025-05-11 20:47:00 info: =================================
2025-05-11 20:47:07 info: =================================
2025-05-11 20:47:07 info: ======= ENV: development =======
2025-05-11 20:47:07 info: 🚀 App listening on the port 5601
2025-05-11 20:47:07 info: =================================
2025-05-11 20:47:13 info: =================================
2025-05-11 20:47:13 info: ======= ENV: development =======
2025-05-11 20:47:13 info: 🚀 App listening on the port 5601
2025-05-11 20:47:13 info: =================================
2025-05-11 20:47:20 info: =================================
2025-05-11 20:47:20 info: ======= ENV: development =======
2025-05-11 20:47:20 info: 🚀 App listening on the port 5601
2025-05-11 20:47:20 info: =================================
2025-05-11 20:47:29 info: =================================
2025-05-11 20:47:29 info: ======= ENV: development =======
2025-05-11 20:47:29 info: 🚀 App listening on the port 5601
2025-05-11 20:47:29 info: =================================
2025-05-11 20:47:33 info: =================================
2025-05-11 20:47:33 info: ======= ENV: development =======
2025-05-11 20:47:33 info: 🚀 App listening on the port 5601
2025-05-11 20:47:33 info: =================================
2025-05-11 20:47:35 info: =================================
2025-05-11 20:47:35 info: ======= ENV: development =======
2025-05-11 20:47:35 info: 🚀 App listening on the port 5601
2025-05-11 20:47:35 info: =================================
2025-05-11 20:47:38 info: =================================
2025-05-11 20:47:38 info: ======= ENV: development =======
2025-05-11 20:47:38 info: 🚀 App listening on the port 5601
2025-05-11 20:47:38 info: =================================
2025-05-11 20:50:00 info: =================================
2025-05-11 20:50:00 info: ======= ENV: development =======
2025-05-11 20:50:00 info: 🚀 App listening on the port 5601
2025-05-11 20:50:00 info: =================================
2025-05-11 20:50:04 info: =================================
2025-05-11 20:50:04 info: ======= ENV: development =======
2025-05-11 20:50:04 info: 🚀 App listening on the port 5601
2025-05-11 20:50:04 info: =================================
2025-05-11 20:50:46 info: =================================
2025-05-11 20:50:46 info: ======= ENV: development =======
2025-05-11 20:50:46 info: 🚀 App listening on the port 5601
2025-05-11 20:50:46 info: =================================
2025-05-11 20:50:54 info: =================================
2025-05-11 20:50:54 info: ======= ENV: development =======
2025-05-11 20:50:54 info: 🚀 App listening on the port 5601
2025-05-11 20:50:54 info: =================================
2025-05-11 20:55:08 error: [POST] /tenant >> StatusCode:: 500, Message:: leaseEnd.getFullYear is not a function
2025-05-11 20:57:39 info: =================================
2025-05-11 20:57:39 info: ======= ENV: development =======
2025-05-11 20:57:39 info: 🚀 App listening on the port 5601
2025-05-11 20:57:39 info: =================================
2025-05-11 20:57:41 error: [POST] /tenant >> StatusCode:: 500, Message:: E11000 duplicate key error collection: RentEase.tenants index: email_1 dup key: { email: "mohamed.ali.hassan@gmail.com" }
2025-05-11 20:57:58 error: [POST] /tenant >> StatusCode:: 500, Message:: leaseEnd.getFullYear is not a function
2025-05-11 20:58:34 info: =================================
2025-05-11 20:58:34 info: ======= ENV: development =======
2025-05-11 20:58:34 info: 🚀 App listening on the port 5601
2025-05-11 20:58:34 info: =================================
2025-05-11 20:58:57 info: =================================
2025-05-11 20:58:57 info: ======= ENV: development =======
2025-05-11 20:58:57 info: 🚀 App listening on the port 5601
2025-05-11 20:58:57 info: =================================
2025-05-11 20:58:59 error: [POST] /tenant >> StatusCode:: 500, Message:: E11000 duplicate key error collection: RentEase.tenants index: email_1 dup key: { email: "mohamed.ali.hassan@gmail.com" }
2025-05-11 21:13:55 info: =================================
2025-05-11 21:13:55 info: ======= ENV: development =======
2025-05-11 21:13:55 info: 🚀 App listening on the port 5601
2025-05-11 21:13:55 info: =================================
2025-05-11 21:13:57 info: =================================
2025-05-11 21:13:57 info: ======= ENV: development =======
2025-05-11 21:13:57 info: 🚀 App listening on the port 5601
2025-05-11 21:13:57 info: =================================
2025-05-11 21:14:04 info: =================================
2025-05-11 21:14:04 info: ======= ENV: development =======
2025-05-11 21:14:04 info: 🚀 App listening on the port 5601
2025-05-11 21:14:04 info: =================================
2025-05-11 21:14:33 info: =================================
2025-05-11 21:14:33 info: ======= ENV: development =======
2025-05-11 21:14:33 info: 🚀 App listening on the port 5601
2025-05-11 21:14:33 info: =================================
2025-05-11 21:14:54 info: =================================
2025-05-11 21:14:54 info: ======= ENV: development =======
2025-05-11 21:14:54 info: 🚀 App listening on the port 5601
2025-05-11 21:14:54 info: =================================
2025-05-11 21:14:58 info: =================================
2025-05-11 21:14:58 info: ======= ENV: development =======
2025-05-11 21:14:58 info: 🚀 App listening on the port 5601
2025-05-11 21:14:58 info: =================================
2025-05-11 21:15:12 info: =================================
2025-05-11 21:15:12 info: ======= ENV: development =======
2025-05-11 21:15:12 info: 🚀 App listening on the port 5601
2025-05-11 21:15:12 info: =================================
2025-05-11 21:15:21 info: =================================
2025-05-11 21:15:21 info: ======= ENV: development =======
2025-05-11 21:15:21 info: 🚀 App listening on the port 5601
2025-05-11 21:15:21 info: =================================
2025-05-11 21:15:39 info: =================================
2025-05-11 21:15:39 info: ======= ENV: development =======
2025-05-11 21:15:39 info: 🚀 App listening on the port 5601
2025-05-11 21:15:39 info: =================================
2025-05-11 21:15:44 info: =================================
2025-05-11 21:15:44 info: ======= ENV: development =======
2025-05-11 21:15:44 info: 🚀 App listening on the port 5601
2025-05-11 21:15:44 info: =================================
2025-05-11 21:15:48 info: =================================
2025-05-11 21:15:48 info: ======= ENV: development =======
2025-05-11 21:15:48 info: 🚀 App listening on the port 5601
2025-05-11 21:15:48 info: =================================
2025-05-11 21:16:05 info: =================================
2025-05-11 21:16:05 info: ======= ENV: development =======
2025-05-11 21:16:05 info: 🚀 App listening on the port 5601
2025-05-11 21:16:05 info: =================================
2025-05-11 21:16:08 info: =================================
2025-05-11 21:16:08 info: ======= ENV: development =======
2025-05-11 21:16:08 info: 🚀 App listening on the port 5601
2025-05-11 21:16:08 info: =================================
2025-05-11 21:16:11 info: =================================
2025-05-11 21:16:11 info: ======= ENV: development =======
2025-05-11 21:16:11 info: 🚀 App listening on the port 5601
2025-05-11 21:16:11 info: =================================
2025-05-11 21:16:26 info: =================================
2025-05-11 21:16:26 info: ======= ENV: development =======
2025-05-11 21:16:26 info: 🚀 App listening on the port 5601
2025-05-11 21:16:26 info: =================================
2025-05-11 21:16:29 info: =================================
2025-05-11 21:16:29 info: ======= ENV: development =======
2025-05-11 21:16:29 info: 🚀 App listening on the port 5601
2025-05-11 21:16:29 info: =================================
2025-05-11 21:16:32 info: =================================
2025-05-11 21:16:32 info: ======= ENV: development =======
2025-05-11 21:16:32 info: 🚀 App listening on the port 5601
2025-05-11 21:16:32 info: =================================
2025-05-11 21:16:37 info: =================================
2025-05-11 21:16:37 info: ======= ENV: development =======
2025-05-11 21:16:37 info: 🚀 App listening on the port 5601
2025-05-11 21:16:37 info: =================================
2025-05-11 21:16:39 info: =================================
2025-05-11 21:16:39 info: ======= ENV: development =======
2025-05-11 21:16:39 info: 🚀 App listening on the port 5601
2025-05-11 21:16:39 info: =================================
2025-05-11 21:16:48 info: =================================
2025-05-11 21:16:48 info: ======= ENV: development =======
2025-05-11 21:16:48 info: 🚀 App listening on the port 5601
2025-05-11 21:16:48 info: =================================
2025-05-11 21:16:52 info: =================================
2025-05-11 21:16:52 info: ======= ENV: development =======
2025-05-11 21:16:52 info: 🚀 App listening on the port 5601
2025-05-11 21:16:52 info: =================================
2025-05-11 21:17:20 info: =================================
2025-05-11 21:17:20 info: ======= ENV: development =======
2025-05-11 21:17:20 info: 🚀 App listening on the port 5601
2025-05-11 21:17:20 info: =================================
2025-05-11 21:17:31 info: =================================
2025-05-11 21:17:31 info: ======= ENV: development =======
2025-05-11 21:17:31 info: 🚀 App listening on the port 5601
2025-05-11 21:17:31 info: =================================
2025-05-11 21:19:03 info: =================================
2025-05-11 21:19:03 info: ======= ENV: development =======
2025-05-11 21:19:03 info: 🚀 App listening on the port 5601
2025-05-11 21:19:03 info: =================================
2025-05-11 21:19:06 info: =================================
2025-05-11 21:19:06 info: ======= ENV: development =======
2025-05-11 21:19:06 info: 🚀 App listening on the port 5601
2025-05-11 21:19:06 info: =================================
2025-05-11 21:19:08 info: =================================
2025-05-11 21:19:08 info: ======= ENV: development =======
2025-05-11 21:19:08 info: 🚀 App listening on the port 5601
2025-05-11 21:19:08 info: =================================
2025-05-11 21:19:20 info: =================================
2025-05-11 21:19:20 info: ======= ENV: development =======
2025-05-11 21:19:20 info: 🚀 App listening on the port 5601
2025-05-11 21:19:20 info: =================================
2025-05-11 21:19:30 info: =================================
2025-05-11 21:19:30 info: ======= ENV: development =======
2025-05-11 21:19:30 info: 🚀 App listening on the port 5601
2025-05-11 21:19:30 info: =================================
2025-05-11 21:19:34 info: =================================
2025-05-11 21:19:34 info: ======= ENV: development =======
2025-05-11 21:19:34 info: 🚀 App listening on the port 5601
2025-05-11 21:19:34 info: =================================
2025-05-11 21:19:36 info: =================================
2025-05-11 21:19:36 info: ======= ENV: development =======
2025-05-11 21:19:36 info: 🚀 App listening on the port 5601
2025-05-11 21:19:36 info: =================================
2025-05-11 21:19:38 info: =================================
2025-05-11 21:19:38 info: ======= ENV: development =======
2025-05-11 21:19:38 info: 🚀 App listening on the port 5601
2025-05-11 21:19:38 info: =================================
2025-05-11 21:19:53 info: =================================
2025-05-11 21:19:53 info: ======= ENV: development =======
2025-05-11 21:19:53 info: 🚀 App listening on the port 5601
2025-05-11 21:19:53 info: =================================
2025-05-11 21:19:56 info: =================================
2025-05-11 21:19:56 info: ======= ENV: development =======
2025-05-11 21:19:56 info: 🚀 App listening on the port 5601
2025-05-11 21:19:56 info: =================================
2025-05-11 21:20:00 info: =================================
2025-05-11 21:20:00 info: ======= ENV: development =======
2025-05-11 21:20:00 info: 🚀 App listening on the port 5601
2025-05-11 21:20:00 info: =================================
2025-05-11 21:20:08 info: =================================
2025-05-11 21:20:08 info: ======= ENV: development =======
2025-05-11 21:20:08 info: 🚀 App listening on the port 5601
2025-05-11 21:20:08 info: =================================
2025-05-11 21:20:15 info: =================================
2025-05-11 21:20:15 info: ======= ENV: development =======
2025-05-11 21:20:15 info: 🚀 App listening on the port 5601
2025-05-11 21:20:15 info: =================================
2025-05-11 21:20:23 info: =================================
2025-05-11 21:20:23 info: ======= ENV: development =======
2025-05-11 21:20:23 info: 🚀 App listening on the port 5601
2025-05-11 21:20:23 info: =================================
2025-05-11 21:20:33 info: =================================
2025-05-11 21:20:33 info: ======= ENV: development =======
2025-05-11 21:20:33 info: 🚀 App listening on the port 5601
2025-05-11 21:20:33 info: =================================
2025-05-11 21:20:49 info: =================================
2025-05-11 21:20:49 info: ======= ENV: development =======
2025-05-11 21:20:49 info: 🚀 App listening on the port 5601
2025-05-11 21:20:49 info: =================================
2025-05-11 21:23:09 info: =================================
2025-05-11 21:23:09 info: ======= ENV: development =======
2025-05-11 21:23:09 info: 🚀 App listening on the port 5601
2025-05-11 21:23:09 info: =================================
2025-05-11 21:23:11 info: =================================
2025-05-11 21:23:11 info: ======= ENV: development =======
2025-05-11 21:23:11 info: 🚀 App listening on the port 5601
2025-05-11 21:23:11 info: =================================
2025-05-11 21:23:23 info: =================================
2025-05-11 21:23:23 info: ======= ENV: development =======
2025-05-11 21:23:23 info: 🚀 App listening on the port 5601
2025-05-11 21:23:23 info: =================================
2025-05-11 21:23:28 info: =================================
2025-05-11 21:23:28 info: ======= ENV: development =======
2025-05-11 21:23:28 info: 🚀 App listening on the port 5601
2025-05-11 21:23:28 info: =================================
2025-05-11 21:23:41 info: =================================
2025-05-11 21:23:41 info: ======= ENV: development =======
2025-05-11 21:23:41 info: 🚀 App listening on the port 5601
2025-05-11 21:23:41 info: =================================
2025-05-11 21:24:13 info: =================================
2025-05-11 21:24:13 info: ======= ENV: development =======
2025-05-11 21:24:13 info: 🚀 App listening on the port 5601
2025-05-11 21:24:13 info: =================================
2025-05-11 21:24:40 info: =================================
2025-05-11 21:24:40 info: ======= ENV: development =======
2025-05-11 21:24:40 info: 🚀 App listening on the port 5601
2025-05-11 21:24:40 info: =================================
2025-05-11 21:24:44 info: =================================
2025-05-11 21:24:44 info: ======= ENV: development =======
2025-05-11 21:24:44 info: 🚀 App listening on the port 5601
2025-05-11 21:24:44 info: =================================
2025-05-11 21:24:50 info: =================================
2025-05-11 21:24:50 info: ======= ENV: development =======
2025-05-11 21:24:50 info: 🚀 App listening on the port 5601
2025-05-11 21:24:50 info: =================================
2025-05-11 21:24:58 info: =================================
2025-05-11 21:24:58 info: ======= ENV: development =======
2025-05-11 21:24:58 info: 🚀 App listening on the port 5601
2025-05-11 21:24:58 info: =================================
2025-05-11 21:25:32 info: =================================
2025-05-11 21:25:32 info: ======= ENV: development =======
2025-05-11 21:25:32 info: 🚀 App listening on the port 5601
2025-05-11 21:25:32 info: =================================
2025-05-11 21:26:13 info: =================================
2025-05-11 21:26:13 info: ======= ENV: development =======
2025-05-11 21:26:13 info: 🚀 App listening on the port 5601
2025-05-11 21:26:13 info: =================================
2025-05-11 21:26:16 info: =================================
2025-05-11 21:26:16 info: ======= ENV: development =======
2025-05-11 21:26:16 info: 🚀 App listening on the port 5601
2025-05-11 21:26:16 info: =================================
2025-05-11 21:26:51 info: =================================
2025-05-11 21:26:51 info: ======= ENV: development =======
2025-05-11 21:26:51 info: 🚀 App listening on the port 5601
2025-05-11 21:26:51 info: =================================
2025-05-11 21:28:31 info: =================================
2025-05-11 21:28:31 info: ======= ENV: development =======
2025-05-11 21:28:31 info: 🚀 App listening on the port 5601
2025-05-11 21:28:31 info: =================================
2025-05-11 21:28:42 info: =================================
2025-05-11 21:28:42 info: ======= ENV: development =======
2025-05-11 21:28:42 info: 🚀 App listening on the port 5601
2025-05-11 21:28:42 info: =================================
2025-05-11 21:28:48 info: =================================
2025-05-11 21:28:48 info: ======= ENV: development =======
2025-05-11 21:28:48 info: 🚀 App listening on the port 5601
2025-05-11 21:28:48 info: =================================
2025-05-11 21:28:53 info: =================================
2025-05-11 21:28:53 info: ======= ENV: development =======
2025-05-11 21:28:53 info: 🚀 App listening on the port 5601
2025-05-11 21:28:53 info: =================================
2025-05-11 21:28:58 info: =================================
2025-05-11 21:28:58 info: ======= ENV: development =======
2025-05-11 21:28:58 info: 🚀 App listening on the port 5601
2025-05-11 21:28:58 info: =================================
2025-05-11 21:29:03 info: =================================
2025-05-11 21:29:03 info: ======= ENV: development =======
2025-05-11 21:29:03 info: 🚀 App listening on the port 5601
2025-05-11 21:29:03 info: =================================
2025-05-11 21:29:09 info: =================================
2025-05-11 21:29:09 info: ======= ENV: development =======
2025-05-11 21:29:09 info: 🚀 App listening on the port 5601
2025-05-11 21:29:09 info: =================================
2025-05-11 21:29:36 info: =================================
2025-05-11 21:29:36 info: ======= ENV: development =======
2025-05-11 21:29:36 info: 🚀 App listening on the port 5601
2025-05-11 21:29:36 info: =================================
2025-05-11 21:33:15 info: =================================
2025-05-11 21:33:15 info: ======= ENV: development =======
2025-05-11 21:33:15 info: 🚀 App listening on the port 5601
2025-05-11 21:33:15 info: =================================
2025-05-11 21:33:23 info: =================================
2025-05-11 21:33:23 info: ======= ENV: development =======
2025-05-11 21:33:23 info: 🚀 App listening on the port 5601
2025-05-11 21:33:23 info: =================================
2025-05-11 21:33:52 info: =================================
2025-05-11 21:33:52 info: ======= ENV: development =======
2025-05-11 21:33:52 info: 🚀 App listening on the port 5601
2025-05-11 21:33:52 info: =================================
2025-05-11 21:35:31 info: =================================
2025-05-11 21:35:31 info: ======= ENV: development =======
2025-05-11 21:35:31 info: 🚀 App listening on the port 5601
2025-05-11 21:35:31 info: =================================
2025-05-11 21:36:11 info: =================================
2025-05-11 21:36:11 info: ======= ENV: development =======
2025-05-11 21:36:11 info: 🚀 App listening on the port 5601
2025-05-11 21:36:11 info: =================================
2025-05-11 21:40:49 info: =================================
2025-05-11 21:40:49 info: ======= ENV: development =======
2025-05-11 21:40:49 info: 🚀 App listening on the port 5601
2025-05-11 21:40:49 info: =================================
2025-05-11 21:42:48 info: =================================
2025-05-11 21:42:48 info: ======= ENV: development =======
2025-05-11 21:42:48 info: 🚀 App listening on the port 5601
2025-05-11 21:42:48 info: =================================
2025-05-11 21:43:25 info: =================================
2025-05-11 21:43:25 info: ======= ENV: development =======
2025-05-11 21:43:25 info: 🚀 App listening on the port 5601
2025-05-11 21:43:25 info: =================================
2025-05-11 21:43:28 info: =================================
2025-05-11 21:43:28 info: ======= ENV: development =======
2025-05-11 21:43:28 info: 🚀 App listening on the port 5601
2025-05-11 21:43:28 info: =================================
2025-05-11 21:43:36 info: =================================
2025-05-11 21:43:36 info: ======= ENV: development =======
2025-05-11 21:43:36 info: 🚀 App listening on the port 5601
2025-05-11 21:43:36 info: =================================
2025-05-11 21:43:46 info: =================================
2025-05-11 21:43:46 info: ======= ENV: development =======
2025-05-11 21:43:46 info: 🚀 App listening on the port 5601
2025-05-11 21:43:46 info: =================================
2025-05-11 21:43:49 info: =================================
2025-05-11 21:43:49 info: ======= ENV: development =======
2025-05-11 21:43:49 info: 🚀 App listening on the port 5601
2025-05-11 21:43:49 info: =================================
2025-05-11 21:44:25 info: =================================
2025-05-11 21:44:25 info: ======= ENV: development =======
2025-05-11 21:44:25 info: 🚀 App listening on the port 5601
2025-05-11 21:44:25 info: =================================
2025-05-11 21:44:27 info: =================================
2025-05-11 21:44:27 info: ======= ENV: development =======
2025-05-11 21:44:27 info: 🚀 App listening on the port 5601
2025-05-11 21:44:27 info: =================================
2025-05-11 21:44:36 info: =================================
2025-05-11 21:44:36 info: ======= ENV: development =======
2025-05-11 21:44:36 info: 🚀 App listening on the port 5601
2025-05-11 21:44:36 info: =================================
2025-05-11 21:44:49 info: =================================
2025-05-11 21:44:49 info: ======= ENV: development =======
2025-05-11 21:44:49 info: 🚀 App listening on the port 5601
2025-05-11 21:44:49 info: =================================
2025-05-11 21:44:55 info: =================================
2025-05-11 21:44:55 info: ======= ENV: development =======
2025-05-11 21:44:55 info: 🚀 App listening on the port 5601
2025-05-11 21:44:55 info: =================================
2025-05-11 21:45:03 info: =================================
2025-05-11 21:45:03 info: ======= ENV: development =======
2025-05-11 21:45:03 info: 🚀 App listening on the port 5601
2025-05-11 21:45:03 info: =================================
2025-05-11 21:45:09 info: =================================
2025-05-11 21:45:09 info: ======= ENV: development =======
2025-05-11 21:45:09 info: 🚀 App listening on the port 5601
2025-05-11 21:45:09 info: =================================
2025-05-11 21:45:11 info: =================================
2025-05-11 21:45:11 info: ======= ENV: development =======
2025-05-11 21:45:11 info: 🚀 App listening on the port 5601
2025-05-11 21:45:11 info: =================================
2025-05-11 21:46:02 info: =================================
2025-05-11 21:46:02 info: ======= ENV: development =======
2025-05-11 21:46:02 info: 🚀 App listening on the port 5601
2025-05-11 21:46:02 info: =================================
2025-05-11 21:46:09 info: =================================
2025-05-11 21:46:09 info: ======= ENV: development =======
2025-05-11 21:46:09 info: 🚀 App listening on the port 5601
2025-05-11 21:46:09 info: =================================
2025-05-11 21:46:21 info: =================================
2025-05-11 21:46:21 info: ======= ENV: development =======
2025-05-11 21:46:21 info: 🚀 App listening on the port 5601
2025-05-11 21:46:21 info: =================================
2025-05-11 21:46:27 info: =================================
2025-05-11 21:46:27 info: ======= ENV: development =======
2025-05-11 21:46:27 info: 🚀 App listening on the port 5601
2025-05-11 21:46:27 info: =================================
2025-05-11 21:46:31 info: =================================
2025-05-11 21:46:31 info: ======= ENV: development =======
2025-05-11 21:46:31 info: 🚀 App listening on the port 5601
2025-05-11 21:46:31 info: =================================
2025-05-11 21:46:36 info: =================================
2025-05-11 21:46:36 info: ======= ENV: development =======
2025-05-11 21:46:36 info: 🚀 App listening on the port 5601
2025-05-11 21:46:36 info: =================================
2025-05-11 21:46:43 info: =================================
2025-05-11 21:46:43 info: ======= ENV: development =======
2025-05-11 21:46:43 info: 🚀 App listening on the port 5601
2025-05-11 21:46:43 info: =================================
2025-05-11 21:46:49 info: =================================
2025-05-11 21:46:49 info: ======= ENV: development =======
2025-05-11 21:46:49 info: 🚀 App listening on the port 5601
2025-05-11 21:46:49 info: =================================
2025-05-11 21:46:52 info: =================================
2025-05-11 21:46:52 info: ======= ENV: development =======
2025-05-11 21:46:52 info: 🚀 App listening on the port 5601
2025-05-11 21:46:52 info: =================================
2025-05-11 21:47:01 info: =================================
2025-05-11 21:47:01 info: ======= ENV: development =======
2025-05-11 21:47:01 info: 🚀 App listening on the port 5601
2025-05-11 21:47:01 info: =================================
2025-05-11 21:47:13 info: =================================
2025-05-11 21:47:13 info: ======= ENV: development =======
2025-05-11 21:47:13 info: 🚀 App listening on the port 5601
2025-05-11 21:47:13 info: =================================
2025-05-11 21:47:39 info: =================================
2025-05-11 21:47:39 info: ======= ENV: development =======
2025-05-11 21:47:39 info: 🚀 App listening on the port 5601
2025-05-11 21:47:39 info: =================================
2025-05-11 21:50:46 info: =================================
2025-05-11 21:50:46 info: ======= ENV: development =======
2025-05-11 21:50:46 info: 🚀 App listening on the port 5601
2025-05-11 21:50:46 info: =================================
2025-05-11 21:50:50 info: =================================
2025-05-11 21:50:50 info: ======= ENV: development =======
2025-05-11 21:50:50 info: 🚀 App listening on the port 5601
2025-05-11 21:50:50 info: =================================
