2025-04-28 18:37:20 info: =================================
2025-04-28 18:37:20 info: ======= ENV: development =======
2025-04-28 18:37:20 info: 🚀 App listening on the port 2222
2025-04-28 18:37:20 info: =================================
2025-04-28 18:40:11 info: =================================
2025-04-28 18:40:11 info: ======= ENV: development =======
2025-04-28 18:40:11 info: 🚀 App listening on the port 2222
2025-04-28 18:40:11 info: =================================
2025-04-28 18:40:14 info: =================================
2025-04-28 18:40:14 info: ======= ENV: development =======
2025-04-28 18:40:14 info: 🚀 App listening on the port 2222
2025-04-28 18:40:14 info: =================================
2025-04-28 18:40:18 info: =================================
2025-04-28 18:40:18 info: ======= ENV: development =======
2025-04-28 18:40:18 info: 🚀 App listening on the port 2222
2025-04-28 18:40:18 info: =================================
2025-04-28 19:16:36 info: =================================
2025-04-28 19:16:36 info: ======= ENV: development =======
2025-04-28 19:16:36 info: 🚀 App listening on the port 2222
2025-04-28 19:16:36 info: =================================
2025-04-28 19:16:41 info: =================================
2025-04-28 19:16:41 info: ======= ENV: development =======
2025-04-28 19:16:41 info: 🚀 App listening on the port 2222
2025-04-28 19:16:41 info: =================================
2025-04-28 19:16:57 info: =================================
2025-04-28 19:16:57 info: ======= ENV: development =======
2025-04-28 19:16:57 info: 🚀 App listening on the port 2222
2025-04-28 19:16:57 info: =================================
2025-04-28 19:17:03 info: =================================
2025-04-28 19:17:03 info: ======= ENV: development =======
2025-04-28 19:17:03 info: 🚀 App listening on the port 2222
2025-04-28 19:17:03 info: =================================
2025-04-28 19:17:08 info: =================================
2025-04-28 19:17:08 info: ======= ENV: development =======
2025-04-28 19:17:08 info: 🚀 App listening on the port 2222
2025-04-28 19:17:08 info: =================================
2025-04-28 19:17:13 info: =================================
2025-04-28 19:17:13 info: ======= ENV: development =======
2025-04-28 19:17:13 info: 🚀 App listening on the port 2222
2025-04-28 19:17:13 info: =================================
2025-04-28 19:18:34 info: =================================
2025-04-28 19:18:34 info: ======= ENV: development =======
2025-04-28 19:18:34 info: 🚀 App listening on the port 2222
2025-04-28 19:18:34 info: =================================
2025-04-28 19:18:46 info: =================================
2025-04-28 19:18:46 info: ======= ENV: development =======
2025-04-28 19:18:46 info: 🚀 App listening on the port 2222
2025-04-28 19:18:46 info: =================================
2025-04-28 19:19:40 info: =================================
2025-04-28 19:19:40 info: ======= ENV: development =======
2025-04-28 19:19:40 info: 🚀 App listening on the port 2222
2025-04-28 19:19:40 info: =================================
2025-04-28 19:32:50 error: [POST] /building >> StatusCode:: 500, Message:: Building validation failed: owner: Path `owner` is required.
2025-04-28 19:33:28 info: =================================
2025-04-28 19:33:28 info: ======= ENV: development =======
2025-04-28 19:33:28 info: 🚀 App listening on the port 2222
2025-04-28 19:33:28 info: =================================
2025-04-28 19:33:32 info: =================================
2025-04-28 19:33:32 info: ======= ENV: development =======
2025-04-28 19:33:32 info: 🚀 App listening on the port 2222
2025-04-28 19:33:32 info: =================================
2025-04-28 19:33:53 info: =================================
2025-04-28 19:33:53 info: ======= ENV: development =======
2025-04-28 19:33:53 info: 🚀 App listening on the port 2222
2025-04-28 19:33:53 info: =================================
2025-04-28 19:43:55 info: =================================
2025-04-28 19:43:55 info: ======= ENV: development =======
2025-04-28 19:43:55 info: 🚀 App listening on the port 2222
2025-04-28 19:43:55 info: =================================
2025-04-28 19:43:59 info: =================================
2025-04-28 19:43:59 info: ======= ENV: development =======
2025-04-28 19:43:59 info: 🚀 App listening on the port 2222
2025-04-28 19:43:59 info: =================================
2025-04-28 19:44:04 info: =================================
2025-04-28 19:44:04 info: ======= ENV: development =======
2025-04-28 19:44:04 info: 🚀 App listening on the port 2222
2025-04-28 19:44:04 info: =================================
2025-04-28 19:44:07 info: =================================
2025-04-28 19:44:07 info: ======= ENV: development =======
2025-04-28 19:44:07 info: 🚀 App listening on the port 2222
2025-04-28 19:44:07 info: =================================
2025-04-28 19:44:10 info: =================================
2025-04-28 19:44:10 info: ======= ENV: development =======
2025-04-28 19:44:10 info: 🚀 App listening on the port 2222
2025-04-28 19:44:10 info: =================================
2025-04-28 19:44:21 info: =================================
2025-04-28 19:44:21 info: ======= ENV: development =======
2025-04-28 19:44:21 info: 🚀 App listening on the port 2222
2025-04-28 19:44:21 info: =================================
2025-04-28 19:44:27 info: =================================
2025-04-28 19:44:27 info: ======= ENV: development =======
2025-04-28 19:44:27 info: 🚀 App listening on the port 2222
2025-04-28 19:44:27 info: =================================
2025-04-28 19:44:36 info: =================================
2025-04-28 19:44:36 info: ======= ENV: development =======
2025-04-28 19:44:36 info: 🚀 App listening on the port 2222
2025-04-28 19:44:36 info: =================================
2025-04-28 19:44:38 info: =================================
2025-04-28 19:44:38 info: ======= ENV: development =======
2025-04-28 19:44:38 info: 🚀 App listening on the port 2222
2025-04-28 19:44:38 info: =================================
2025-04-28 19:44:43 info: =================================
2025-04-28 19:44:43 info: ======= ENV: development =======
2025-04-28 19:44:43 info: 🚀 App listening on the port 2222
2025-04-28 19:44:43 info: =================================
2025-04-28 19:45:12 info: =================================
2025-04-28 19:45:12 info: ======= ENV: development =======
2025-04-28 19:45:12 info: 🚀 App listening on the port 2222
2025-04-28 19:45:12 info: =================================
2025-04-28 19:45:15 info: =================================
2025-04-28 19:45:15 info: ======= ENV: development =======
2025-04-28 19:45:15 info: 🚀 App listening on the port 2222
2025-04-28 19:45:15 info: =================================
2025-04-28 19:45:20 info: =================================
2025-04-28 19:45:20 info: ======= ENV: development =======
2025-04-28 19:45:20 info: 🚀 App listening on the port 2222
2025-04-28 19:45:20 info: =================================
2025-04-28 19:45:23 info: =================================
2025-04-28 19:45:23 info: ======= ENV: development =======
2025-04-28 19:45:23 info: 🚀 App listening on the port 2222
2025-04-28 19:45:23 info: =================================
2025-04-28 19:45:28 info: =================================
2025-04-28 19:45:28 info: ======= ENV: development =======
2025-04-28 19:45:28 info: 🚀 App listening on the port 2222
2025-04-28 19:45:28 info: =================================
2025-04-28 19:45:30 info: =================================
2025-04-28 19:45:30 info: ======= ENV: development =======
2025-04-28 19:45:30 info: 🚀 App listening on the port 2222
2025-04-28 19:45:30 info: =================================
2025-04-28 19:45:34 info: =================================
2025-04-28 19:45:34 info: ======= ENV: development =======
2025-04-28 19:45:34 info: 🚀 App listening on the port 2222
2025-04-28 19:45:34 info: =================================
2025-04-28 19:46:07 info: =================================
2025-04-28 19:46:07 info: ======= ENV: development =======
2025-04-28 19:46:07 info: 🚀 App listening on the port 2222
2025-04-28 19:46:07 info: =================================
2025-04-28 19:46:10 info: =================================
2025-04-28 19:46:10 info: ======= ENV: development =======
2025-04-28 19:46:10 info: 🚀 App listening on the port 2222
2025-04-28 19:46:10 info: =================================
2025-04-28 19:46:34 info: =================================
2025-04-28 19:46:34 info: ======= ENV: development =======
2025-04-28 19:46:34 info: 🚀 App listening on the port 2222
2025-04-28 19:46:34 info: =================================
2025-04-28 19:46:53 info: =================================
2025-04-28 19:46:53 info: ======= ENV: development =======
2025-04-28 19:46:53 info: 🚀 App listening on the port 2222
2025-04-28 19:46:53 info: =================================
2025-04-28 19:46:57 info: =================================
2025-04-28 19:46:57 info: ======= ENV: development =======
2025-04-28 19:46:57 info: 🚀 App listening on the port 2222
2025-04-28 19:46:57 info: =================================
2025-04-28 19:47:24 info: =================================
2025-04-28 19:47:24 info: ======= ENV: development =======
2025-04-28 19:47:24 info: 🚀 App listening on the port 2222
2025-04-28 19:47:24 info: =================================
2025-04-28 19:47:34 info: =================================
2025-04-28 19:47:34 info: ======= ENV: development =======
2025-04-28 19:47:34 info: 🚀 App listening on the port 2222
2025-04-28 19:47:34 info: =================================
2025-04-28 19:47:40 info: =================================
2025-04-28 19:47:40 info: ======= ENV: development =======
2025-04-28 19:47:40 info: 🚀 App listening on the port 2222
2025-04-28 19:47:40 info: =================================
2025-04-28 19:48:34 info: =================================
2025-04-28 19:48:34 info: ======= ENV: development =======
2025-04-28 19:48:34 info: 🚀 App listening on the port 2222
2025-04-28 19:48:34 info: =================================
2025-04-28 19:49:51 info: =================================
2025-04-28 19:49:51 info: ======= ENV: development =======
2025-04-28 19:49:51 info: 🚀 App listening on the port 2222
2025-04-28 19:49:51 info: =================================
2025-04-28 19:50:07 info: =================================
2025-04-28 19:50:07 info: ======= ENV: development =======
2025-04-28 19:50:07 info: 🚀 App listening on the port 2222
2025-04-28 19:50:07 info: =================================
2025-04-28 19:50:12 info: =================================
2025-04-28 19:50:12 info: ======= ENV: development =======
2025-04-28 19:50:12 info: 🚀 App listening on the port 2222
2025-04-28 19:50:12 info: =================================
2025-04-28 19:50:22 info: =================================
2025-04-28 19:50:22 info: ======= ENV: development =======
2025-04-28 19:50:22 info: 🚀 App listening on the port 2222
2025-04-28 19:50:22 info: =================================
2025-04-28 19:50:31 info: =================================
2025-04-28 19:50:31 info: ======= ENV: development =======
2025-04-28 19:50:31 info: 🚀 App listening on the port 2222
2025-04-28 19:50:31 info: =================================
2025-04-28 19:50:39 info: =================================
2025-04-28 19:50:39 info: ======= ENV: development =======
2025-04-28 19:50:39 info: 🚀 App listening on the port 2222
2025-04-28 19:50:39 info: =================================
2025-04-28 20:09:28 info: =================================
2025-04-28 20:09:28 info: ======= ENV: development =======
2025-04-28 20:09:28 info: 🚀 App listening on the port 2222
2025-04-28 20:09:28 info: =================================
2025-04-28 20:09:34 info: =================================
2025-04-28 20:09:34 info: ======= ENV: development =======
2025-04-28 20:09:34 info: 🚀 App listening on the port 2222
2025-04-28 20:09:34 info: =================================
2025-04-28 20:09:40 info: =================================
2025-04-28 20:09:40 info: ======= ENV: development =======
2025-04-28 20:09:40 info: 🚀 App listening on the port 2222
2025-04-28 20:09:40 info: =================================
2025-04-28 20:09:53 info: =================================
2025-04-28 20:09:53 info: ======= ENV: development =======
2025-04-28 20:09:53 info: 🚀 App listening on the port 2222
2025-04-28 20:09:53 info: =================================
2025-04-28 20:09:57 info: =================================
2025-04-28 20:09:57 info: ======= ENV: development =======
2025-04-28 20:09:57 info: 🚀 App listening on the port 2222
2025-04-28 20:09:57 info: =================================
2025-04-28 20:10:00 info: =================================
2025-04-28 20:10:00 info: ======= ENV: development =======
2025-04-28 20:10:00 info: 🚀 App listening on the port 2222
2025-04-28 20:10:00 info: =================================
2025-04-28 20:10:02 info: =================================
2025-04-28 20:10:02 info: ======= ENV: development =======
2025-04-28 20:10:02 info: 🚀 App listening on the port 2222
2025-04-28 20:10:02 info: =================================
2025-04-28 20:10:11 info: =================================
2025-04-28 20:10:11 info: ======= ENV: development =======
2025-04-28 20:10:11 info: 🚀 App listening on the port 2222
2025-04-28 20:10:11 info: =================================
2025-04-28 20:10:18 info: =================================
2025-04-28 20:10:18 info: ======= ENV: development =======
2025-04-28 20:10:18 info: 🚀 App listening on the port 2222
2025-04-28 20:10:18 info: =================================
2025-04-28 20:18:24 info: =================================
2025-04-28 20:18:24 info: ======= ENV: development =======
2025-04-28 20:18:24 info: 🚀 App listening on the port 2222
2025-04-28 20:18:24 info: =================================
2025-04-28 20:18:31 info: =================================
2025-04-28 20:18:31 info: ======= ENV: development =======
2025-04-28 20:18:31 info: 🚀 App listening on the port 2222
2025-04-28 20:18:31 info: =================================
2025-04-28 20:18:34 info: =================================
2025-04-28 20:18:34 info: ======= ENV: development =======
2025-04-28 20:18:34 info: 🚀 App listening on the port 2222
2025-04-28 20:18:34 info: =================================
2025-04-28 20:18:48 info: =================================
2025-04-28 20:18:48 info: ======= ENV: development =======
2025-04-28 20:18:48 info: 🚀 App listening on the port 2222
2025-04-28 20:18:48 info: =================================
2025-04-28 20:23:50 info: =================================
2025-04-28 20:23:50 info: ======= ENV: development =======
2025-04-28 20:23:50 info: 🚀 App listening on the port 2222
2025-04-28 20:23:50 info: =================================
2025-04-28 20:23:53 info: =================================
2025-04-28 20:23:53 info: ======= ENV: development =======
2025-04-28 20:23:53 info: 🚀 App listening on the port 2222
2025-04-28 20:23:53 info: =================================
2025-04-28 20:23:57 info: =================================
2025-04-28 20:23:57 info: ======= ENV: development =======
2025-04-28 20:23:57 info: 🚀 App listening on the port 2222
2025-04-28 20:23:57 info: =================================
2025-04-28 20:24:33 info: =================================
2025-04-28 20:24:33 info: ======= ENV: development =======
2025-04-28 20:24:33 info: 🚀 App listening on the port 2222
2025-04-28 20:24:33 info: =================================
2025-04-28 20:24:38 info: =================================
2025-04-28 20:24:38 info: ======= ENV: development =======
2025-04-28 20:24:38 info: 🚀 App listening on the port 2222
2025-04-28 20:24:38 info: =================================
2025-04-28 20:24:46 info: =================================
2025-04-28 20:24:46 info: ======= ENV: development =======
2025-04-28 20:24:46 info: 🚀 App listening on the port 2222
2025-04-28 20:24:46 info: =================================
2025-04-28 20:56:17 error: [POST] /building >> StatusCode:: 500, Message:: Building validation failed: state: Path `state` (`MANAMA`) is longer than the maximum allowed length (2)., lastRenovationYear: Renovation year must be after 1800, images.0:  is not a valid URL!
2025-04-28 20:56:37 error: [POST] /building >> StatusCode:: 500, Message:: Building validation failed: lastRenovationYear: Renovation year must be after 1800, images.0:  is not a valid URL!
2025-04-28 20:57:09 error: [POST] /building >> StatusCode:: 500, Message:: Building validation failed: lastRenovationYear: Renovation year must be after 1800
2025-04-28 20:57:26 error: [POST] /building >> StatusCode:: 500, Message:: Building validation failed: lastRenovationYear: Renovation year must be after 1800
2025-04-28 20:57:31 error: [POST] /building >> StatusCode:: 500, Message:: Building validation failed: lastRenovationYear: Renovation year must be after 1800
2025-04-28 21:27:20 info: =================================
2025-04-28 21:27:20 info: ======= ENV: development =======
2025-04-28 21:27:20 info: 🚀 App listening on the port 2222
2025-04-28 21:27:20 info: =================================
2025-04-28 21:27:22 info: =================================
2025-04-28 21:27:22 info: ======= ENV: development =======
2025-04-28 21:27:22 info: 🚀 App listening on the port 2222
2025-04-28 21:27:22 info: =================================
2025-04-28 21:27:40 info: =================================
2025-04-28 21:27:40 info: ======= ENV: development =======
2025-04-28 21:27:40 info: 🚀 App listening on the port 2222
2025-04-28 21:27:40 info: =================================
2025-04-28 21:36:27 error: [POST] /tenant >> StatusCode:: 500, Message:: E11000 duplicate key error collection: RentEase.tenants index: email_1 dup key: { email: "moomle@lmlol.xyz" }
2025-04-28 21:37:13 error: [POST] /tenant >> StatusCode:: 500, Message:: E11000 duplicate key error collection: RentEase.tenants index: username_1 dup key: { username: "kikopere" }
2025-04-28 21:45:07 info: =================================
2025-04-28 21:45:07 info: ======= ENV: development =======
2025-04-28 21:45:07 info: 🚀 App listening on the port 2222
2025-04-28 21:45:07 info: =================================
