2025-04-16 17:24:31 error: [GET] /Apartment/undefined >> StatusCode:: 500, Message:: Cast to ObjectId failed for value "{ _id: 'undefined' }" (type Object) at path "_id" for model "Apartment"
2025-04-16 17:24:33 error: [GET] /Apartment/undefined >> StatusCode:: 500, Message:: Cast to ObjectId failed for value "{ _id: 'undefined' }" (type Object) at path "_id" for model "Apartment"
2025-04-16 17:35:36 info: =================================
2025-04-16 17:35:36 info: ======= ENV: development =======
2025-04-16 17:35:36 info: 🚀 App listening on the port 5601
2025-04-16 17:35:36 info: =================================
2025-04-16 17:35:51 info: =================================
2025-04-16 17:35:51 info: ======= ENV: development =======
2025-04-16 17:35:51 info: 🚀 App listening on the port 5601
2025-04-16 17:35:51 info: =================================
2025-04-16 17:36:06 info: =================================
2025-04-16 17:36:06 info: ======= ENV: development =======
2025-04-16 17:36:06 info: 🚀 App listening on the port 5601
2025-04-16 17:36:06 info: =================================
2025-04-16 17:52:33 error: [GET] /Apartment/67f9d71a2761aacbdeba0b21 >> StatusCode:: 500, Message:: Cannot read properties of undefined (reading 'split')
2025-04-16 17:53:19 info: =================================
2025-04-16 17:53:19 info: ======= ENV: development =======
2025-04-16 17:53:19 info: 🚀 App listening on the port 5601
2025-04-16 17:53:19 info: =================================
2025-04-16 17:53:21 info: =================================
2025-04-16 17:53:21 info: ======= ENV: development =======
2025-04-16 17:53:21 info: 🚀 App listening on the port 5601
2025-04-16 17:53:21 info: =================================
2025-04-16 17:53:29 info: =================================
2025-04-16 17:53:29 info: ======= ENV: development =======
2025-04-16 17:53:29 info: 🚀 App listening on the port 5601
2025-04-16 17:53:29 info: =================================
2025-04-16 17:53:31 info: =================================
2025-04-16 17:53:31 info: ======= ENV: development =======
2025-04-16 17:53:31 info: 🚀 App listening on the port 5601
2025-04-16 17:53:31 info: =================================
2025-04-16 17:53:46 info: =================================
2025-04-16 17:53:46 info: ======= ENV: development =======
2025-04-16 17:53:46 info: 🚀 App listening on the port 5601
2025-04-16 17:53:46 info: =================================
2025-04-16 17:53:51 info: =================================
2025-04-16 17:53:51 info: ======= ENV: development =======
2025-04-16 17:53:51 info: 🚀 App listening on the port 5601
2025-04-16 17:53:51 info: =================================
2025-04-16 17:54:03 info: =================================
2025-04-16 17:54:03 info: ======= ENV: development =======
2025-04-16 17:54:03 info: 🚀 App listening on the port 5601
2025-04-16 17:54:03 info: =================================
2025-04-16 17:54:05 info: =================================
2025-04-16 17:54:05 info: ======= ENV: development =======
2025-04-16 17:54:05 info: 🚀 App listening on the port 5601
2025-04-16 17:54:05 info: =================================
2025-04-16 17:54:14 info: =================================
2025-04-16 17:54:14 info: ======= ENV: development =======
2025-04-16 17:54:14 info: 🚀 App listening on the port 5601
2025-04-16 17:54:14 info: =================================
2025-04-16 17:54:27 info: =================================
2025-04-16 17:54:27 info: ======= ENV: development =======
2025-04-16 17:54:27 info: 🚀 App listening on the port 5601
2025-04-16 17:54:27 info: =================================
2025-04-16 17:54:32 info: =================================
2025-04-16 17:54:32 info: ======= ENV: development =======
2025-04-16 17:54:32 info: 🚀 App listening on the port 5601
2025-04-16 17:54:32 info: =================================
2025-04-16 17:54:37 info: =================================
2025-04-16 17:54:37 info: ======= ENV: development =======
2025-04-16 17:54:37 info: 🚀 App listening on the port 5601
2025-04-16 17:54:37 info: =================================
2025-04-16 17:55:35 info: =================================
2025-04-16 17:55:35 info: ======= ENV: development =======
2025-04-16 17:55:35 info: 🚀 App listening on the port 5601
2025-04-16 17:55:35 info: =================================
2025-04-16 17:55:40 info: =================================
2025-04-16 17:55:40 info: ======= ENV: development =======
2025-04-16 17:55:40 info: 🚀 App listening on the port 5601
2025-04-16 17:55:40 info: =================================
2025-04-16 17:55:42 info: =================================
2025-04-16 17:55:42 info: ======= ENV: development =======
2025-04-16 17:55:42 info: 🚀 App listening on the port 5601
2025-04-16 17:55:42 info: =================================
2025-04-16 17:55:44 info: =================================
2025-04-16 17:55:44 info: ======= ENV: development =======
2025-04-16 17:55:44 info: 🚀 App listening on the port 5601
2025-04-16 17:55:44 info: =================================
2025-04-16 17:58:17 info: =================================
2025-04-16 17:58:17 info: ======= ENV: development =======
2025-04-16 17:58:17 info: 🚀 App listening on the port 5601
2025-04-16 17:58:17 info: =================================
