2025-04-20 16:33:27 info: =================================
2025-04-20 16:33:27 info: ======= ENV: development =======
2025-04-20 16:33:27 info: 🚀 App listening on the port 5601
2025-04-20 16:33:27 info: =================================
2025-04-20 16:58:13 error: [POST] /tenant >> StatusCode:: 500, Message:: Cast to ObjectId failed for value "" (type string) at path "_id" for model "Apartment"
2025-04-20 17:02:46 error: [POST] /tenant >> StatusCode:: 500, Message:: E11000 duplicate key error collection: RentEase.tenants index: username_1 dup key: { username: null }
2025-04-20 17:04:20 info: =================================
2025-04-20 17:04:20 info: ======= ENV: development =======
2025-04-20 17:04:20 info: 🚀 App listening on the port 5601
2025-04-20 17:04:20 info: =================================
2025-04-20 17:05:08 info: =================================
2025-04-20 17:05:08 info: ======= ENV: development =======
2025-04-20 17:05:08 info: 🚀 App listening on the port 5601
2025-04-20 17:05:08 info: =================================
2025-04-20 17:06:09 info: =================================
2025-04-20 17:06:09 info: ======= ENV: development =======
2025-04-20 17:06:09 info: 🚀 App listening on the port 5601
2025-04-20 17:06:09 info: =================================
2025-04-20 17:06:13 info: =================================
2025-04-20 17:06:13 info: ======= ENV: development =======
2025-04-20 17:06:13 info: 🚀 App listening on the port 5601
2025-04-20 17:06:13 info: =================================
2025-04-20 17:06:18 info: =================================
2025-04-20 17:06:18 info: ======= ENV: development =======
2025-04-20 17:06:18 info: 🚀 App listening on the port 5601
2025-04-20 17:06:18 info: =================================
2025-04-20 17:06:23 info: =================================
2025-04-20 17:06:23 info: ======= ENV: development =======
2025-04-20 17:06:23 info: 🚀 App listening on the port 5601
2025-04-20 17:06:23 info: =================================
2025-04-20 17:07:53 error: [POST] /tenant >> StatusCode:: 500, Message:: E11000 duplicate key error collection: RentEase.tenants index: username_1 dup key: { username: null }
2025-04-20 17:08:17 error: [POST] /tenant >> StatusCode:: 500, Message:: E11000 duplicate key error collection: RentEase.tenants index: username_1 dup key: { username: null }
2025-04-20 17:13:34 error: [POST] /tenant >> StatusCode:: 500, Message:: E11000 duplicate key error collection: RentEase.tenants index: email_1 dup key: { email: "moomle0000@gmail.com" }
2025-04-20 17:25:23 error: [POST] /Apartment >> StatusCode:: 500, Message:: Apartment validation failed: utilitiesIncluded: Path `utilitiesIncluded` is required.
2025-04-20 17:41:34 info: =================================
2025-04-20 17:41:34 info: ======= ENV: development =======
2025-04-20 17:41:34 info: 🚀 App listening on the port 5601
2025-04-20 17:41:34 info: =================================
