2026-07-26 03:56:01 error: uncaughtException: connect ECONNREFUSED 192.168.100.157:27017
MongooseServerSelectionError: connect ECONNREFUSED 192.168.100.157:27017
    at NativeConnection.Connection.openUri (D:\Developer Code\js\LM createor\express-upload\node_modules\mongoose\lib\connection.js:825:32)
    at D:\Developer Code\js\LM createor\express-upload\node_modules\mongoose\lib\index.js:414:10
    at D:\Developer Code\js\LM createor\express-upload\node_modules\mongoose\lib\helpers\promiseOrCallback.js:41:5
    at new Promise (<anonymous>)
    at promiseOrCallback (D:\Developer Code\js\LM createor\express-upload\node_modules\mongoose\lib\helpers\promiseOrCallback.js:40:10)
    at Mongoose._promiseOrCallback (D:\Developer Code\js\LM createor\express-upload\node_modules\mongoose\lib\index.js:1290:10)
    at Mongoose.connect (D:\Developer Code\js\LM createor\express-upload\node_modules\mongoose\lib\index.js:413:20)
    at dbConnection (D:\Developer Code\js\LM createor\express-upload\src\database\index.ts:24:31)
    at App.connectToDatabase (D:\Developer Code\js\LM createor\express-upload\src\app.ts:46:23)
    at new App (D:\Developer Code\js\LM createor\express-upload\src\app.ts:26:10)
2026-07-26 03:56:39 error: uncaughtException: connect ECONNREFUSED 192.168.100.157:27017
MongooseServerSelectionError: connect ECONNREFUSED 192.168.100.157:27017
    at NativeConnection.Connection.openUri (D:\Developer Code\js\LM createor\express-upload\node_modules\mongoose\lib\connection.js:825:32)
    at D:\Developer Code\js\LM createor\express-upload\node_modules\mongoose\lib\index.js:414:10
    at D:\Developer Code\js\LM createor\express-upload\node_modules\mongoose\lib\helpers\promiseOrCallback.js:41:5
    at new Promise (<anonymous>)
    at promiseOrCallback (D:\Developer Code\js\LM createor\express-upload\node_modules\mongoose\lib\helpers\promiseOrCallback.js:40:10)
    at Mongoose._promiseOrCallback (D:\Developer Code\js\LM createor\express-upload\node_modules\mongoose\lib\index.js:1290:10)
    at Mongoose.connect (D:\Developer Code\js\LM createor\express-upload\node_modules\mongoose\lib\index.js:413:20)
    at dbConnection (D:\Developer Code\js\LM createor\express-upload\src\database\index.ts:32:31)
    at App.connectToDatabase (D:\Developer Code\js\LM createor\express-upload\src\app.ts:46:23)
    at new App (D:\Developer Code\js\LM createor\express-upload\src\app.ts:26:10)
